../Middlewares/ST/STM32_USB_Host_Library/Class/CDC/Src/usbh_cdc.c:422:27:USBH_CDC_SOFProcess	0	static
../Middlewares/ST/STM32_USB_Host_Library/Class/CDC/Src/usbh_cdc.c:267:27:USBH_CDC_InterfaceDeInit	16	static
../Middlewares/ST/STM32_USB_Host_Library/Class/CDC/Src/usbh_cdc.c:151:27:USBH_CDC_InterfaceInit	40	static
../Middlewares/ST/STM32_USB_Host_Library/Class/CDC/Src/usbh_cdc.c:308:27:USBH_CDC_ClassRequest	16	static
../Middlewares/ST/STM32_USB_Host_Library/Class/CDC/Src/usbh_cdc.c:437:21:USBH_CDC_Stop	16	static
../Middlewares/ST/STM32_USB_Host_Library/Class/CDC/Src/usbh_cdc.c:501:20:USBH_CDC_SetLineCoding	0	static
../Middlewares/ST/STM32_USB_Host_Library/Class/CDC/Src/usbh_cdc.c:529:21:USBH_CDC_GetLineCoding	0	static
../Middlewares/ST/STM32_USB_Host_Library/Class/CDC/Src/usbh_cdc.c:550:10:USBH_CDC_GetLastReceivedDataSize	8	static
../Middlewares/ST/STM32_USB_Host_Library/Class/CDC/Src/usbh_cdc.c:572:21:USBH_CDC_Transmit	0	static
../Middlewares/ST/STM32_USB_Host_Library/Class/CDC/Src/usbh_cdc.c:603:21:USBH_CDC_Receive	0	static
../Middlewares/ST/STM32_USB_Host_Library/Class/CDC/Src/usbh_cdc.c:787:13:USBH_CDC_TransmitCallback	0	static
../Middlewares/ST/STM32_USB_Host_Library/Class/CDC/Src/usbh_cdc.c:798:13:USBH_CDC_ReceiveCallback	0	static
../Middlewares/ST/STM32_USB_Host_Library/Class/CDC/Src/usbh_cdc.c:809:13:USBH_CDC_LineCodingChanged	0	static
../Middlewares/ST/STM32_USB_Host_Library/Class/CDC/Src/usbh_cdc.c:338:27:USBH_CDC_Process	24	static
