ASxxxx Linker V03.00 + NoICE + sdld,  page 1.
Hexadecimal  [32-Bits]

Area                                    Addr        Size        Decimal Bytes (Attributes)
--------------------------------        ----        ----        ------- ----- ------------
CABS                                00000000    00000000 =           0. bytes (ABS,CON,CODE)

      Value  Global                              Global Defined In Module
      -----  --------------------------------   ------------------------
C:   00000000  l_BIT_BANK                      
C:   00000000  l_CABS                          
C:   00000000  l_GSINIT                        
C:   00000000  l_GSINIT1                       
C:   00000000  l_GSINIT5                       
C:   00000000  l_IABS                          
C:   00000000  l_ISEG                          
C:   00000000  l_PSEG                          
C:   00000000  l_REG_BANK_1                    
C:   00000000  l_REG_BANK_2                    
C:   00000000  l_REG_BANK_3                    
C:   00000000  l_RSEG                          
C:   00000000  l_RSEG0                         
C:   00000000  l_RSEG1                         
C:   00000000  l_XABS                          
C:   00000000  l_XINIT                         
C:   00000000  l_XISEG                         
C:   00000000  l__CODE                         
C:   00000000  s_BSEG                          
C:   00000000  s_CABS                          
C:   00000000  s_DSEG                          
C:   00000000  s_IABS                          
C:   00000000  s_ISEG                          
C:   00000000  s_REG_BANK_0                    
C:   00000000  s_RSEG                          
C:   00000000  s_RSEG0                         
C:   00000000  s_RSEG1                         
C:   00000000  s_XABS                          
C:   00000001  l_BSEG_BYTES                    
C:   00000001  l_OSEG                          
C:   00000003  l_BSEG                          
C:   00000003  l_GSFINAL                       
C:   00000003  l_GSINIT0                       
C:   00000006  l_HOME                          
C:   00000008  l_REG_BANK_0                    
C:   00000008  s_REG_BANK_1                    
C:   0000000A  l_GSINIT2                       
C:   00000010  s_REG_BANK_2                    
C:   00000018  s_BIT_BANK                      
C:   00000018  s_REG_BANK_3                    
C:   00000019  s_OSEG                          
C:   00000020  s_BSEG_BYTES                    
C:   00000020  s__CODE                         
C:   00000021  s_SSEG                          
C:   00000022  l_GSINIT3                       
C:   0000002A  l_GSINIT4                       
C:   0000007A  l_DSEG                          
C:   000000AC  l_XSEG                          
C:   000000DF  l_SSEG                          
C:   00000100  l_IRAM                          
ASxxxx Linker V03.00 + NoICE + sdld,  page 2.
Hexadecimal  [32-Bits]

Area                                    Addr        Size        Decimal Bytes (Attributes)
--------------------------------        ----        ----        ------- ----- ------------
CABS                                00000000    00000000 =           0. bytes (ABS,CON,CODE)

      Value  Global                              Global Defined In Module
      -----  --------------------------------   ------------------------
C:   00000400  s_PSEG                          
C:   00000400  s_XSEG                          
C:   000004AC  s_XISEG                         
C:   00000775  l_CONST                         
C:   00001C05  l_CSEG                          
C:   00002000  s_HOME                          
C:   00002006  s_GSINIT0                       
C:   00002009  s_GSINIT1                       
C:   00002009  s_GSINIT2                       
C:   00002013  s_GSINIT3                       
C:   00002035  s_GSINIT4                       
C:   0000205F  s_GSFINAL                       
C:   0000205F  s_GSINIT                        
C:   0000205F  s_GSINIT5                       
C:   00002062  s_CSEG                          
C:   00003C67  s_CONST                         
C:   000043DC  s_XINIT                         

ASxxxx Linker V03.00 + NoICE + sdld,  page 3.
Hexadecimal  [32-Bits]

Area                                    Addr        Size        Decimal Bytes (Attributes)
--------------------------------        ----        ----        ------- ----- ------------
.  .ABS.                            00000000    00000000 =           0. bytes (ABS,CON)

      Value  Global                              Global Defined In Module
      -----  --------------------------------   ------------------------
     00000000  .__.ABS.                           _gptrget
     00000080  G$P0$0_0$0                         uart
     00000080  G$P0_0$0_0$0                       uart
     00000080  _P0                                uart
     00000080  _P0_0                              uart
     00000081  G$P0_1$0_0$0                       uart
     00000081  G$SP$0_0$0                         uart
     00000081  _P0_1                              uart
     00000081  _SP                                uart
     00000082  G$DP0L$0_0$0                       uart
     00000082  G$DPL$0_0$0                        uart
     00000082  G$P0_2$0_0$0                       uart
     00000082  _DP0L                              uart
     00000082  _DPL                               uart
     00000082  _P0_2                              uart
     00000083  G$DP0H$0_0$0                       uart
     00000083  G$DPH$0_0$0                        uart
     00000083  G$P0_3$0_0$0                       uart
     00000083  _DP0H                              uart
     00000083  _DPH                               uart
     00000083  _P0_3                              uart
     00000084  G$P0_4$0_0$0                       uart
     00000084  _P0_4                              uart
     00000085  G$P0_5$0_0$0                       uart
     00000085  _P0_5                              uart
     00000086  G$P0_6$0_0$0                       uart
     00000086  _P0_6                              uart
     00000087  G$P0_7$0_0$0                       uart
     00000087  G$PCON$0_0$0                       uart
     00000087  _P0_7                              uart
     00000087  _PCON                              uart
     00000088  G$IT0$0_0$0                        uart
     00000088  G$TCON$0_0$0                       uart
     00000088  _IT0                               uart
     00000088  _TCON                              uart
     00000089  G$IE0$0_0$0                        uart
     00000089  G$TMOD$0_0$0                       uart
     00000089  _IE0                               uart
     00000089  _TMOD                              uart
     0000008A  G$IT1$0_0$0                        uart
     0000008A  G$TL0$0_0$0                        uart
     0000008A  _IT1                               uart
     0000008A  _TL0                               uart
     0000008B  G$IE1$0_0$0                        uart
     0000008B  G$TL1$0_0$0                        uart
     0000008B  _IE1                               uart
     0000008B  _TL1                               uart
     0000008C  G$TH0$0_0$0                        uart
     0000008C  G$TR0$0_0$0                        uart
     0000008C  _TH0                               uart
ASxxxx Linker V03.00 + NoICE + sdld,  page 4.
Hexadecimal  [32-Bits]

Area                                    Addr        Size        Decimal Bytes (Attributes)
--------------------------------        ----        ----        ------- ----- ------------
.  .ABS.                            00000000    00000000 =           0. bytes (ABS,CON)

      Value  Global                              Global Defined In Module
      -----  --------------------------------   ------------------------
     0000008C  _TR0                               uart
     0000008D  G$TF0$0_0$0                        uart
     0000008D  G$TH1$0_0$0                        uart
     0000008D  _TF0                               uart
     0000008D  _TH1                               uart
     0000008E  G$AUXR$0_0$0                       uart
     0000008E  G$TR1$0_0$0                        uart
     0000008E  _AUXR                              uart
     0000008E  _TR1                               uart
     0000008F  G$CKCON0$0_0$0                     uart
     0000008F  G$TF1$0_0$0                        uart
     0000008F  _CKCON0                            uart
     0000008F  _TF1                               uart
     00000090  G$P1$0_0$0                         uart
     00000090  G$P1_0$0_0$0                       uart
     00000090  _P1                                uart
     00000090  _P1_0                              uart
     00000091  G$P1_1$0_0$0                       uart
     00000091  _P1_1                              uart
     00000092  G$P1_2$0_0$0                       uart
     00000092  _P1_2                              uart
     00000093  G$P1_3$0_0$0                       uart
     00000093  _P1_3                              uart
     00000094  G$P1_4$0_0$0                       uart
     00000094  _P1_4                              uart
     00000095  G$P1_5$0_0$0                       uart
     00000095  _P1_5                              uart
     00000096  G$P1_6$0_0$0                       uart
     00000096  _P1_6                              uart
     00000097  G$CKRL$0_0$0                       uart
     00000097  G$P1_7$0_0$0                       uart
     00000097  _CKRL                              uart
     00000097  _P1_7                              uart
     00000098  G$RI$0_0$0                         uart
     00000098  G$SCON$0_0$0                       uart
     00000098  _RI                                uart
     00000098  _SCON                              uart
     00000099  G$SBUF$0_0$0                       uart
     00000099  G$SBUF0$0_0$0                      uart
     00000099  G$TI$0_0$0                         uart
     00000099  _SBUF                              uart
     00000099  _SBUF0                             uart
     00000099  _TI                                uart
     0000009A  G$BRL$0_0$0                        uart
     0000009A  G$RB8$0_0$0                        uart
     0000009A  _BRL                               uart
     0000009A  _RB8                               uart
     0000009B  G$BDRCON$0_0$0                     uart
     0000009B  G$TB8$0_0$0                        uart
     0000009B  _BDRCON                            uart
     0000009B  _TB8                               uart
ASxxxx Linker V03.00 + NoICE + sdld,  page 5.
Hexadecimal  [32-Bits]

Area                                    Addr        Size        Decimal Bytes (Attributes)
--------------------------------        ----        ----        ------- ----- ------------
.  .ABS.                            00000000    00000000 =           0. bytes (ABS,CON)

      Value  Global                              Global Defined In Module
      -----  --------------------------------   ------------------------
     0000009C  G$KBLS$0_0$0                       uart
     0000009C  G$REN$0_0$0                        uart
     0000009C  _KBLS                              uart
     0000009C  _REN                               uart
     0000009D  G$KBE$0_0$0                        uart
     0000009D  G$SM2$0_0$0                        uart
     0000009D  _KBE                               uart
     0000009D  _SM2                               uart
     0000009E  G$KBF$0_0$0                        uart
     0000009E  G$SM1$0_0$0                        uart
     0000009E  _KBF                               uart
     0000009E  _SM1                               uart
     0000009F  G$SM0$0_0$0                        uart
     0000009F  _SM0                               uart
     000000A0  G$P2$0_0$0                         uart
     000000A0  G$P2_0$0_0$0                       uart
     000000A0  _P2                                uart
     000000A0  _P2_0                              uart
     000000A0  __XPAGE                            
     000000A1  G$P2_1$0_0$0                       uart
     000000A1  _P2_1                              uart
     000000A2  G$AUXR1$0_0$0                      uart
     000000A2  G$P2_2$0_0$0                       uart
     000000A2  _AUXR1                             uart
     000000A2  _P2_2                              uart
     000000A3  G$P2_3$0_0$0                       uart
     000000A3  _P2_3                              uart
     000000A4  G$P2_4$0_0$0                       uart
     000000A4  _P2_4                              uart
     000000A5  G$P2_5$0_0$0                       uart
     000000A5  _P2_5                              uart
     000000A6  G$P2_6$0_0$0                       uart
     000000A6  G$WDTRST$0_0$0                     uart
     000000A6  _P2_6                              uart
     000000A6  _WDTRST                            uart
     000000A7  G$P2_7$0_0$0                       uart
     000000A7  G$WDTPRG$0_0$0                     uart
     000000A7  _P2_7                              uart
     000000A7  _WDTPRG                            uart
     000000A8  G$EX0$0_0$0                        uart
     000000A8  G$IE$0_0$0                         uart
     000000A8  G$IEN0$0_0$0                       uart
     000000A8  _EX0                               uart
     000000A8  _IE                                uart
     000000A8  _IEN0                              uart
     000000A9  G$ET0$0_0$0                        uart
     000000A9  G$SADDR$0_0$0                      uart
     000000A9  _ET0                               uart
     000000A9  _SADDR                             uart
     000000AA  G$EX1$0_0$0                        uart
     000000AA  _EX1                               uart
ASxxxx Linker V03.00 + NoICE + sdld,  page 6.
Hexadecimal  [32-Bits]

Area                                    Addr        Size        Decimal Bytes (Attributes)
--------------------------------        ----        ----        ------- ----- ------------
.  .ABS.                            00000000    00000000 =           0. bytes (ABS,CON)

      Value  Global                              Global Defined In Module
      -----  --------------------------------   ------------------------
     000000AB  G$ET1$0_0$0                        uart
     000000AB  _ET1                               uart
     000000AC  G$ES$0_0$0                         uart
     000000AC  _ES                                uart
     000000AD  G$ET2$0_0$0                        uart
     000000AD  _ET2                               uart
     000000AE  G$EC$0_0$0                         uart
     000000AE  _EC                                uart
     000000AF  G$CKCON1$0_0$0                     uart
     000000AF  G$EA$0_0$0                         uart
     000000AF  _CKCON1                            uart
     000000AF  _EA                                uart
     000000B0  G$P3$0_0$0                         uart
     000000B0  G$P3_0$0_0$0                       uart
     000000B0  G$RXD$0_0$0                        uart
     000000B0  G$RXD0$0_0$0                       uart
     000000B0  _P3                                uart
     000000B0  _P3_0                              uart
     000000B0  _RXD                               uart
     000000B0  _RXD0                              uart
     000000B1  G$IEN1$0_0$0                       uart
     000000B1  G$P3_1$0_0$0                       uart
     000000B1  G$TXD$0_0$0                        uart
     000000B1  G$TXD0$0_0$0                       uart
     000000B1  _IEN1                              uart
     000000B1  _P3_1                              uart
     000000B1  _TXD                               uart
     000000B1  _TXD0                              uart
     000000B2  G$INT0$0_0$0                       uart
     000000B2  G$IPL1$0_0$0                       uart
     000000B2  G$P3_2$0_0$0                       uart
     000000B2  _INT0                              uart
     000000B2  _IPL1                              uart
     000000B2  _P3_2                              uart
     000000B3  G$INT1$0_0$0                       uart
     000000B3  G$IPH1$0_0$0                       uart
     000000B3  G$P3_3$0_0$0                       uart
     000000B3  _INT1                              uart
     000000B3  _IPH1                              uart
     000000B3  _P3_3                              uart
     000000B4  G$P3_4$0_0$0                       uart
     000000B4  G$T0$0_0$0                         uart
     000000B4  _P3_4                              uart
     000000B4  _T0                                uart
     000000B5  G$P3_5$0_0$0                       uart
     000000B5  G$T1$0_0$0                         uart
     000000B5  _P3_5                              uart
     000000B5  _T1                                uart
     000000B6  G$P3_6$0_0$0                       uart
     000000B6  G$WR$0_0$0                         uart
     000000B6  _P3_6                              uart
ASxxxx Linker V03.00 + NoICE + sdld,  page 7.
Hexadecimal  [32-Bits]

Area                                    Addr        Size        Decimal Bytes (Attributes)
--------------------------------        ----        ----        ------- ----- ------------
.  .ABS.                            00000000    00000000 =           0. bytes (ABS,CON)

      Value  Global                              Global Defined In Module
      -----  --------------------------------   ------------------------
     000000B6  _WR                                uart
     000000B7  G$IPH0$0_0$0                       uart
     000000B7  G$P3_7$0_0$0                       uart
     000000B7  G$RD$0_0$0                         uart
     000000B7  _IPH0                              uart
     000000B7  _P3_7                              uart
     000000B7  _RD                                uart
     000000B8  G$IP$0_0$0                         uart
     000000B8  G$IPL0$0_0$0                       uart
     000000B8  G$PX0$0_0$0                        uart
     000000B8  G$PX0L$0_0$0                       uart
     000000B8  _IP                                uart
     000000B8  _IPL0                              uart
     000000B8  _PX0                               uart
     000000B8  _PX0L                              uart
     000000B9  G$PT0$0_0$0                        uart
     000000B9  G$PT0L$0_0$0                       uart
     000000B9  G$SADEN$0_0$0                      uart
     000000B9  _PT0                               uart
     000000B9  _PT0L                              uart
     000000B9  _SADEN                             uart
     000000BA  G$PX1$0_0$0                        uart
     000000BA  G$PX1L$0_0$0                       uart
     000000BA  _PX1                               uart
     000000BA  _PX1L                              uart
     000000BB  G$PT1$0_0$0                        uart
     000000BB  G$PT1L$0_0$0                       uart
     000000BB  _PT1                               uart
     000000BB  _PT1L                              uart
     000000BC  G$PLS$0_0$0                        i2c
     000000BC  G$PS$0_0$0                         uart
     000000BC  G$PSL$0_0$0                        uart
     000000BC  _PLS                               i2c
     000000BC  _PS                                uart
     000000BC  _PSL                               uart
     000000BD  G$PT2$0_0$0                        uart
     000000BD  G$PT2L$0_0$0                       uart
     000000BD  _PT2                               uart
     000000BD  _PT2L                              uart
     000000BE  G$PPCL$0_0$0                       uart
     000000BE  _PPCL                              uart
     000000C0  G$P4$0_0$0                         uart
     000000C0  G$P4_0$0_0$0                       uart
     000000C0  _P4                                uart
     000000C0  _P4_0                              uart
     000000C1  G$P4_1$0_0$0                       uart
     000000C1  _P4_1                              uart
     000000C2  G$P4_2$0_0$0                       uart
     000000C2  _P4_2                              uart
     000000C3  G$P4_3$0_0$0                       uart
     000000C3  G$SPCON$0_0$0                      uart
ASxxxx Linker V03.00 + NoICE + sdld,  page 8.
Hexadecimal  [32-Bits]

Area                                    Addr        Size        Decimal Bytes (Attributes)
--------------------------------        ----        ----        ------- ----- ------------
.  .ABS.                            00000000    00000000 =           0. bytes (ABS,CON)

      Value  Global                              Global Defined In Module
      -----  --------------------------------   ------------------------
     000000C3  _P4_3                              uart
     000000C3  _SPCON                             uart
     000000C4  G$P4_4$0_0$0                       uart
     000000C4  G$SPSTA$0_0$0                      uart
     000000C4  _P4_4                              uart
     000000C4  _SPSTA                             uart
     000000C5  G$P4_5$0_0$0                       uart
     000000C5  G$SPDAT$0_0$0                      uart
     000000C5  _P4_5                              uart
     000000C5  _SPDAT                             uart
     000000C6  G$P4_6$0_0$0                       uart
     000000C6  _P4_6                              uart
     000000C7  G$P4_7$0_0$0                       uart
     000000C7  _P4_7                              uart
     000000C8  G$CP_RL2$0_0$0                     uart
     000000C8  G$T2CON$0_0$0                      uart
     000000C8  G$T2CON_0$0_0$0                    uart
     000000C8  _CP_RL2                            uart
     000000C8  _T2CON                             uart
     000000C8  _T2CON_0                           uart
     000000C9  G$C_T2$0_0$0                       uart
     000000C9  G$T2CON_1$0_0$0                    uart
     000000C9  G$T2MOD$0_0$0                      uart
     000000C9  _C_T2                              uart
     000000C9  _T2CON_1                           uart
     000000C9  _T2MOD                             uart
     000000CA  G$RCAP2L$0_0$0                     uart
     000000CA  G$T2CON_2$0_0$0                    uart
     000000CA  G$TR2$0_0$0                        uart
     000000CA  _RCAP2L                            uart
     000000CA  _T2CON_2                           uart
     000000CA  _TR2                               uart
     000000CB  G$EXEN2$0_0$0                      uart
     000000CB  G$RCAP2H$0_0$0                     uart
     000000CB  G$T2CON_3$0_0$0                    uart
     000000CB  _EXEN2                             uart
     000000CB  _RCAP2H                            uart
     000000CB  _T2CON_3                           uart
     000000CC  G$T2CON_4$0_0$0                    uart
     000000CC  G$TCLK$0_0$0                       uart
     000000CC  G$TL2$0_0$0                        uart
     000000CC  _T2CON_4                           uart
     000000CC  _TCLK                              uart
     000000CC  _TL2                               uart
     000000CD  G$RCLK$0_0$0                       uart
     000000CD  G$T2CON_5$0_0$0                    uart
     000000CD  G$TH2$0_0$0                        uart
     000000CD  _RCLK                              uart
     000000CD  _T2CON_5                           uart
     000000CD  _TH2                               uart
     000000CE  G$EXF2$0_0$0                       uart
ASxxxx Linker V03.00 + NoICE + sdld,  page 9.
Hexadecimal  [32-Bits]

Area                                    Addr        Size        Decimal Bytes (Attributes)
--------------------------------        ----        ----        ------- ----- ------------
.  .ABS.                            00000000    00000000 =           0. bytes (ABS,CON)

      Value  Global                              Global Defined In Module
      -----  --------------------------------   ------------------------
     000000CE  G$T2CON_6$0_0$0                    uart
     000000CE  _EXF2                              uart
     000000CE  _T2CON_6                           uart
     000000CF  G$T2CON_7$0_0$0                    uart
     000000CF  G$TF2$0_0$0                        uart
     000000CF  _T2CON_7                           uart
     000000CF  _TF2                               uart
     000000D0  G$P$0_0$0                          uart
     000000D0  G$PSW$0_0$0                        uart
     000000D0  _P                                 uart
     000000D0  _PSW                               uart
     000000D1  G$F1$0_0$0                         uart
     000000D1  _F1                                uart
     000000D2  G$EECON$0_0$0                      uart
     000000D2  G$OV$0_0$0                         uart
     000000D2  _EECON                             uart
     000000D2  _OV                                uart
     000000D3  G$RS0$0_0$0                        uart
     000000D3  _RS0                               uart
     000000D4  G$RS1$0_0$0                        uart
     000000D4  _RS1                               uart
     000000D5  G$F0$0_0$0                         uart
     000000D5  _F0                                uart
     000000D6  G$AC$0_0$0                         uart
     000000D6  _AC                                uart
     000000D7  G$CY$0_0$0                         uart
     000000D7  _CY                                uart
     000000D8  G$CCF0$0_0$0                       uart
     000000D8  G$CCON$0_0$0                       uart
     000000D8  _CCF0                              uart
     000000D8  _CCON                              uart
     000000D9  G$CCF1$0_0$0                       uart
     000000D9  G$CMOD$0_0$0                       uart
     000000D9  _CCF1                              uart
     000000D9  _CMOD                              uart
     000000DA  G$CCAPM0$0_0$0                     uart
     000000DA  G$CCF2$0_0$0                       uart
     000000DA  _CCAPM0                            uart
     000000DA  _CCF2                              uart
     000000DB  G$CCAPM1$0_0$0                     uart
     000000DB  G$CCF3$0_0$0                       uart
     000000DB  _CCAPM1                            uart
     000000DB  _CCF3                              uart
     000000DC  G$CCAPM2$0_0$0                     uart
     000000DC  G$CCF4$0_0$0                       uart
     000000DC  _CCAPM2                            uart
     000000DC  _CCF4                              uart
     000000DD  G$CCAPM3$0_0$0                     uart
     000000DD  _CCAPM3                            uart
     000000DE  G$CCAPM4$0_0$0                     uart
     000000DE  G$CR$0_0$0                         uart
ASxxxx Linker V03.00 + NoICE + sdld,  page 10.
Hexadecimal  [32-Bits]

Area                                    Addr        Size        Decimal Bytes (Attributes)
--------------------------------        ----        ----        ------- ----- ------------
.  .ABS.                            00000000    00000000 =           0. bytes (ABS,CON)

      Value  Global                              Global Defined In Module
      -----  --------------------------------   ------------------------
     000000DE  _CCAPM4                            uart
     000000DE  _CR                                uart
     000000DF  G$CF$0_0$0                         uart
     000000DF  _CF                                uart
     000000E0  G$ACC$0_0$0                        uart
     000000E0  _ACC                               uart
     000000E8  G$P5$0_0$0                         uart
     000000E8  G$P5_0$0_0$0                       uart
     000000E8  _P5                                uart
     000000E8  _P5_0                              uart
     000000E9  G$CL$0_0$0                         uart
     000000E9  G$P5_1$0_0$0                       uart
     000000E9  _CL                                uart
     000000E9  _P5_1                              uart
     000000EA  G$CCAP0L$0_0$0                     uart
     000000EA  G$P5_2$0_0$0                       uart
     000000EA  _CCAP0L                            uart
     000000EA  _P5_2                              uart
     000000EB  G$CCAP1L$0_0$0                     uart
     000000EB  G$P5_3$0_0$0                       uart
     000000EB  _CCAP1L                            uart
     000000EB  _P5_3                              uart
     000000EC  G$CCAP2L$0_0$0                     uart
     000000EC  G$P5_4$0_0$0                       uart
     000000EC  _CCAP2L                            uart
     000000EC  _P5_4                              uart
     000000ED  G$CCAP3L$0_0$0                     uart
     000000ED  G$P5_5$0_0$0                       uart
     000000ED  _CCAP3L                            uart
     000000ED  _P5_5                              uart
     000000EE  G$CCAP4L$0_0$0                     uart
     000000EE  G$P5_6$0_0$0                       uart
     000000EE  _CCAP4L                            uart
     000000EE  _P5_6                              uart
     000000EF  G$P5_7$0_0$0                       uart
     000000EF  _P5_7                              uart
     000000F0  G$B$0_0$0                          uart
     000000F0  G$BREG_F0$0_0$0                    uart
     000000F0  _B                                 uart
     000000F0  _BREG_F0                           uart
     000000F1  G$BREG_F1$0_0$0                    uart
     000000F1  _BREG_F1                           uart
     000000F2  G$BREG_F2$0_0$0                    uart
     000000F2  _BREG_F2                           uart
     000000F3  G$BREG_F3$0_0$0                    uart
     000000F3  _BREG_F3                           uart
     000000F4  G$BREG_F4$0_0$0                    uart
     000000F4  _BREG_F4                           uart
     000000F5  G$BREG_F5$0_0$0                    uart
     000000F5  _BREG_F5                           uart
     000000F5  _B_5                               _gptrget
ASxxxx Linker V03.00 + NoICE + sdld,  page 11.
Hexadecimal  [32-Bits]

Area                                    Addr        Size        Decimal Bytes (Attributes)
--------------------------------        ----        ----        ------- ----- ------------
.  .ABS.                            00000000    00000000 =           0. bytes (ABS,CON)

      Value  Global                              Global Defined In Module
      -----  --------------------------------   ------------------------
     000000F6  G$BREG_F6$0_0$0                    uart
     000000F6  _BREG_F6                           uart
     000000F6  _B_6                               _gptrget
     000000F7  G$BREG_F7$0_0$0                    uart
     000000F7  _BREG_F7                           uart
     000000F7  _B_7                               _gptrget
     000000F9  G$CH$0_0$0                         uart
     000000F9  _CH                                uart
     000000FA  G$CCAP0H$0_0$0                     uart
     000000FA  _CCAP0H                            uart
     000000FB  G$CCAP1H$0_0$0                     uart
     000000FB  _CCAP1H                            uart
     000000FC  G$CCAP2H$0_0$0                     uart
     000000FC  _CCAP2H                            uart
     000000FD  G$CCAP3H$0_0$0                     uart
     000000FD  _CCAP3H                            uart
     000000FE  G$CCAP4H$0_0$0                     uart
     000000FE  _CCAP4H                            uart

ASxxxx Linker V03.00 + NoICE + sdld,  page 12.
Hexadecimal  [32-Bits]

Area                                    Addr        Size        Decimal Bytes (Attributes)
--------------------------------        ----        ----        ------- ----- ------------
BSEG_BYTES                          00000020    00000001 =           1. bytes (REL,CON)

      Value  Global                              Global Defined In Module
      -----  --------------------------------   ------------------------
ASxxxx Linker V03.00 + NoICE + sdld,  page 13.
Hexadecimal  [32-Bits]

Area                                    Addr        Size        Decimal Bytes (Attributes)
--------------------------------        ----        ----        ------- ----- ------------
REG_BANK_0                          00000000    00000008 =           8. bytes (REL,OVR)

      Value  Global                              Global Defined In Module
      -----  --------------------------------   ------------------------
ASxxxx Linker V03.00 + NoICE + sdld,  page 14.
Hexadecimal  [32-Bits]

Area                                    Addr        Size        Decimal Bytes (Attributes)
--------------------------------        ----        ----        ------- ----- ------------
DSEG                                00000000    0000007A =         122. bytes (REL,CON)

      Value  Global                              Global Defined In Module
      -----  --------------------------------   ------------------------
     00000008  Luart.print_hex_number$sloc3$0_1   uart
     0000000A  Luart.print_hex_number$sloc4$0_1   uart
     0000000E  _bp                                _bp
ASxxxx Linker V03.00 + NoICE + sdld,  page 15.
Hexadecimal  [32-Bits]

Area                                    Addr        Size        Decimal Bytes (Attributes)
--------------------------------        ----        ----        ------- ----- ------------
OSEG                                00000019    00000001 =           1. bytes (REL,OVR)

      Value  Global                              Global Defined In Module
      -----  --------------------------------   ------------------------
ASxxxx Linker V03.00 + NoICE + sdld,  page 16.
Hexadecimal  [32-Bits]

Area                                    Addr        Size        Decimal Bytes (Attributes)
--------------------------------        ----        ----        ------- ----- ------------
SSEG                                00000021    000000DF =         223. bytes (REL,OVR)

      Value  Global                              Global Defined In Module
      -----  --------------------------------   ------------------------
     00000021  __start__stack                     main

ASxxxx Linker V03.00 + NoICE + sdld,  page 17.
Hexadecimal  [32-Bits]

Area                                    Addr        Size        Decimal Bytes (Attributes)
--------------------------------        ----        ----        ------- ----- ------------
XSEG                                00000400    000000AC =         172. bytes (REL,CON,XDATA)

      Value  Global                              Global Defined In Module
      -----  --------------------------------   ------------------------
D:   00000400  Lcommand_processing.EEPROM_hexum   command_processing
D:   00000400  _EEPROM_hexump_PARM_2              command_processing
D:   00000402  Lcommand_processing.EEPROM_hexum   command_processing
D:   00000404  Li2c.i2c_sda$value$1_0$33          i2c
D:   00000405  Li2c.i2c_scl$value$1_0$35          i2c
D:   00000406  Li2c.i2c_write_byte$data_byte$1_   i2c
D:   00000407  Li2c.i2c_read_byte$byte_value$1_   i2c
D:   00000408  Li2c.i2c_eeprom_write$data_byte$   i2c
D:   00000408  _i2c_eeprom_write_PARM_2           i2c
D:   00000409  Li2c.i2c_eeprom_write$address$1_   i2c
D:   0000040B  Li2c.i2c_eeprom_write$address_LS   i2c
D:   0000040C  Li2c.i2c_eeprom_read$address$1_0   i2c
D:   0000040E  Li2c.i2c_eeprom_read$address_LSB   i2c
D:   0000040F  Lstring_func.putchar$c$1_0$49      string_func
D:   00000411  Lstring_func.gets_$ch$1_0$51       string_func
D:   00000413  Lstring_func.puts_$ch$1_0$56       string_func
D:   00000415  Lstring_func.my_printf$text_ptr$   string_func
D:   00000417  Luart.int_to_char$num$1_0$68       uart
D:   00000419  Luart.int_to_char$hex_digits$1_0   uart
D:   0000042A  Luart.char_to_int$ch$1_0$71        uart
D:   0000042B  Luart.parse_user_input$base$1_0$   uart
D:   0000042C  Luart.parse_user_input$number$1_   uart
D:   0000042E  Luart.parse_user_input$digits$1_   uart
D:   00000456  Luart.parse_user_input$digit_cou   uart
D:   00000458  Luart.parse_user_input$current_c   uart
D:   0000045A  Luart.print_hex_number$width$1_0   uart
D:   0000045A  _print_hex_number_PARM_2           uart
D:   0000045B  Luart.print_hex_number$num$1_0$8   uart
D:   0000045F  Luart.print_hex_number$ascii_buf   uart
D:   00000469  Luart.print_hex_number$digit_cou   uart
D:   0000046A  Luart.print_colored$color_code$1   uart
D:   0000046A  _print_colored_PARM_2              uart
D:   0000046C  Luart.print_colored$str$1_0$93     uart
D:   0000046F  _strchr_PARM_2                     _strchr
D:   00000473  __mulint_PARM_2                    _mulint
D:   00000475  _vprintf_PARM_2                    vprintf
D:   0000048A  __print_format_PARM_2              printf_large
D:   0000048D  __print_format_PARM_3              printf_large
D:   00000490  __print_format_PARM_4              printf_large
ASxxxx Linker V03.00 + NoICE + sdld,  page 18.
Hexadecimal  [32-Bits]

Area                                    Addr        Size        Decimal Bytes (Attributes)
--------------------------------        ----        ----        ------- ----- ------------
HOME                                00002000    00000006 =           6. bytes (REL,CON,CODE)

      Value  Global                              Global Defined In Module
      -----  --------------------------------   ------------------------
C:   00002000  A$main$724                         main
C:   00002003  A$main$746                         main
C:   00002003  __sdcc_program_startup             main
ASxxxx Linker V03.00 + NoICE + sdld,  page 19.
Hexadecimal  [32-Bits]

Area                                    Addr        Size        Decimal Bytes (Attributes)
--------------------------------        ----        ----        ------- ----- ------------
GSINIT0                             00002006    00000003 =           3. bytes (REL,CON,CODE)

      Value  Global                              Global Defined In Module
      -----  --------------------------------   ------------------------
C:   00002006  __sdcc_gsinit_startup              

ASxxxx Linker V03.00 + NoICE + sdld,  page 20.
Hexadecimal  [32-Bits]

Area                                    Addr        Size        Decimal Bytes (Attributes)
--------------------------------        ----        ----        ------- ----- ------------
GSINIT2                             00002009    0000000A =          10. bytes (REL,CON,CODE)

      Value  Global                              Global Defined In Module
      -----  --------------------------------   ------------------------
ASxxxx Linker V03.00 + NoICE + sdld,  page 21.
Hexadecimal  [32-Bits]

Area                                    Addr        Size        Decimal Bytes (Attributes)
--------------------------------        ----        ----        ------- ----- ------------
GSINIT3                             00002013    00000022 =          34. bytes (REL,CON,CODE)

      Value  Global                              Global Defined In Module
      -----  --------------------------------   ------------------------
C:   00002013  __mcs51_genXINIT                   

ASxxxx Linker V03.00 + NoICE + sdld,  page 22.
Hexadecimal  [32-Bits]

Area                                    Addr        Size        Decimal Bytes (Attributes)
--------------------------------        ----        ----        ------- ----- ------------
GSINIT4                             00002035    0000002A =          42. bytes (REL,CON,CODE)

      Value  Global                              Global Defined In Module
      -----  --------------------------------   ------------------------
C:   00002035  __mcs51_genRAMCLEAR                
C:   0000203B  __mcs51_genXRAMCLEAR               

ASxxxx Linker V03.00 + NoICE + sdld,  page 23.
Hexadecimal  [32-Bits]

Area                                    Addr        Size        Decimal Bytes (Attributes)
--------------------------------        ----        ----        ------- ----- ------------
GSFINAL                             0000205F    00000003 =           3. bytes (REL,CON,CODE)

      Value  Global                              Global Defined In Module
      -----  --------------------------------   ------------------------
C:   0000205F  A$main$739                         main

ASxxxx Linker V03.00 + NoICE + sdld,  page 24.
Hexadecimal  [32-Bits]

Area                                    Addr        Size        Decimal Bytes (Attributes)
--------------------------------        ----        ----        ------- ----- ------------
CSEG                                00002062    00001C05 =        7173. bytes (REL,CON,CODE)

      Value  Global                              Global Defined In Module
      -----  --------------------------------   ------------------------
C:   00002062  A$command_processing$757           command_processing
C:   00002062  C$command_processing.c$45$0_0$95   command_processing
C:   00002062  C$command_processing.c$50$1_0$95   command_processing
C:   00002062  G$handler_wr_to_eeprom$0$0         command_processing
C:   00002062  _handler_wr_to_eeprom              command_processing
C:   00002064  A$command_processing$758           command_processing
C:   00002066  A$command_processing$759           command_processing
C:   00002068  A$command_processing$760           command_processing
C:   0000206A  A$command_processing$761           command_processing
C:   0000206D  A$command_processing$762           command_processing
C:   0000206F  A$command_processing$763           command_processing
C:   00002071  A$command_processing$766           command_processing
C:   00002071  C$command_processing.c$52$1_0$95   command_processing
C:   00002073  A$command_processing$767           command_processing
C:   00002075  A$command_processing$768           command_processing
C:   00002077  A$command_processing$769           command_processing
C:   00002079  A$command_processing$770           command_processing
C:   0000207C  A$command_processing$771           command_processing
C:   0000207E  A$command_processing$772           command_processing
C:   00002080  A$command_processing$775           command_processing
C:   00002080  C$command_processing.c$53$1_0$95   command_processing
C:   00002083  A$command_processing$776           command_processing
C:   00002086  A$command_processing$777           command_processing
C:   00002088  A$command_processing$778           command_processing
C:   0000208A  A$command_processing$781           command_processing
C:   0000208A  C$command_processing.c$56$1_0$95   command_processing
C:   0000208C  A$command_processing$782           command_processing
C:   0000208E  A$command_processing$783           command_processing
C:   0000208F  A$command_processing$784           command_processing
C:   00002091  A$command_processing$785           command_processing
C:   00002092  A$command_processing$786           command_processing
C:   00002093  A$command_processing$787           command_processing
C:   00002094  A$command_processing$788           command_processing
C:   00002096  A$command_processing$791           command_processing
C:   00002096  C$command_processing.c$61$2_0$97   command_processing
C:   00002098  A$command_processing$792           command_processing
C:   0000209A  A$command_processing$793           command_processing
C:   0000209C  A$command_processing$794           command_processing
C:   0000209E  A$command_processing$795           command_processing
C:   000020A0  A$command_processing$796           command_processing
C:   000020A2  A$command_processing$797           command_processing
C:   000020A5  A$command_processing$798           command_processing
C:   000020A7  A$command_processing$799           command_processing
C:   000020A9  A$command_processing$800           command_processing
C:   000020AB  A$command_processing$803           command_processing
C:   000020AB  C$command_processing.c$62$2_0$97   command_processing
C:   000020AE  A$command_processing$807           command_processing
C:   000020AE  C$command_processing.c$65$1_0$95   command_processing
C:   000020B0  A$command_processing$808           command_processing
C:   000020B2  A$command_processing$809           command_processing
ASxxxx Linker V03.00 + NoICE + sdld,  page 25.
Hexadecimal  [32-Bits]

Area                                    Addr        Size        Decimal Bytes (Attributes)
--------------------------------        ----        ----        ------- ----- ------------
CSEG                                00002062    00001C05 =        7173. bytes (REL,CON,CODE)

      Value  Global                              Global Defined In Module
      -----  --------------------------------   ------------------------
C:   000020B4  A$command_processing$810           command_processing
C:   000020B6  A$command_processing$811           command_processing
C:   000020B8  A$command_processing$812           command_processing
C:   000020BA  A$command_processing$813           command_processing
C:   000020BC  A$command_processing$814           command_processing
C:   000020BE  A$command_processing$815           command_processing
C:   000020C1  A$command_processing$816           command_processing
C:   000020C3  A$command_processing$817           command_processing
C:   000020C5  A$command_processing$818           command_processing
C:   000020C7  A$command_processing$821           command_processing
C:   000020C7  C$command_processing.c$67$1_0$95   command_processing
C:   000020C9  A$command_processing$822           command_processing
C:   000020CB  A$command_processing$823           command_processing
C:   000020CD  A$command_processing$824           command_processing
C:   000020CF  A$command_processing$825           command_processing
C:   000020D2  A$command_processing$826           command_processing
C:   000020D4  A$command_processing$827           command_processing
C:   000020D6  A$command_processing$830           command_processing
C:   000020D6  C$command_processing.c$68$1_0$95   command_processing
C:   000020D9  A$command_processing$831           command_processing
C:   000020DC  A$command_processing$832           command_processing
C:   000020DE  A$command_processing$833           command_processing
C:   000020E0  A$command_processing$834           command_processing
C:   000020E2  A$command_processing$835           command_processing
C:   000020E4  A$command_processing$838           command_processing
C:   000020E4  C$command_processing.c$70$1_0$95   command_processing
C:   000020E6  A$command_processing$839           command_processing
C:   000020E8  A$command_processing$840           command_processing
C:   000020E9  A$command_processing$841           command_processing
C:   000020EB  A$command_processing$842           command_processing
C:   000020EC  A$command_processing$843           command_processing
C:   000020EE  A$command_processing$844           command_processing
C:   000020EF  A$command_processing$845           command_processing
C:   000020F1  A$command_processing$848           command_processing
C:   000020F1  C$command_processing.c$76$2_0$99   command_processing
C:   000020F3  A$command_processing$849           command_processing
C:   000020F5  A$command_processing$850           command_processing
C:   000020F7  A$command_processing$851           command_processing
C:   000020F9  A$command_processing$852           command_processing
C:   000020FB  A$command_processing$853           command_processing
C:   000020FD  A$command_processing$854           command_processing
C:   00002100  A$command_processing$855           command_processing
C:   00002102  A$command_processing$856           command_processing
C:   00002104  A$command_processing$857           command_processing
C:   00002106  A$command_processing$860           command_processing
C:   00002106  C$command_processing.c$77$2_0$99   command_processing
C:   00002108  A$command_processing$864           command_processing
C:   00002108  C$command_processing.c$79$1_0$95   command_processing
C:   0000210A  A$command_processing$865           command_processing
C:   0000210C  A$command_processing$866           command_processing
C:   0000210E  A$command_processing$867           command_processing
ASxxxx Linker V03.00 + NoICE + sdld,  page 26.
Hexadecimal  [32-Bits]

Area                                    Addr        Size        Decimal Bytes (Attributes)
--------------------------------        ----        ----        ------- ----- ------------
CSEG                                00002062    00001C05 =        7173. bytes (REL,CON,CODE)

      Value  Global                              Global Defined In Module
      -----  --------------------------------   ------------------------
C:   00002110  A$command_processing$868           command_processing
C:   00002112  A$command_processing$869           command_processing
C:   00002114  A$command_processing$870           command_processing
C:   00002116  A$command_processing$871           command_processing
C:   00002118  A$command_processing$872           command_processing
C:   0000211A  A$command_processing$873           command_processing
C:   0000211C  A$command_processing$874           command_processing
C:   0000211F  A$command_processing$875           command_processing
C:   00002121  A$command_processing$876           command_processing
C:   00002123  A$command_processing$877           command_processing
C:   00002125  A$command_processing$878           command_processing
C:   00002127  A$command_processing$879           command_processing
C:   00002129  A$command_processing$880           command_processing
C:   0000212B  A$command_processing$881           command_processing
C:   0000212D  A$command_processing$884           command_processing
C:   0000212D  C$command_processing.c$81$1_0$95   command_processing
C:   00002130  A$command_processing$885           command_processing
C:   00002131  A$command_processing$886           command_processing
C:   00002132  A$command_processing$887           command_processing
C:   00002134  A$command_processing$888           command_processing
C:   00002136  A$command_processing$889           command_processing
C:   00002139  A$command_processing$892           command_processing
C:   00002139  C$command_processing.c$82$1_0$95   command_processing
C:   0000213B  A$command_processing$893           command_processing
C:   0000213D  A$command_processing$894           command_processing
C:   0000213F  A$command_processing$895           command_processing
C:   00002141  A$command_processing$896           command_processing
C:   00002144  A$command_processing$897           command_processing
C:   00002146  A$command_processing$898           command_processing
C:   00002148  A$command_processing$904           command_processing
C:   00002148  C$command_processing.c$84$1_0$95   command_processing
C:   00002148  XG$handler_wr_to_eeprom$0$0        command_processing
C:   00002149  A$command_processing$920           command_processing
C:   00002149  C$command_processing.c$86$1_0$10   command_processing
C:   00002149  C$command_processing.c$90$1_0$10   command_processing
C:   00002149  G$handler_rd_to_eeprom$0$0         command_processing
C:   00002149  _handler_rd_to_eeprom              command_processing
C:   0000214B  A$command_processing$921           command_processing
C:   0000214D  A$command_processing$922           command_processing
C:   0000214F  A$command_processing$923           command_processing
C:   00002151  A$command_processing$924           command_processing
C:   00002154  A$command_processing$925           command_processing
C:   00002156  A$command_processing$926           command_processing
C:   00002158  A$command_processing$929           command_processing
C:   00002158  C$command_processing.c$92$1_0$10   command_processing
C:   0000215A  A$command_processing$930           command_processing
C:   0000215C  A$command_processing$931           command_processing
C:   0000215E  A$command_processing$932           command_processing
C:   00002160  A$command_processing$933           command_processing
C:   00002163  A$command_processing$934           command_processing
C:   00002165  A$command_processing$935           command_processing
ASxxxx Linker V03.00 + NoICE + sdld,  page 27.
Hexadecimal  [32-Bits]

Area                                    Addr        Size        Decimal Bytes (Attributes)
--------------------------------        ----        ----        ------- ----- ------------
CSEG                                00002062    00001C05 =        7173. bytes (REL,CON,CODE)

      Value  Global                              Global Defined In Module
      -----  --------------------------------   ------------------------
C:   00002167  A$command_processing$938           command_processing
C:   00002167  C$command_processing.c$93$1_0$10   command_processing
C:   0000216A  A$command_processing$939           command_processing
C:   0000216D  A$command_processing$940           command_processing
C:   0000216F  A$command_processing$941           command_processing
C:   00002171  A$command_processing$944           command_processing
C:   00002171  C$command_processing.c$94$1_0$10   command_processing
C:   00002173  A$command_processing$945           command_processing
C:   00002175  A$command_processing$946           command_processing
C:   00002176  A$command_processing$947           command_processing
C:   00002178  A$command_processing$948           command_processing
C:   00002179  A$command_processing$949           command_processing
C:   0000217B  A$command_processing$950           command_processing
C:   0000217C  A$command_processing$951           command_processing
C:   0000217E  A$command_processing$954           command_processing
C:   0000217E  C$command_processing.c$100$2_0$1   command_processing
C:   00002180  A$command_processing$955           command_processing
C:   00002182  A$command_processing$956           command_processing
C:   00002184  A$command_processing$957           command_processing
C:   00002186  A$command_processing$958           command_processing
C:   00002188  A$command_processing$959           command_processing
C:   0000218A  A$command_processing$960           command_processing
C:   0000218D  A$command_processing$961           command_processing
C:   0000218F  A$command_processing$962           command_processing
C:   00002191  A$command_processing$963           command_processing
C:   00002193  A$command_processing$966           command_processing
C:   00002193  C$command_processing.c$101$2_0$1   command_processing
C:   00002195  A$command_processing$970           command_processing
C:   00002195  C$command_processing.c$103$1_0$1   command_processing
C:   00002197  A$command_processing$971           command_processing
C:   00002199  A$command_processing$972           command_processing
C:   0000219B  A$command_processing$973           command_processing
C:   0000219D  A$command_processing$974           command_processing
C:   0000219F  A$command_processing$975           command_processing
C:   000021A1  A$command_processing$976           command_processing
C:   000021A3  A$command_processing$977           command_processing
C:   000021A5  A$command_processing$978           command_processing
C:   000021A8  A$command_processing$979           command_processing
C:   000021AA  A$command_processing$980           command_processing
C:   000021AC  A$command_processing$981           command_processing
C:   000021AE  A$command_processing$982           command_processing
C:   000021B0  A$command_processing$983           command_processing
C:   000021B2  A$command_processing$986           command_processing
C:   000021B2  C$command_processing.c$105$1_0$1   command_processing
C:   000021B4  A$command_processing$987           command_processing
C:   000021B6  A$command_processing$988           command_processing
C:   000021B8  A$command_processing$989           command_processing
C:   000021BA  A$command_processing$990           command_processing
C:   000021BD  A$command_processing$991           command_processing
C:   000021BF  A$command_processing$994           command_processing
C:   000021BF  C$command_processing.c$106$1_0$1   command_processing
ASxxxx Linker V03.00 + NoICE + sdld,  page 28.
Hexadecimal  [32-Bits]

Area                                    Addr        Size        Decimal Bytes (Attributes)
--------------------------------        ----        ----        ------- ----- ------------
CSEG                                00002062    00001C05 =        7173. bytes (REL,CON,CODE)

      Value  Global                              Global Defined In Module
      -----  --------------------------------   ------------------------
C:   000021C1  A$command_processing$995           command_processing
C:   000021C3  A$command_processing$996           command_processing
C:   000021C5  A$command_processing$997           command_processing
C:   000021C7  A$command_processing$998           command_processing
C:   000021C9  A$command_processing$999           command_processing
C:   000021CC  A$command_processing$1000          command_processing
C:   000021CE  A$command_processing$1001          command_processing
C:   000021D0  A$command_processing$1002          command_processing
C:   000021D2  A$command_processing$1003          command_processing
C:   000021D4  A$command_processing$1004          command_processing
C:   000021D6  A$command_processing$1007          command_processing
C:   000021D6  C$command_processing.c$107$1_0$1   command_processing
C:   000021D8  A$command_processing$1008          command_processing
C:   000021DA  A$command_processing$1009          command_processing
C:   000021DC  A$command_processing$1010          command_processing
C:   000021DE  A$command_processing$1011          command_processing
C:   000021E0  A$command_processing$1012          command_processing
C:   000021E2  A$command_processing$1013          command_processing
C:   000021E4  A$command_processing$1014          command_processing
C:   000021E6  A$command_processing$1015          command_processing
C:   000021E8  A$command_processing$1016          command_processing
C:   000021EA  A$command_processing$1017          command_processing
C:   000021EC  A$command_processing$1018          command_processing
C:   000021EF  A$command_processing$1019          command_processing
C:   000021F1  A$command_processing$1020          command_processing
C:   000021F3  A$command_processing$1021          command_processing
C:   000021F5  A$command_processing$1027          command_processing
C:   000021F5  C$command_processing.c$109$1_0$1   command_processing
C:   000021F5  XG$handler_rd_to_eeprom$0$0        command_processing
C:   000021F6  A$command_processing$1046          command_processing
C:   000021F6  C$command_processing.c$112$1_0$1   command_processing
C:   000021F6  G$EEPROM_hexump$0$0                command_processing
C:   000021F6  _EEPROM_hexump                     command_processing
C:   000021F8  A$command_processing$1047          command_processing
C:   000021FA  A$command_processing$1048          command_processing
C:   000021FD  A$command_processing$1049          command_processing
C:   000021FE  A$command_processing$1050          command_processing
C:   000021FF  A$command_processing$1051          command_processing
C:   00002200  A$command_processing$1052          command_processing
C:   00002201  A$command_processing$1055          command_processing
C:   00002201  C$command_processing.c$114$1_0$1   command_processing
C:   00002203  A$command_processing$1056          command_processing
C:   00002205  A$command_processing$1057          command_processing
C:   00002207  A$command_processing$1058          command_processing
C:   00002209  A$command_processing$1059          command_processing
C:   0000220C  A$command_processing$1060          command_processing
C:   0000220E  A$command_processing$1061          command_processing
C:   00002210  A$command_processing$1064          command_processing
C:   00002210  C$command_processing.c$117$2_0$1   command_processing
C:   00002213  A$command_processing$1065          command_processing
C:   00002214  A$command_processing$1066          command_processing
ASxxxx Linker V03.00 + NoICE + sdld,  page 29.
Hexadecimal  [32-Bits]

Area                                    Addr        Size        Decimal Bytes (Attributes)
--------------------------------        ----        ----        ------- ----- ------------
CSEG                                00002062    00001C05 =        7173. bytes (REL,CON,CODE)

      Value  Global                              Global Defined In Module
      -----  --------------------------------   ------------------------
C:   00002215  A$command_processing$1067          command_processing
C:   00002216  A$command_processing$1068          command_processing
C:   00002217  A$command_processing$1069          command_processing
C:   00002218  A$command_processing$1072          command_processing
C:   00002218  C$command_processing.c$119$1_1$1   command_processing
C:   0000221B  A$command_processing$1073          command_processing
C:   0000221C  A$command_processing$1074          command_processing
C:   0000221D  A$command_processing$1075          command_processing
C:   0000221E  A$command_processing$1076          command_processing
C:   0000221F  A$command_processing$1077          command_processing
C:   00002220  A$command_processing$1078          command_processing
C:   00002222  A$command_processing$1080          command_processing
C:   00002223  A$command_processing$1081          command_processing
C:   00002224  A$command_processing$1082          command_processing
C:   00002225  A$command_processing$1083          command_processing
C:   00002226  A$command_processing$1084          command_processing
C:   00002227  A$command_processing$1085          command_processing
C:   00002229  A$command_processing$1086          command_processing
C:   0000222C  A$command_processing$1090          command_processing
C:   0000222C  C$command_processing.c$120$2_1$1   command_processing
C:   0000222D  A$command_processing$1091          command_processing
C:   0000222F  A$command_processing$1092          command_processing
C:   00002231  A$command_processing$1095          command_processing
C:   00002231  C$command_processing.c$121$1_1$1   command_processing
C:   00002233  A$command_processing$1096          command_processing
C:   00002235  A$command_processing$1097          command_processing
C:   00002238  A$command_processing$1098          command_processing
C:   0000223A  A$command_processing$1099          command_processing
C:   0000223C  A$command_processing$1100          command_processing
C:   0000223E  A$command_processing$1101          command_processing
C:   00002240  A$command_processing$1102          command_processing
C:   00002242  A$command_processing$1103          command_processing
C:   00002245  A$command_processing$1106          command_processing
C:   00002245  C$command_processing.c$122$3_1$1   command_processing
C:   00002248  A$command_processing$1107          command_processing
C:   0000224B  A$command_processing$1108          command_processing
C:   0000224D  A$command_processing$1109          command_processing
C:   0000224F  A$command_processing$1110          command_processing
C:   00002251  A$command_processing$1111          command_processing
C:   00002253  A$command_processing$1112          command_processing
C:   00002255  A$command_processing$1115          command_processing
C:   00002255  C$command_processing.c$123$3_1$1   command_processing
C:   00002257  A$command_processing$1116          command_processing
C:   00002259  A$command_processing$1117          command_processing
C:   0000225B  A$command_processing$1118          command_processing
C:   0000225D  A$command_processing$1119          command_processing
C:   00002260  A$command_processing$1120          command_processing
C:   00002262  A$command_processing$1121          command_processing
C:   00002263  A$command_processing$1122          command_processing
C:   00002265  A$command_processing$1123          command_processing
C:   00002267  A$command_processing$1124          command_processing
ASxxxx Linker V03.00 + NoICE + sdld,  page 30.
Hexadecimal  [32-Bits]

Area                                    Addr        Size        Decimal Bytes (Attributes)
--------------------------------        ----        ----        ------- ----- ------------
CSEG                                00002062    00001C05 =        7173. bytes (REL,CON,CODE)

      Value  Global                              Global Defined In Module
      -----  --------------------------------   ------------------------
C:   00002269  A$command_processing$1125          command_processing
C:   0000226A  A$command_processing$1126          command_processing
C:   0000226C  A$command_processing$1127          command_processing
C:   0000226E  A$command_processing$1128          command_processing
C:   00002270  A$command_processing$1129          command_processing
C:   00002272  A$command_processing$1130          command_processing
C:   00002274  A$command_processing$1131          command_processing
C:   00002277  A$command_processing$1134          command_processing
C:   00002277  C$command_processing.c$124$3_1$1   command_processing
C:   0000227A  A$command_processing$1135          command_processing
C:   0000227D  A$command_processing$1136          command_processing
C:   0000227F  A$command_processing$1137          command_processing
C:   00002281  A$command_processing$1138          command_processing
C:   00002283  A$command_processing$1139          command_processing
C:   00002285  A$command_processing$1140          command_processing
C:   00002287  A$command_processing$1143          command_processing
C:   00002287  C$command_processing.c$134$1_1$1   command_processing
C:   00002289  A$command_processing$1144          command_processing
C:   0000228B  A$command_processing$1150          command_processing
C:   0000228B  C$command_processing.c$124$2_1$1   command_processing
C:   0000228B  C$command_processing.c$126$1_1$1   command_processing
C:   0000228D  A$command_processing$1151          command_processing
C:   0000228F  A$command_processing$1152          command_processing
C:   00002292  A$command_processing$1153          command_processing
C:   00002294  A$command_processing$1154          command_processing
C:   00002296  A$command_processing$1155          command_processing
C:   00002298  A$command_processing$1156          command_processing
C:   0000229A  A$command_processing$1157          command_processing
C:   0000229C  A$command_processing$1158          command_processing
C:   0000229F  A$command_processing$1159          command_processing
C:   000022A1  A$command_processing$1160          command_processing
C:   000022A3  A$command_processing$1161          command_processing
C:   000022A5  A$command_processing$1162          command_processing
C:   000022A7  A$command_processing$1163          command_processing
C:   000022A9  A$command_processing$1166          command_processing
C:   000022A9  C$command_processing.c$127$2_1$1   command_processing
C:   000022AB  A$command_processing$1167          command_processing
C:   000022AD  A$command_processing$1168          command_processing
C:   000022AF  A$command_processing$1169          command_processing
C:   000022B1  A$command_processing$1170          command_processing
C:   000022B3  A$command_processing$1171          command_processing
C:   000022B5  A$command_processing$1172          command_processing
C:   000022B7  A$command_processing$1173          command_processing
C:   000022BA  A$command_processing$1174          command_processing
C:   000022BC  A$command_processing$1175          command_processing
C:   000022BE  A$command_processing$1176          command_processing
C:   000022C0  A$command_processing$1177          command_processing
C:   000022C2  A$command_processing$1180          command_processing
C:   000022C2  C$command_processing.c$128$2_1$1   command_processing
C:   000022C4  A$command_processing$1181          command_processing
C:   000022C6  A$command_processing$1182          command_processing
ASxxxx Linker V03.00 + NoICE + sdld,  page 31.
Hexadecimal  [32-Bits]

Area                                    Addr        Size        Decimal Bytes (Attributes)
--------------------------------        ----        ----        ------- ----- ------------
CSEG                                00002062    00001C05 =        7173. bytes (REL,CON,CODE)

      Value  Global                              Global Defined In Module
      -----  --------------------------------   ------------------------
C:   000022C8  A$command_processing$1183          command_processing
C:   000022CA  A$command_processing$1184          command_processing
C:   000022CD  A$command_processing$1185          command_processing
C:   000022CF  A$command_processing$1186          command_processing
C:   000022D0  A$command_processing$1187          command_processing
C:   000022D2  A$command_processing$1188          command_processing
C:   000022D4  A$command_processing$1189          command_processing
C:   000022D6  A$command_processing$1190          command_processing
C:   000022D7  A$command_processing$1191          command_processing
C:   000022D9  A$command_processing$1192          command_processing
C:   000022DB  A$command_processing$1193          command_processing
C:   000022DD  A$command_processing$1194          command_processing
C:   000022E0  A$command_processing$1195          command_processing
C:   000022E2  A$command_processing$1196          command_processing
C:   000022E4  A$command_processing$1197          command_processing
C:   000022E6  A$command_processing$1198          command_processing
C:   000022E8  A$command_processing$1199          command_processing
C:   000022EA  A$command_processing$1202          command_processing
C:   000022EA  C$command_processing.c$130$2_1$1   command_processing
C:   000022EB  A$command_processing$1203          command_processing
C:   000022EE  A$command_processing$1204          command_processing
C:   000022EF  A$command_processing$1208          command_processing
C:   000022EF  C$command_processing.c$131$2_1$1   command_processing
C:   000022F0  A$command_processing$1209          command_processing
C:   000022F2  A$command_processing$1210          command_processing
C:   000022F4  A$command_processing$1211          command_processing
C:   000022F7  A$command_processing$1215          command_processing
C:   000022F7  C$command_processing.c$133$1_1$1   command_processing
C:   000022F9  A$command_processing$1216          command_processing
C:   000022FB  A$command_processing$1217          command_processing
C:   000022FD  A$command_processing$1218          command_processing
C:   000022FF  A$command_processing$1219          command_processing
C:   00002301  A$command_processing$1220          command_processing
C:   00002303  A$command_processing$1221          command_processing
C:   00002306  A$command_processing$1222          command_processing
C:   00002308  A$command_processing$1223          command_processing
C:   0000230A  A$command_processing$1224          command_processing
C:   0000230C  A$command_processing$1231          command_processing
C:   0000230C  C$command_processing.c$134$1_1$1   command_processing
C:   0000230C  C$command_processing.c$135$1_1$1   command_processing
C:   0000230C  XG$EEPROM_hexump$0$0               command_processing
C:   0000230D  A$command_processing$1247          command_processing
C:   0000230D  C$command_processing.c$138$1_1$1   command_processing
C:   0000230D  C$command_processing.c$141$1_0$1   command_processing
C:   0000230D  G$handler_EEPROM_hexdump$0$0       command_processing
C:   0000230D  _handler_EEPROM_hexdump            command_processing
C:   0000230F  A$command_processing$1248          command_processing
C:   00002311  A$command_processing$1249          command_processing
C:   00002313  A$command_processing$1250          command_processing
C:   00002315  A$command_processing$1251          command_processing
C:   00002318  A$command_processing$1252          command_processing
ASxxxx Linker V03.00 + NoICE + sdld,  page 32.
Hexadecimal  [32-Bits]

Area                                    Addr        Size        Decimal Bytes (Attributes)
--------------------------------        ----        ----        ------- ----- ------------
CSEG                                00002062    00001C05 =        7173. bytes (REL,CON,CODE)

      Value  Global                              Global Defined In Module
      -----  --------------------------------   ------------------------
C:   0000231A  A$command_processing$1253          command_processing
C:   0000231C  A$command_processing$1256          command_processing
C:   0000231C  C$command_processing.c$142$1_0$1   command_processing
C:   0000231F  A$command_processing$1257          command_processing
C:   00002322  A$command_processing$1258          command_processing
C:   00002324  A$command_processing$1259          command_processing
C:   00002326  A$command_processing$1262          command_processing
C:   00002326  C$command_processing.c$144$1_0$1   command_processing
C:   00002328  A$command_processing$1263          command_processing
C:   0000232A  A$command_processing$1264          command_processing
C:   0000232B  A$command_processing$1265          command_processing
C:   0000232D  A$command_processing$1266          command_processing
C:   0000232E  A$command_processing$1267          command_processing
C:   00002330  A$command_processing$1268          command_processing
C:   00002331  A$command_processing$1269          command_processing
C:   00002333  A$command_processing$1272          command_processing
C:   00002333  C$command_processing.c$149$2_0$1   command_processing
C:   00002335  A$command_processing$1273          command_processing
C:   00002337  A$command_processing$1274          command_processing
C:   00002339  A$command_processing$1275          command_processing
C:   0000233B  A$command_processing$1276          command_processing
C:   0000233D  A$command_processing$1277          command_processing
C:   0000233F  A$command_processing$1278          command_processing
C:   00002342  A$command_processing$1279          command_processing
C:   00002344  A$command_processing$1280          command_processing
C:   00002346  A$command_processing$1281          command_processing
C:   00002348  A$command_processing$1284          command_processing
C:   00002348  C$command_processing.c$150$2_0$1   command_processing
C:   0000234A  A$command_processing$1288          command_processing
C:   0000234A  C$command_processing.c$155$1_1$1   command_processing
C:   0000234C  A$command_processing$1289          command_processing
C:   0000234E  A$command_processing$1290          command_processing
C:   00002350  A$command_processing$1291          command_processing
C:   00002352  A$command_processing$1292          command_processing
C:   00002354  A$command_processing$1293          command_processing
C:   00002356  A$command_processing$1294          command_processing
C:   00002359  A$command_processing$1295          command_processing
C:   0000235B  A$command_processing$1296          command_processing
C:   0000235D  A$command_processing$1299          command_processing
C:   0000235D  C$command_processing.c$156$1_1$1   command_processing
C:   00002360  A$command_processing$1300          command_processing
C:   00002363  A$command_processing$1301          command_processing
C:   00002365  A$command_processing$1302          command_processing
C:   00002367  A$command_processing$1303          command_processing
C:   00002369  A$command_processing$1304          command_processing
C:   0000236B  A$command_processing$1307          command_processing
C:   0000236B  C$command_processing.c$158$1_1$1   command_processing
C:   0000236D  A$command_processing$1308          command_processing
C:   0000236F  A$command_processing$1309          command_processing
C:   00002370  A$command_processing$1310          command_processing
C:   00002372  A$command_processing$1311          command_processing
ASxxxx Linker V03.00 + NoICE + sdld,  page 33.
Hexadecimal  [32-Bits]

Area                                    Addr        Size        Decimal Bytes (Attributes)
--------------------------------        ----        ----        ------- ----- ------------
CSEG                                00002062    00001C05 =        7173. bytes (REL,CON,CODE)

      Value  Global                              Global Defined In Module
      -----  --------------------------------   ------------------------
C:   00002373  A$command_processing$1312          command_processing
C:   00002375  A$command_processing$1313          command_processing
C:   00002376  A$command_processing$1314          command_processing
C:   00002378  A$command_processing$1317          command_processing
C:   00002378  C$command_processing.c$163$2_1$1   command_processing
C:   0000237A  A$command_processing$1318          command_processing
C:   0000237C  A$command_processing$1319          command_processing
C:   0000237E  A$command_processing$1320          command_processing
C:   00002380  A$command_processing$1321          command_processing
C:   00002382  A$command_processing$1322          command_processing
C:   00002384  A$command_processing$1323          command_processing
C:   00002387  A$command_processing$1324          command_processing
C:   00002389  A$command_processing$1325          command_processing
C:   0000238B  A$command_processing$1326          command_processing
C:   0000238D  A$command_processing$1329          command_processing
C:   0000238D  C$command_processing.c$164$2_1$1   command_processing
C:   0000238F  A$command_processing$1333          command_processing
C:   0000238F  C$command_processing.c$167$1_1$1   command_processing
C:   00002392  A$command_processing$1334          command_processing
[...]
C:   00002E8B  A$uart$2024                        uart
C:   00002E8D  A$uart$2025                        uart
C:   00002E8F  A$uart$2026                        uart
C:   00002E91  A$uart$2027                        uart
C:   00002E94  A$uart$2028                        uart
C:   00002E96  A$uart$2029                        uart
C:   00002E98  A$uart$2030                        uart
C:   00002E9A  A$uart$2033                        uart
C:   00002E9A  C$uart.c$233$1_0$96                uart
C:   00002E9C  A$uart$2034                        uart
C:   00002E9E  A$uart$2035                        uart
C:   00002EA0  A$uart$2036                        uart
C:   00002EA2  A$uart$2037                        uart
C:   00002EA4  A$uart$2038                        uart
C:   00002EA6  A$uart$2039                        uart
C:   00002EA9  A$uart$2040                        uart
C:   00002EAB  A$uart$2041                        uart
C:   00002EAD  A$uart$2042                        uart
C:   00002EAF  A$uart$2045                        uart
ASxxxx Linker V03.00 + NoICE + sdld,  page 72.
Hexadecimal  [32-Bits]

Area                                    Addr        Size        Decimal Bytes (Attributes)
--------------------------------        ----        ----        ------- ----- ------------
CSEG                                00002062    00001C05 =        7173. bytes (REL,CON,CODE)

      Value  Global                              Global Defined In Module
      -----  --------------------------------   ------------------------
C:   00002EAF  C$uart.c$234$1_0$96                uart
C:   00002EB2  A$uart$2046                        uart
C:   00002EB4  A$uart$2047                        uart
C:   00002EB5  A$uart$2048                        uart
C:   00002EB6  A$uart$2049                        uart
C:   00002EB7  A$uart$2050                        uart
C:   00002EB8  A$uart$2051                        uart
C:   00002EBB  A$uart$2052                        uart
C:   00002EBE  A$uart$2053                        uart
C:   00002EC1  A$uart$2056                        uart
C:   00002EC1  C$uart.c$235$1_0$96                uart
C:   00002EC4  A$uart$2057                        uart
C:   00002EC6  A$uart$2058                        uart
C:   00002EC7  A$uart$2059                        uart
C:   00002EC8  A$uart$2060                        uart
C:   00002EC9  A$uart$2061                        uart
C:   00002ECA  A$uart$2062                        uart
C:   00002ECD  A$uart$2063                        uart
C:   00002ED0  A$uart$2064                        uart
C:   00002ED3  A$uart$2067                        uart
C:   00002ED3  C$uart.c$236$1_0$96                uart
C:   00002ED6  A$uart$2068                        uart
C:   00002ED8  A$uart$2069                        uart
C:   00002ED9  A$uart$2070                        uart
C:   00002EDA  A$uart$2071                        uart
C:   00002EDB  A$uart$2072                        uart
C:   00002EDC  A$uart$2073                        uart
C:   00002EDF  A$uart$2074                        uart
C:   00002EE2  A$uart$2075                        uart
C:   00002EE5  A$uart$2078                        uart
C:   00002EE5  C$uart.c$237$1_0$96                uart
C:   00002EE7  A$uart$2079                        uart
C:   00002EE9  A$uart$2080                        uart
C:   00002EEB  A$uart$2081                        uart
C:   00002EED  A$uart$2082                        uart
C:   00002EEF  A$uart$2083                        uart
C:   00002EF1  A$uart$2084                        uart
C:   00002EF4  A$uart$2085                        uart
C:   00002EF6  A$uart$2086                        uart
C:   00002EF8  A$uart$2087                        uart
C:   00002EFA  A$uart$2090                        uart
C:   00002EFA  C$uart.c$239$1_0$96                uart
C:   00002EFC  A$uart$2091                        uart
C:   00002EFE  A$uart$2092                        uart
C:   00002F00  A$uart$2093                        uart
C:   00002F02  A$uart$2094                        uart
C:   00002F04  A$uart$2095                        uart
C:   00002F06  A$uart$2096                        uart
C:   00002F09  A$uart$2097                        uart
C:   00002F0B  A$uart$2098                        uart
C:   00002F0D  A$uart$2099                        uart
ASxxxx Linker V03.00 + NoICE + sdld,  page 73.
Hexadecimal  [32-Bits]

Area                                    Addr        Size        Decimal Bytes (Attributes)
--------------------------------        ----        ----        ------- ----- ------------
CSEG                                00002062    00001C05 =        7173. bytes (REL,CON,CODE)

      Value  Global                              Global Defined In Module
      -----  --------------------------------   ------------------------
C:   00002F0F  A$uart$2102                        uart
C:   00002F0F  C$uart.c$240$1_0$96                uart
C:   00002F12  A$uart$2103                        uart
C:   00002F14  A$uart$2104                        uart
C:   00002F15  A$uart$2105                        uart
C:   00002F16  A$uart$2106                        uart
C:   00002F17  A$uart$2107                        uart
C:   00002F18  A$uart$2108                        uart
C:   00002F1B  A$uart$2109                        uart
C:   00002F1E  A$uart$2110                        uart
C:   00002F21  A$uart$2113                        uart
C:   00002F21  C$uart.c$241$1_0$96                uart
C:   00002F24  A$uart$2114                        uart
C:   00002F26  A$uart$2115                        uart
C:   00002F27  A$uart$2116                        uart
C:   00002F28  A$uart$2117                        uart
C:   00002F29  A$uart$2118                        uart
C:   00002F2A  A$uart$2119                        uart
C:   00002F2D  A$uart$2120                        uart
C:   00002F30  A$uart$2121                        uart
C:   00002F33  A$uart$2124                        uart
C:   00002F33  C$uart.c$242$1_0$96                uart
C:   00002F36  A$uart$2125                        uart
C:   00002F38  A$uart$2126                        uart
C:   00002F39  A$uart$2127                        uart
C:   00002F3A  A$uart$2128                        uart
C:   00002F3B  A$uart$2129                        uart
C:   00002F3C  A$uart$2130                        uart
C:   00002F3F  A$uart$2131                        uart
C:   00002F42  A$uart$2132                        uart
C:   00002F45  A$uart$2135                        uart
C:   00002F45  C$uart.c$243$1_0$96                uart
C:   00002F47  A$uart$2136                        uart
C:   00002F49  A$uart$2137                        uart
C:   00002F4B  A$uart$2138                        uart
C:   00002F4D  A$uart$2139                        uart
C:   00002F4F  A$uart$2140                        uart
C:   00002F51  A$uart$2141                        uart
C:   00002F54  A$uart$2142                        uart
C:   00002F56  A$uart$2143                        uart
C:   00002F58  A$uart$2144                        uart
C:   00002F5A  A$uart$2147                        uart
C:   00002F5A  C$uart.c$245$1_0$96                uart
C:   00002F5C  A$uart$2148                        uart
C:   00002F5E  A$uart$2149                        uart
C:   00002F60  A$uart$2150                        uart
C:   00002F62  A$uart$2151                        uart
C:   00002F64  A$uart$2152                        uart
C:   00002F66  A$uart$2153                        uart
C:   00002F69  A$uart$2154                        uart
C:   00002F6B  A$uart$2155                        uart
ASxxxx Linker V03.00 + NoICE + sdld,  page 74.
Hexadecimal  [32-Bits]

Area                                    Addr        Size        Decimal Bytes (Attributes)
--------------------------------        ----        ----        ------- ----- ------------
CSEG                                00002062    00001C05 =        7173. bytes (REL,CON,CODE)

      Value  Global                              Global Defined In Module
      -----  --------------------------------   ------------------------
C:   00002F6D  A$uart$2156                        uart
C:   00002F6F  A$uart$2159                        uart
C:   00002F6F  C$uart.c$246$1_0$96                uart
C:   00002F72  A$uart$2160                        uart
C:   00002F74  A$uart$2161                        uart
C:   00002F75  A$uart$2162                        uart
C:   00002F76  A$uart$2163                        uart
C:   00002F77  A$uart$2164                        uart
C:   00002F78  A$uart$2165                        uart
C:   00002F7B  A$uart$2166                        uart
C:   00002F7E  A$uart$2167                        uart
C:   00002F81  A$uart$2170                        uart
C:   00002F81  C$uart.c$247$1_0$96                uart
C:   00002F84  A$uart$2171                        uart
C:   00002F86  A$uart$2172                        uart
C:   00002F87  A$uart$2173                        uart
C:   00002F88  A$uart$2174                        uart
C:   00002F89  A$uart$2175                        uart
C:   00002F8A  A$uart$2176                        uart
C:   00002F8D  A$uart$2177                        uart
C:   00002F90  A$uart$2178                        uart
C:   00002F93  A$uart$2181                        uart
C:   00002F93  C$uart.c$248$1_0$96                uart
C:   00002F96  A$uart$2182                        uart
C:   00002F98  A$uart$2183                        uart
C:   00002F99  A$uart$2184                        uart
C:   00002F9A  A$uart$2185                        uart
C:   00002F9B  A$uart$2186                        uart
C:   00002F9C  A$uart$2187                        uart
C:   00002F9F  A$uart$2188                        uart
C:   00002FA2  A$uart$2189                        uart
C:   00002FA5  A$uart$2192                        uart
C:   00002FA5  C$uart.c$249$1_0$96                uart
C:   00002FA7  A$uart$2193                        uart
C:   00002FA9  A$uart$2194                        uart
C:   00002FAB  A$uart$2195                        uart
C:   00002FAD  A$uart$2196                        uart
C:   00002FAF  A$uart$2197                        uart
C:   00002FB1  A$uart$2198                        uart
C:   00002FB4  A$uart$2199                        uart
C:   00002FB6  A$uart$2200                        uart
C:   00002FB8  A$uart$2201                        uart
C:   00002FBA  A$uart$2204                        uart
C:   00002FBA  C$uart.c$251$1_0$96                uart
C:   00002FBC  A$uart$2205                        uart
C:   00002FBE  A$uart$2206                        uart
C:   00002FC0  A$uart$2207                        uart
C:   00002FC2  A$uart$2208                        uart
C:   00002FC4  A$uart$2209                        uart
C:   00002FC6  A$uart$2210                        uart
C:   00002FC9  A$uart$2211                        uart
ASxxxx Linker V03.00 + NoICE + sdld,  page 75.
Hexadecimal  [32-Bits]

Area                                    Addr        Size        Decimal Bytes (Attributes)
--------------------------------        ----        ----        ------- ----- ------------
CSEG                                00002062    00001C05 =        7173. bytes (REL,CON,CODE)

      Value  Global                              Global Defined In Module
      -----  --------------------------------   ------------------------
C:   00002FCB  A$uart$2212                        uart
C:   00002FCD  A$uart$2213                        uart
C:   00002FCF  A$uart$2216                        uart
C:   00002FCF  C$uart.c$252$1_0$96                uart
C:   00002FD2  A$uart$2217                        uart
C:   00002FD4  A$uart$2218                        uart
C:   00002FD5  A$uart$2219                        uart
C:   00002FD6  A$uart$2220                        uart
C:   00002FD7  A$uart$2221                        uart
C:   00002FD8  A$uart$2222                        uart
C:   00002FDB  A$uart$2223                        uart
C:   00002FDE  A$uart$2224                        uart
C:   00002FE1  A$uart$2227                        uart
C:   00002FE1  C$uart.c$253$1_0$96                uart
C:   00002FE3  A$uart$2228                        uart
C:   00002FE5  A$uart$2229                        uart
C:   00002FE7  A$uart$2230                        uart
C:   00002FE9  A$uart$2231                        uart
C:   00002FEB  A$uart$2232                        uart
C:   00002FED  A$uart$2233                        uart
C:   00002FF0  A$uart$2234                        uart
C:   00002FF2  A$uart$2235                        uart
C:   00002FF4  A$uart$2236                        uart
C:   00002FF6  A$uart$2239                        uart
C:   00002FF6  C$uart.c$255$1_0$96                uart
C:   00002FF9  A$uart$2240                        uart
C:   00002FFB  A$uart$2241                        uart
C:   00002FFC  A$uart$2242                        uart
C:   00002FFD  A$uart$2243                        uart
C:   00002FFE  A$uart$2244                        uart
C:   00002FFF  A$uart$2245                        uart
C:   00003002  A$uart$2246                        uart
C:   00003005  A$uart$2247                        uart
C:   00003008  A$uart$2250                        uart
C:   00003008  C$uart.c$256$1_0$96                uart
C:   0000300B  A$uart$2251                        uart
C:   0000300D  A$uart$2252                        uart
C:   0000300E  A$uart$2253                        uart
C:   0000300F  A$uart$2254                        uart
C:   00003010  A$uart$2255                        uart
C:   00003011  A$uart$2256                        uart
C:   00003014  A$uart$2257                        uart
C:   00003017  A$uart$2258                        uart
C:   0000301A  A$uart$2261                        uart
C:   0000301A  C$uart.c$257$1_0$96                uart
C:   0000301D  A$uart$2262                        uart
C:   0000301F  A$uart$2263                        uart
C:   00003020  A$uart$2264                        uart
C:   00003021  A$uart$2265                        uart
C:   00003022  A$uart$2266                        uart
C:   00003023  A$uart$2267                        uart
ASxxxx Linker V03.00 + NoICE + sdld,  page 76.
Hexadecimal  [32-Bits]

Area                                    Addr        Size        Decimal Bytes (Attributes)
--------------------------------        ----        ----        ------- ----- ------------
CSEG                                00002062    00001C05 =        7173. bytes (REL,CON,CODE)

      Value  Global                              Global Defined In Module
      -----  --------------------------------   ------------------------
C:   00003026  A$uart$2268                        uart
C:   00003029  A$uart$2269                        uart
C:   0000302C  A$uart$2272                        uart
C:   0000302C  C$uart.c$258$1_0$96                uart
C:   0000302F  A$uart$2273                        uart
C:   00003031  A$uart$2274                        uart
C:   00003032  A$uart$2275                        uart
C:   00003033  A$uart$2276                        uart
C:   00003034  A$uart$2277                        uart
C:   00003035  A$uart$2278                        uart
C:   00003038  A$uart$2279                        uart
C:   0000303B  A$uart$2280                        uart
C:   0000303E  A$uart$2285                        uart
C:   0000303E  C$uart.c$260$1_0$96                uart
C:   0000303E  XG$print_UI$0$0                    uart
C:   0000303F  Fuart$__str_10$0_0$0               uart
C:   0000303F  Fuart$__str_11$0_0$0               uart
C:   0000303F  Fuart$__str_12$0_0$0               uart
C:   0000303F  Fuart$__str_13$0_0$0               uart
C:   0000303F  Fuart$__str_14$0_0$0               uart
C:   0000303F  Fuart$__str_15$0_0$0               uart
C:   0000303F  Fuart$__str_16$0_0$0               uart
C:   0000303F  Fuart$__str_17$0_0$0               uart
C:   0000303F  Fuart$__str_18$0_0$0               uart
C:   0000303F  Fuart$__str_2$0_0$0                uart
C:   0000303F  Fuart$__str_3$0_0$0                uart
C:   0000303F  Fuart$__str_4$0_0$0                uart
C:   0000303F  Fuart$__str_5$0_0$0                uart
C:   0000303F  Fuart$__str_6$0_0$0                uart
C:   0000303F  Fuart$__str_7$0_0$0                uart
C:   0000303F  Fuart$__str_8$0_0$0                uart
C:   0000303F  Fuart$__str_9$0_0$0                uart
C:   0000303F  _strchr                            _strchr
C:   000030A8  _printf_tiny                       printf_tiny
C:   000031B1  __mulint                           _mulint
C:   000031E0  _vprintf                           vprintf
C:   0000321F  _printf                            vprintf
C:   00003325  __print_format                     printf_large
C:   00003C33  _strlen                            _strlen
C:   00003C4B  __gptrget                          _gptrget
ASxxxx Linker V03.00 + NoICE + sdld,  page 77.
Hexadecimal  [32-Bits]

Area                                    Addr        Size        Decimal Bytes (Attributes)
--------------------------------        ----        ----        ------- ----- ------------
CONST                               00003C67    00000775 =        1909. bytes (REL,CON,CODE)

      Value  Global                              Global Defined In Module
      -----  --------------------------------   ------------------------
C:   00003C67  Fcommand_processing$__str_0$0_0$   command_processing
C:   00004004  Fmain$__str_0$0_0$0                main
C:   00004155  Fuart$__str_1$0_0$0                uart
ASxxxx Linker V03.00 + NoICE + sdld,  page 78.

Files Linked                              [ module(s) ]

obj\Debug\command_processing.rel          [  ]
obj\Debug\i2c.rel                         [  ]
obj\Debug\main.rel                        [  ]
obj\Debug\string_func.rel                 [  ]
obj\Debug\uart.rel                        [  ]


Libraries Linked                          [ object file ]

C:\Program Files\SDCC\bin\..\lib\large/mcs51.lib
                                          [ crtclear.rel ]
C:\Program Files\SDCC\bin\..\lib\large/mcs51.lib
                                          [ crtxinit.rel ]
C:\Program Files\SDCC\bin\..\lib\large/libsdcc.lib
                                          [ _strchr.rel ]
C:\Program Files\SDCC\bin\..\lib\large/libsdcc.lib
                                          [ printf_tiny.rel ]
C:\Program Files\SDCC\bin\..\lib\large/libint.lib
                                          [ _mulint.rel ]
C:\Program Files\SDCC\bin\..\lib\large/mcs51.lib
                                          [ crtxclear.rel ]
C:\Program Files\SDCC\bin\..\lib\large/libsdcc.lib
                                          [ _bp.rel ]
C:\Program Files\SDCC\bin\..\lib\large/libsdcc.lib
                                          [ vprintf.rel ]
C:\Program Files\SDCC\bin\..\lib\large/libsdcc.lib
                                          [ printf_large.rel ]
C:\Program Files\SDCC\bin\..\lib\large/mcs51.lib
                                          [ crtpagesfr.rel ]
C:\Program Files\SDCC\bin\..\lib\large/libsdcc.lib
                                          [ _strlen.rel ]
C:\Program Files\SDCC\bin\..\lib\large/mcs51.lib
                                          [ crtstart.rel ]
C:\Program Files\SDCC\bin\..\lib\large/libsdcc.lib
                                          [ _gptrget.rel ]

ASxxxx Linker V03.00 + NoICE + sdld,  page 79.

User Base Address Definitions

HOME = 0x2000
XSEG = 0x0400
PSEG = 0x0400
ISEG = 0x0000
BSEG = 0x0000

