../Core/Src/Fingerprint_Sensor_Library.c:38:6:UART3_FINGER_Init	8	static
../Core/Src/Fingerprint_Sensor_Library.c:55:8:writeRegister	24	static
../Core/Src/Fingerprint_Sensor_Library.c:67:8:setSecurityLevel	24	static
../Core/Src/Fingerprint_Sensor_Library.c:73:8:setBaudRate	24	static
../Core/Src/Fingerprint_Sensor_Library.c:78:8:setPacketLength	24	static
../Core/Src/Fingerprint_Sensor_Library.c:84:6:writePacket	40	static
../Core/Src/Fingerprint_Sensor_Library.c:122:9:getReply	48	static
../Core/Src/Fingerprint_Sensor_Library.c:161:9:verifyPassword	16	static
../Core/Src/Fingerprint_Sensor_Library.c:178:9:setPassword	24	static
../Core/Src/Fingerprint_Sensor_Library.c:206:8:getImage	16	static
../Core/Src/Fingerprint_Sensor_Library.c:218:8:image2Tz	24	static
../Core/Src/Fingerprint_Sensor_Library.c:231:8:createModel	16	static
../Core/Src/Fingerprint_Sensor_Library.c:244:8:storeModel	24	static
../Core/Src/Fingerprint_Sensor_Library.c:259:8:deleteModel	24	static
../Core/Src/Fingerprint_Sensor_Library.c:274:8:emptyDatabase	16	static
../Core/Src/Fingerprint_Sensor_Library.c:287:6:printFingerID	232	static
../Core/Src/Fingerprint_Sensor_Library.c:299:6:printFailed	112	static
../Core/Src/Fingerprint_Sensor_Library.c:308:8:fingerFastSearch	120	static
../Core/Src/Fingerprint_Sensor_Library.c:419:8:fingerEnroll	464	static
../Core/Src/Fingerprint_Sensor_Library.c:523:8:fingerIDSearch	392	static
../Core/Src/Fingerprint_Sensor_Library.c:594:8:getParameter	16	static
../Core/Src/Fingerprint_Sensor_Library.c:634:6:showParameter	112	static
../Core/Src/Fingerprint_Sensor_Library.c:704:6:setLEDColor	32	static
../Core/Src/Fingerprint_Sensor_Library.c:722:6:setLED	32	static
../Core/Src/Fingerprint_Sensor_Library.c:735:6:setColour	32	static
../Core/Src/Fingerprint_Sensor_Library.c:749:8:LEDcontrol_b	24	static
../Core/Src/Fingerprint_Sensor_Library.c:781:6:turnOnLED	16	static
../Core/Src/Fingerprint_Sensor_Library.c:804:6:turnOffLED	24	static
../Core/Src/Fingerprint_Sensor_Library.c:825:9:sendCommand	24	static
../Core/Src/Fingerprint_Sensor_Library.c:841:5:getFingerprintCount	48	static
