../Core/Src/main.c:106:5:main	40	static
../Core/Src/main.c:236:6:SystemClock_Config	88	static
../Core/Src/main.c:281:8:addFingerprint	24	static
../Core/Src/main.c:301:6:handler_enroll_PFS	336	static
../Core/Src/main.c:390:6:handler_FindFingerprint	16	static
../Core/Src/main.c:412:6:handler_invalid_input_FPS	40	static
../Core/Src/main.c:460:6:handler_ClearDataBase	272	static
../Core/Src/main.c:512:6:printCount	112	static
../Core/Src/main.c:521:6:printCountFailed	104	static
../Core/Src/main.c:529:6:handler_setLED	272	static
../Core/Src/main.c:603:6:handler_setColour	8	static
../Core/Src/main.c:626:6:handler_updateSecurity	272	static
../Core/Src/main.c:667:6:handler_verifyPassword	224	static
../Core/Src/main.c:704:6:handler_setPassword	344	static
../Core/Src/main.c:750:6:handler_countFingerprints	144	static
../Core/Src/main.c:770:6:Error_Handler	4	static,ignoring_inline_asm
