../Core/Src/main.c:79:5:main	8	static
../Core/Src/main.c:135:6:SystemClock_Config	88	static
../Core/Src/main.c:181:6:USART2_IRQHandler	16	static
/Applications/STM32CubeIDE.app/Contents/Eclipse/plugins/com.st.stm32cube.ide.mcu.externaltools.gnu-tools-for-stm32.10.3-2021.10.macos64_1.0.0.202111181127/tools/arm-none-eabi/include/stdio.h:220:5:putchar	16	static
../Core/Src/main.c:237:5:_write	32	static
../Core/Src/main.c:259:6:print_received_chars	16	static,ignoring_inline_asm
../Core/Src/main.c:286:6:Error_Handler	4	static,ignoring_inline_asm
