Archive member included to satisfy reference by file (symbol)

/Applications/STM32CubeIDE.app/Contents/Eclipse/plugins/com.st.stm32cube.ide.mcu.externaltools.gnu-tools-for-stm32.10.3-2021.10.macos64_1.0.0.202111181127/tools/bin/../lib/gcc/arm-none-eabi/10.3.1/../../../../arm-none-eabi/lib/thumb/v7e-m+fp/hard/libc_nano.a(lib_a-errno.o)
                              ./Core/Src/syscalls.o (__errno)
/Applications/STM32CubeIDE.app/Contents/Eclipse/plugins/com.st.stm32cube.ide.mcu.externaltools.gnu-tools-for-stm32.10.3-2021.10.macos64_1.0.0.202111181127/tools/bin/../lib/gcc/arm-none-eabi/10.3.1/../../../../arm-none-eabi/lib/thumb/v7e-m+fp/hard/libc_nano.a(lib_a-exit.o)
                              /Applications/STM32CubeIDE.app/Contents/Eclipse/plugins/com.st.stm32cube.ide.mcu.externaltools.gnu-tools-for-stm32.10.3-2021.10.macos64_1.0.0.202111181127/tools/bin/../lib/gcc/arm-none-eabi/10.3.1/../../../../arm-none-eabi/lib/thumb/v7e-m+fp/hard/crt0.o (exit)
/Applications/STM32CubeIDE.app/Contents/Eclipse/plugins/com.st.stm32cube.ide.mcu.externaltools.gnu-tools-for-stm32.10.3-2021.10.macos64_1.0.0.202111181127/tools/bin/../lib/gcc/arm-none-eabi/10.3.1/../../../../arm-none-eabi/lib/thumb/v7e-m+fp/hard/libc_nano.a(lib_a-impure.o)
                              /Applications/STM32CubeIDE.app/Contents/Eclipse/plugins/com.st.stm32cube.ide.mcu.externaltools.gnu-tools-for-stm32.10.3-2021.10.macos64_1.0.0.202111181127/tools/bin/../lib/gcc/arm-none-eabi/10.3.1/../../../../arm-none-eabi/lib/thumb/v7e-m+fp/hard/libc_nano.a(lib_a-exit.o) (_global_impure_ptr)
/Applications/STM32CubeIDE.app/Contents/Eclipse/plugins/com.st.stm32cube.ide.mcu.externaltools.gnu-tools-for-stm32.10.3-2021.10.macos64_1.0.0.202111181127/tools/bin/../lib/gcc/arm-none-eabi/10.3.1/../../../../arm-none-eabi/lib/thumb/v7e-m+fp/hard/libc_nano.a(lib_a-init.o)
                              /Applications/STM32CubeIDE.app/Contents/Eclipse/plugins/com.st.stm32cube.ide.mcu.externaltools.gnu-tools-for-stm32.10.3-2021.10.macos64_1.0.0.202111181127/tools/bin/../lib/gcc/arm-none-eabi/10.3.1/../../../../arm-none-eabi/lib/thumb/v7e-m+fp/hard/crt0.o (__libc_init_array)
/Applications/STM32CubeIDE.app/Contents/Eclipse/plugins/com.st.stm32cube.ide.mcu.externaltools.gnu-tools-for-stm32.10.3-2021.10.macos64_1.0.0.202111181127/tools/bin/../lib/gcc/arm-none-eabi/10.3.1/../../../../arm-none-eabi/lib/thumb/v7e-m+fp/hard/libc_nano.a(lib_a-memcpy-stub.o)
                              ./Core/Src/main.o (memcpy)
/Applications/STM32CubeIDE.app/Contents/Eclipse/plugins/com.st.stm32cube.ide.mcu.externaltools.gnu-tools-for-stm32.10.3-2021.10.macos64_1.0.0.202111181127/tools/bin/../lib/gcc/arm-none-eabi/10.3.1/../../../../arm-none-eabi/lib/thumb/v7e-m+fp/hard/libc_nano.a(lib_a-memset.o)
                              /Applications/STM32CubeIDE.app/Contents/Eclipse/plugins/com.st.stm32cube.ide.mcu.externaltools.gnu-tools-for-stm32.10.3-2021.10.macos64_1.0.0.202111181127/tools/bin/../lib/gcc/arm-none-eabi/10.3.1/../../../../arm-none-eabi/lib/thumb/v7e-m+fp/hard/crt0.o (memset)
/Applications/STM32CubeIDE.app/Contents/Eclipse/plugins/com.st.stm32cube.ide.mcu.externaltools.gnu-tools-for-stm32.10.3-2021.10.macos64_1.0.0.202111181127/tools/bin/../lib/gcc/arm-none-eabi/10.3.1/../../../../arm-none-eabi/lib/thumb/v7e-m+fp/hard/libc_nano.a(lib_a-sprintf.o)
                              ./Core/Src/Fingerprint_Sensor_Library.o (sprintf)
/Applications/STM32CubeIDE.app/Contents/Eclipse/plugins/com.st.stm32cube.ide.mcu.externaltools.gnu-tools-for-stm32.10.3-2021.10.macos64_1.0.0.202111181127/tools/bin/../lib/gcc/arm-none-eabi/10.3.1/../../../../arm-none-eabi/lib/thumb/v7e-m+fp/hard/libc_nano.a(lib_a-strlen.o)
                              ./Core/Src/Fingerprint_Sensor_Library.o (strlen)
/Applications/STM32CubeIDE.app/Contents/Eclipse/plugins/com.st.stm32cube.ide.mcu.externaltools.gnu-tools-for-stm32.10.3-2021.10.macos64_1.0.0.202111181127/tools/bin/../lib/gcc/arm-none-eabi/10.3.1/../../../../arm-none-eabi/lib/thumb/v7e-m+fp/hard/libc_nano.a(lib_a-nano-svfprintf.o)
                              /Applications/STM32CubeIDE.app/Contents/Eclipse/plugins/com.st.stm32cube.ide.mcu.externaltools.gnu-tools-for-stm32.10.3-2021.10.macos64_1.0.0.202111181127/tools/bin/../lib/gcc/arm-none-eabi/10.3.1/../../../../arm-none-eabi/lib/thumb/v7e-m+fp/hard/libc_nano.a(lib_a-sprintf.o) (_svfprintf_r)
/Applications/STM32CubeIDE.app/Contents/Eclipse/plugins/com.st.stm32cube.ide.mcu.externaltools.gnu-tools-for-stm32.10.3-2021.10.macos64_1.0.0.202111181127/tools/bin/../lib/gcc/arm-none-eabi/10.3.1/../../../../arm-none-eabi/lib/thumb/v7e-m+fp/hard/libc_nano.a(lib_a-nano-vfprintf_i.o)
                              /Applications/STM32CubeIDE.app/Contents/Eclipse/plugins/com.st.stm32cube.ide.mcu.externaltools.gnu-tools-for-stm32.10.3-2021.10.macos64_1.0.0.202111181127/tools/bin/../lib/gcc/arm-none-eabi/10.3.1/../../../../arm-none-eabi/lib/thumb/v7e-m+fp/hard/libc_nano.a(lib_a-nano-svfprintf.o) (_printf_i)
[...]
Memory Configuration

Name             Origin             Length             Attributes
RAM              0x0000000020000000 0x0000000000020000 xrw
FLASH            0x0000000008000000 0x0000000000080000 xr
*default*        0x0000000000000000 0xffffffffffffffff

Linker script and memory map

LOAD /Applications/STM32CubeIDE.app/Contents/Eclipse/plugins/com.st.stm32cube.ide.mcu.externaltools.gnu-tools-for-stm32.10.3-2021.10.macos64_1.0.0.202111181127/tools/bin/../lib/gcc/arm-none-eabi/10.3.1/thumb/v7e-m+fp/hard/crti.o
LOAD /Applications/STM32CubeIDE.app/Contents/Eclipse/plugins/com.st.stm32cube.ide.mcu.externaltools.gnu-tools-for-stm32.10.3-2021.10.macos64_1.0.0.202111181127/tools/bin/../lib/gcc/arm-none-eabi/10.3.1/thumb/v7e-m+fp/hard/crtbegin.o
LOAD /Applications/STM32CubeIDE.app/Contents/Eclipse/plugins/com.st.stm32cube.ide.mcu.externaltools.gnu-tools-for-stm32.10.3-2021.10.macos64_1.0.0.202111181127/tools/bin/../lib/gcc/arm-none-eabi/10.3.1/../../../../arm-none-eabi/lib/thumb/v7e-m+fp/hard/crt0.o
LOAD ./Core/Src/Fingerprint_Sensor_Library.o
LOAD ./Core/Src/STM32f411E_FlashMemory.o
LOAD ./Core/Src/UI.o
LOAD ./Core/Src/gpio.o
LOAD ./Core/Src/main.o
LOAD ./Core/Src/stm32f4xx_hal_msp.o
LOAD ./Core/Src/stm32f4xx_it.o
LOAD ./Core/Src/syscalls.o
LOAD ./Core/Src/sysmem.o
LOAD ./Core/Src/system_stm32f4xx.o
LOAD ./Core/Src/usart.o
LOAD ./Core/Startup/startup_stm32f411vetx.o
LOAD ./Drivers/STM32F4xx_HAL_Driver/Src/stm32f4xx_hal.o
LOAD ./Drivers/STM32F4xx_HAL_Driver/Src/stm32f4xx_hal_cortex.o
LOAD ./Drivers/STM32F4xx_HAL_Driver/Src/stm32f4xx_hal_dma.o
LOAD ./Drivers/STM32F4xx_HAL_Driver/Src/stm32f4xx_hal_dma_ex.o
LOAD ./Drivers/STM32F4xx_HAL_Driver/Src/stm32f4xx_hal_exti.o
LOAD ./Drivers/STM32F4xx_HAL_Driver/Src/stm32f4xx_hal_flash.o
LOAD ./Drivers/STM32F4xx_HAL_Driver/Src/stm32f4xx_hal_flash_ex.o
LOAD ./Drivers/STM32F4xx_HAL_Driver/Src/stm32f4xx_hal_flash_ramfunc.o
LOAD ./Drivers/STM32F4xx_HAL_Driver/Src/stm32f4xx_hal_gpio.o
LOAD ./Drivers/STM32F4xx_HAL_Driver/Src/stm32f4xx_hal_pcd.o
LOAD ./Drivers/STM32F4xx_HAL_Driver/Src/stm32f4xx_hal_pcd_ex.o
LOAD ./Drivers/STM32F4xx_HAL_Driver/Src/stm32f4xx_hal_pwr.o
LOAD ./Drivers/STM32F4xx_HAL_Driver/Src/stm32f4xx_hal_pwr_ex.o
LOAD ./Drivers/STM32F4xx_HAL_Driver/Src/stm32f4xx_hal_rcc.o
LOAD ./Drivers/STM32F4xx_HAL_Driver/Src/stm32f4xx_hal_rcc_ex.o
LOAD ./Drivers/STM32F4xx_HAL_Driver/Src/stm32f4xx_hal_tim.o
LOAD ./Drivers/STM32F4xx_HAL_Driver/Src/stm32f4xx_hal_tim_ex.o
LOAD ./Drivers/STM32F4xx_HAL_Driver/Src/stm32f4xx_hal_uart.o
LOAD ./Drivers/STM32F4xx_HAL_Driver/Src/stm32f4xx_ll_usb.o
LOAD ./Middlewares/ST/STM32_USB_Device_Library/Class/CDC/Src/usbd_cdc.o
LOAD ./Middlewares/ST/STM32_USB_Device_Library/Core/Src/usbd_core.o
LOAD ./Middlewares/ST/STM32_USB_Device_Library/Core/Src/usbd_ctlreq.o
LOAD ./Middlewares/ST/STM32_USB_Device_Library/Core/Src/usbd_ioreq.o
LOAD ./USB_DEVICE/App/usb_device.o
LOAD ./USB_DEVICE/App/usbd_cdc_if.o
LOAD ./USB_DEVICE/App/usbd_desc.o
LOAD ./USB_DEVICE/Target/usbd_conf.o
START GROUP
LOAD /Applications/STM32CubeIDE.app/Contents/Eclipse/plugins/com.st.stm32cube.ide.mcu.externaltools.gnu-tools-for-stm32.10.3-2021.10.macos64_1.0.0.202111181127/tools/bin/../lib/gcc/arm-none-eabi/10.3.1/../../../../arm-none-eabi/lib/thumb/v7e-m+fp/hard/libc_nano.a
LOAD /Applications/STM32CubeIDE.app/Contents/Eclipse/plugins/com.st.stm32cube.ide.mcu.externaltools.gnu-tools-for-stm32.10.3-2021.10.macos64_1.0.0.202111181127/tools/bin/../lib/gcc/arm-none-eabi/10.3.1/../../../../arm-none-eabi/lib/thumb/v7e-m+fp/hard/libm.a
END GROUP
START GROUP
LOAD /Applications/STM32CubeIDE.app/Contents/Eclipse/plugins/com.st.stm32cube.ide.mcu.externaltools.gnu-tools-for-stm32.10.3-2021.10.macos64_1.0.0.202111181127/tools/bin/../lib/gcc/arm-none-eabi/10.3.1/thumb/v7e-m+fp/hard/libgcc.a
LOAD /Applications/STM32CubeIDE.app/Contents/Eclipse/plugins/com.st.stm32cube.ide.mcu.externaltools.gnu-tools-for-stm32.10.3-2021.10.macos64_1.0.0.202111181127/tools/bin/../lib/gcc/arm-none-eabi/10.3.1/../../../../arm-none-eabi/lib/thumb/v7e-m+fp/hard/libc_nano.a
END GROUP
START GROUP
LOAD /Applications/STM32CubeIDE.app/Contents/Eclipse/plugins/com.st.stm32cube.ide.mcu.externaltools.gnu-tools-for-stm32.10.3-2021.10.macos64_1.0.0.202111181127/tools/bin/../lib/gcc/arm-none-eabi/10.3.1/thumb/v7e-m+fp/hard/libgcc.a
LOAD /Applications/STM32CubeIDE.app/Contents/Eclipse/plugins/com.st.stm32cube.ide.mcu.externaltools.gnu-tools-for-stm32.10.3-2021.10.macos64_1.0.0.202111181127/tools/bin/../lib/gcc/arm-none-eabi/10.3.1/../../../../arm-none-eabi/lib/thumb/v7e-m+fp/hard/libc_nano.a
LOAD /Applications/STM32CubeIDE.app/Contents/Eclipse/plugins/com.st.stm32cube.ide.mcu.externaltools.gnu-tools-for-stm32.10.3-2021.10.macos64_1.0.0.202111181127/tools/bin/../lib/gcc/arm-none-eabi/10.3.1/../../../../arm-none-eabi/lib/thumb/v7e-m+fp/hard/libnosys.a
END GROUP
START GROUP
LOAD /Applications/STM32CubeIDE.app/Contents/Eclipse/plugins/com.st.stm32cube.ide.mcu.externaltools.gnu-tools-for-stm32.10.3-2021.10.macos64_1.0.0.202111181127/tools/bin/../lib/gcc/arm-none-eabi/10.3.1/thumb/v7e-m+fp/hard/libgcc.a
LOAD /Applications/STM32CubeIDE.app/Contents/Eclipse/plugins/com.st.stm32cube.ide.mcu.externaltools.gnu-tools-for-stm32.10.3-2021.10.macos64_1.0.0.202111181127/tools/bin/../lib/gcc/arm-none-eabi/10.3.1/../../../../arm-none-eabi/lib/thumb/v7e-m+fp/hard/libc_nano.a
LOAD /Applications/STM32CubeIDE.app/Contents/Eclipse/plugins/com.st.stm32cube.ide.mcu.externaltools.gnu-tools-for-stm32.10.3-2021.10.macos64_1.0.0.202111181127/tools/bin/../lib/gcc/arm-none-eabi/10.3.1/../../../../arm-none-eabi/lib/thumb/v7e-m+fp/hard/libnosys.a
END GROUP
LOAD /Applications/STM32CubeIDE.app/Contents/Eclipse/plugins/com.st.stm32cube.ide.mcu.externaltools.gnu-tools-for-stm32.10.3-2021.10.macos64_1.0.0.202111181127/tools/bin/../lib/gcc/arm-none-eabi/10.3.1/thumb/v7e-m+fp/hard/crtend.o
LOAD /Applications/STM32CubeIDE.app/Contents/Eclipse/plugins/com.st.stm32cube.ide.mcu.externaltools.gnu-tools-for-stm32.10.3-2021.10.macos64_1.0.0.202111181127/tools/bin/../lib/gcc/arm-none-eabi/10.3.1/thumb/v7e-m+fp/hard/crtn.o
                0x0000000020020000                _estack = (ORIGIN (RAM) + LENGTH (RAM))
                0x0000000000000200                _Min_Heap_Size = 0x200
                0x0000000000000400                _Min_Stack_Size = 0x400

.isr_vector     0x0000000008000000      0x198
                0x0000000008000000                . = ALIGN (0x4)
 *(.isr_vector)
 .isr_vector    0x0000000008000000      0x198 ./Core/Startup/startup_stm32f411vetx.o
                0x0000000008000000                g_pfnVectors
                0x0000000008000198                . = ALIGN (0x4)

.text           0x00000000080001a0     0xb948
                0x00000000080001a0                . = ALIGN (0x4)
 *(.text)
 .text          0x00000000080001a0       0x40 /Applications/STM32CubeIDE.app/Contents/Eclipse/plugins/com.st.stm32cube.ide.mcu.externaltools.gnu-tools-for-stm32.10.3-2021.10.macos64_1.0.0.202111181127/tools/bin/../lib/gcc/arm-none-eabi/10.3.1/thumb/v7e-m+fp/hard/crtbegin.o
 .text          0x00000000080001e0       0x10 /Applications/STM32CubeIDE.app/Contents/Eclipse/plugins/com.st.stm32cube.ide.mcu.externaltools.gnu-tools-for-stm32.10.3-2021.10.macos64_1.0.0.202111181127/tools/bin/../lib/gcc/arm-none-eabi/10.3.1/../../../../arm-none-eabi/lib/thumb/v7e-m+fp/hard/libc_nano.a(lib_a-strlen.o)
                0x00000000080001e0                strlen
 .text          0x00000000080001f0       0xa0 /Applications/STM32CubeIDE.app/Contents/Eclipse/plugins/com.st.stm32cube.ide.mcu.externaltools.gnu-tools-for-stm32.10.3-2021.10.macos64_1.0.0.202111181127/tools/bin/../lib/gcc/arm-none-eabi/10.3.1/../../../../arm-none-eabi/lib/thumb/v7e-m+fp/hard/libc_nano.a(lib_a-memchr.o)
                0x00000000080001f0                memchr
 .text          0x0000000008000290       0x30 /Applications/STM32CubeIDE.app/Contents/Eclipse/plugins/com.st.stm32cube.ide.mcu.externaltools.gnu-tools-for-stm32.10.3-2021.10.macos64_1.0.0.202111181127/tools/bin/../lib/gcc/arm-none-eabi/10.3.1/thumb/v7e-m+fp/hard/libgcc.a(_aeabi_uldivmod.o)
                0x0000000008000290                __aeabi_uldivmod
 .text          0x00000000080002c0      0x2d0 /Applications/STM32CubeIDE.app/Contents/Eclipse/plugins/com.st.stm32cube.ide.mcu.externaltools.gnu-tools-for-stm32.10.3-2021.10.macos64_1.0.0.202111181127/tools/bin/../lib/gcc/arm-none-eabi/10.3.1/thumb/v7e-m+fp/hard/libgcc.a(_udivmoddi4.o)
                0x00000000080002c0                __udivmoddi4
 .text          0x0000000008000590        0x4 /Applications/STM32CubeIDE.app/Contents/Eclipse/plugins/com.st.stm32cube.ide.mcu.externaltools.gnu-tools-for-stm32.10.3-2021.10.macos64_1.0.0.202111181127/tools/bin/../lib/gcc/arm-none-eabi/10.3.1/thumb/v7e-m+fp/hard/libgcc.a(_dvmd_tls.o)
                0x0000000008000590                __aeabi_ldiv0
                0x0000000008000590                __aeabi_idiv0
 *(.text*)
 .text.UART3_FINGER_Init
                0x0000000008000594       0x54 ./Core/Src/Fingerprint_Sensor_Library.o
                0x0000000008000594                UART3_FINGER_Init
 .text.writeRegister
                0x00000000080005e8       0x60 ./Core/Src/Fingerprint_Sensor_Library.o
                0x00000000080005e8                writeRegister
 .text.setSecurityLevel
                0x0000000008000648       0x24 ./Core/Src/Fingerprint_Sensor_Library.o
                0x0000000008000648                setSecurityLevel
 .text.writePacket
                0x000000000800066c      0x16c ./Core/Src/Fingerprint_Sensor_Library.o
                0x000000000800066c                writePacket
 .text.getReply
                0x00000000080007d8       0xec ./Core/Src/Fingerprint_Sensor_Library.o
                0x00000000080007d8                getReply
 .text.verifyPassword
                0x00000000080008c4       0x78 ./Core/Src/Fingerprint_Sensor_Library.o
                0x00000000080008c4                verifyPassword
 .text.setPassword
                0x000000000800093c       0x6c ./Core/Src/Fingerprint_Sensor_Library.o
                0x000000000800093c                setPassword
 .text.getImage
                0x00000000080009a8       0x4c ./Core/Src/Fingerprint_Sensor_Library.o
                0x00000000080009a8                getImage
 .text.image2Tz
                0x00000000080009f4       0x58 ./Core/Src/Fingerprint_Sensor_Library.o
                0x00000000080009f4                image2Tz
 .text.createModel
                0x0000000008000a4c       0x4c ./Core/Src/Fingerprint_Sensor_Library.o
                0x0000000008000a4c                createModel
 .text.storeModel
                0x0000000008000a98       0x64 ./Core/Src/Fingerprint_Sensor_Library.o
                0x0000000008000a98                storeModel
 .text.emptyDatabase
                0x0000000008000afc       0x4c ./Core/Src/Fingerprint_Sensor_Library.o
                0x0000000008000afc                emptyDatabase
 .text.printFingerID
                0x0000000008000b48       0xd0 ./Core/Src/Fingerprint_Sensor_Library.o
                0x0000000008000b48                printFingerID
 .text.printFailed
                0x0000000008000c18       0x98 ./Core/Src/Fingerprint_Sensor_Library.o
                0x0000000008000c18                printFailed
 .text.fingerFastSearch
                0x0000000008000cb0      0x318 ./Core/Src/Fingerprint_Sensor_Library.o
                0x0000000008000cb0                fingerFastSearch
 .text.fingerEnroll
                0x0000000008000fc8      0x3a8 ./Core/Src/Fingerprint_Sensor_Library.o
                0x0000000008000fc8                fingerEnroll
 .text.fingerIDSearch
                0x0000000008001370      0x2c0 ./Core/Src/Fingerprint_Sensor_Library.o
                0x0000000008001370                fingerIDSearch
 .text.getParameter
                0x0000000008001630      0x144 ./Core/Src/Fingerprint_Sensor_Library.o
                0x0000000008001630                getParameter
 .text.showParameter
                0x0000000008001774      0x30c ./Core/Src/Fingerprint_Sensor_Library.o
                0x0000000008001774                showParameter
 .text.setLEDColor
                0x0000000008001a80       0x8c ./Core/Src/Fingerprint_Sensor_Library.o
                0x0000000008001a80                setLEDColor
 .text.turnOnLED
                0x0000000008001b0c       0x1c ./Core/Src/Fingerprint_Sensor_Library.o
                0x0000000008001b0c                turnOnLED
 .text.turnOffLED
                0x0000000008001b28       0x3c ./Core/Src/Fingerprint_Sensor_Library.o
                0x0000000008001b28                turnOffLED
 .text.sendCommand
                0x0000000008001b64       0x4e ./Core/Src/Fingerprint_Sensor_Library.o
                0x0000000008001b64                sendCommand
 *fill*         0x0000000008001bb2        0x2 
 .text.getFingerprintCount
                0x0000000008001bb4       0x80 ./Core/Src/Fingerprint_Sensor_Library.o
                0x0000000008001bb4                getFingerprintCount
 .text.read_flash_memory
                0x0000000008001c34       0x24 ./Core/Src/STM32f411E_FlashMemory.o
                0x0000000008001c34                read_flash_memory
 .text.check_initial_status_flash
                0x0000000008001c58       0x68 ./Core/Src/STM32f411E_FlashMemory.o
                0x0000000008001c58                check_initial_status_flash
 .text.print_UI
                0x0000000008001cc0      0x354 ./Core/Src/UI.o
                0x0000000008001cc0                print_UI
 .text.MX_GPIO_Init
                0x0000000008002014      0x280 ./Core/Src/gpio.o
                0x0000000008002014                MX_GPIO_Init
 .text.main     0x0000000008002294      0x1c4 ./Core/Src/main.o
                0x0000000008002294                main
 .text.SystemClock_Config
                0x0000000008002458       0xd4 ./Core/Src/main.o
                0x0000000008002458                SystemClock_Config
 .text.addFingerprint
                0x000000000800252c       0x4a ./Core/Src/main.o
                0x000000000800252c                addFingerprint
 *fill*         0x0000000008002576        0x2 
 .text.handler_enroll_PFS
                0x0000000008002578      0x31c ./Core/Src/main.o
                0x0000000008002578                handler_enroll_PFS
 .text.handler_FindFingerprint
                0x0000000008002894       0x16 ./Core/Src/main.o
                0x0000000008002894                handler_FindFingerprint
 *fill*         0x00000000080028aa        0x2 
 .text.handler_ClearDataBase
                0x00000000080028ac      0x1f0 ./Core/Src/main.o
                0x00000000080028ac                handler_ClearDataBase
 .text.handler_setLED
                0x0000000008002a9c       0xf0 ./Core/Src/main.o
                0x0000000008002a9c                handler_setLED
 .text.handler_setColour
                0x0000000008002b8c       0x18 ./Core/Src/main.o
                0x0000000008002b8c                handler_setColour
 .text.handler_updateSecurity
                0x0000000008002ba4      0x128 ./Core/Src/main.o
                0x0000000008002ba4                handler_updateSecurity
 .text.handler_verifyPassword
                0x0000000008002ccc      0x158 ./Core/Src/main.o
                0x0000000008002ccc                handler_verifyPassword
 .text.handler_setPassword
                0x0000000008002e24      0x1c4 ./Core/Src/main.o
                0x0000000008002e24                handler_setPassword
 .text.handler_countFingerprints
                0x0000000008002fe8       0xa0 ./Core/Src/main.o
                0x0000000008002fe8                handler_countFingerprints
 .text.Error_Handler
                0x0000000008003088        0xa ./Core/Src/main.o
                0x0000000008003088                Error_Handler
 *fill*         0x0000000008003092        0x2 
 .text.HAL_MspInit
                0x0000000008003094       0x50 ./Core/Src/stm32f4xx_hal_msp.o
                0x0000000008003094                HAL_MspInit
 .text.NMI_Handler
                0x00000000080030e4        0x6 ./Core/Src/stm32f4xx_it.o
                0x00000000080030e4                NMI_Handler
 .text.HardFault_Handler
                0x00000000080030ea        0x6 ./Core/Src/stm32f4xx_it.o
                0x00000000080030ea                HardFault_Handler
 .text.MemManage_Handler
                0x00000000080030f0        0x6 ./Core/Src/stm32f4xx_it.o
                0x00000000080030f0                MemManage_Handler
 .text.BusFault_Handler
                0x00000000080030f6        0x6 ./Core/Src/stm32f4xx_it.o
                0x00000000080030f6                BusFault_Handler
 .text.UsageFault_Handler
                0x00000000080030fc        0x6 ./Core/Src/stm32f4xx_it.o
                0x00000000080030fc                UsageFault_Handler
 .text.SVC_Handler
                0x0000000008003102        0xe ./Core/Src/stm32f4xx_it.o
                0x0000000008003102                SVC_Handler
 .text.DebugMon_Handler
                0x0000000008003110        0xe ./Core/Src/stm32f4xx_it.o
                0x0000000008003110                DebugMon_Handler
 .text.PendSV_Handler
                0x000000000800311e        0xe ./Core/Src/stm32f4xx_it.o
                0x000000000800311e                PendSV_Handler
 .text.SysTick_Handler
                0x000000000800312c        0xc ./Core/Src/stm32f4xx_it.o
                0x000000000800312c                SysTick_Handler
 .text.USART1_IRQHandler
                0x0000000008003138       0x14 ./Core/Src/stm32f4xx_it.o
                0x0000000008003138                USART1_IRQHandler
 .text.USART2_IRQHandler
                0x000000000800314c       0x14 ./Core/Src/stm32f4xx_it.o
                0x000000000800314c                USART2_IRQHandler
 .text.OTG_FS_IRQHandler
                0x0000000008003160       0x14 ./Core/Src/stm32f4xx_it.o
                0x0000000008003160                OTG_FS_IRQHandler
 .text._sbrk    0x0000000008003174       0x6c ./Core/Src/sysmem.o
                0x0000000008003174                _sbrk
 .text.SystemInit
                0x00000000080031e0       0x24 ./Core/Src/system_stm32f4xx.o
                0x00000000080031e0                SystemInit
 .text.MX_USART1_UART_Init
                0x0000000008003204       0x54 ./Core/Src/usart.o
                0x0000000008003204                MX_USART1_UART_Init
 .text.MX_USART2_UART_Init
                0x0000000008003258       0x54 ./Core/Src/usart.o
                0x0000000008003258                MX_USART2_UART_Init
 .text.HAL_UART_MspInit
                0x00000000080032ac      0x158 ./Core/Src/usart.o
                0x00000000080032ac                HAL_UART_MspInit
 .text.Reset_Handler
                0x0000000008003404       0x50 ./Core/Startup/startup_stm32f411vetx.o
                0x0000000008003404                Reset_Handler
 .text.Default_Handler
                0x0000000008003454        0x2 ./Core/Startup/startup_stm32f411vetx.o
                0x0000000008003454                DMA1_Stream3_IRQHandler
                0x0000000008003454                EXTI2_IRQHandler
                0x0000000008003454                SPI4_IRQHandler
                0x0000000008003454                TIM1_CC_IRQHandler
                0x0000000008003454                DMA2_Stream5_IRQHandler
                0x0000000008003454                DMA1_Stream5_IRQHandler
                0x0000000008003454                PVD_IRQHandler
                0x0000000008003454                SDIO_IRQHandler
                0x0000000008003454                TAMP_STAMP_IRQHandler
                0x0000000008003454                EXTI3_IRQHandler
                0x0000000008003454                TIM1_UP_TIM10_IRQHandler
                0x0000000008003454                I2C3_ER_IRQHandler
                0x0000000008003454                EXTI0_IRQHandler
                0x0000000008003454                I2C2_EV_IRQHandler
                0x0000000008003454                DMA1_Stream2_IRQHandler
                0x0000000008003454                FPU_IRQHandler
                0x0000000008003454                DMA2_Stream2_IRQHandler
                0x0000000008003454                SPI1_IRQHandler
                0x0000000008003454                TIM1_BRK_TIM9_IRQHandler
                0x0000000008003454                DMA2_Stream3_IRQHandler
                0x0000000008003454                USART6_IRQHandler
                0x0000000008003454                DMA2_Stream0_IRQHandler
                0x0000000008003454                TIM4_IRQHandler
                0x0000000008003454                I2C1_EV_IRQHandler
                0x0000000008003454                DMA1_Stream6_IRQHandler
                0x0000000008003454                DMA1_Stream1_IRQHandler
                0x0000000008003454                TIM3_IRQHandler
                0x0000000008003454                RCC_IRQHandler
                0x0000000008003454                Default_Handler
                0x0000000008003454                EXTI15_10_IRQHandler
                0x0000000008003454                ADC_IRQHandler
                0x0000000008003454                DMA1_Stream7_IRQHandler
                0x0000000008003454                SPI5_IRQHandler
                0x0000000008003454                TIM5_IRQHandler
                0x0000000008003454                DMA2_Stream7_IRQHandler
                0x0000000008003454                I2C3_EV_IRQHandler
                0x0000000008003454                EXTI9_5_IRQHandler
                0x0000000008003454                RTC_WKUP_IRQHandler
                0x0000000008003454                SPI2_IRQHandler
                0x0000000008003454                DMA1_Stream0_IRQHandler
                0x0000000008003454                EXTI4_IRQHandler
                0x0000000008003454                WWDG_IRQHandler
                0x0000000008003454                TIM2_IRQHandler
                0x0000000008003454                OTG_FS_WKUP_IRQHandler
                0x0000000008003454                TIM1_TRG_COM_TIM11_IRQHandler
                0x0000000008003454                EXTI1_IRQHandler
                0x0000000008003454                I2C2_ER_IRQHandler
                0x0000000008003454                DMA2_Stream1_IRQHandler
                0x0000000008003454                FLASH_IRQHandler
                0x0000000008003454                DMA2_Stream4_IRQHandler
                0x0000000008003454                SPI3_IRQHandler
                0x0000000008003454                DMA1_Stream4_IRQHandler
                0x0000000008003454                I2C1_ER_IRQHandler
                0x0000000008003454                DMA2_Stream6_IRQHandler
                0x0000000008003454                RTC_Alarm_IRQHandler
 *fill*         0x0000000008003456        0x2 
 .text.HAL_Init
                0x0000000008003458       0x44 ./Drivers/STM32F4xx_HAL_Driver/Src/stm32f4xx_hal.o
                0x0000000008003458                HAL_Init
 .text.HAL_InitTick
                0x000000000800349c       0x60 ./Drivers/STM32F4xx_HAL_Driver/Src/stm32f4xx_hal.o
                0x000000000800349c                HAL_InitTick
 .text.HAL_IncTick
                0x00000000080034fc       0x28 ./Drivers/STM32F4xx_HAL_Driver/Src/stm32f4xx_hal.o
                0x00000000080034fc                HAL_IncTick
 .text.HAL_GetTick
                0x0000000008003524       0x18 ./Drivers/STM32F4xx_HAL_Driver/Src/stm32f4xx_hal.o
                0x0000000008003524                HAL_GetTick
 .text.HAL_Delay
                0x000000000800353c       0x48 ./Drivers/STM32F4xx_HAL_Driver/Src/stm32f4xx_hal.o
                0x000000000800353c                HAL_Delay
 .text.__NVIC_SetPriorityGrouping
                0x0000000008003584       0x48 ./Drivers/STM32F4xx_HAL_Driver/Src/stm32f4xx_hal_cortex.o
 .text.__NVIC_GetPriorityGrouping
                0x00000000080035cc       0x1c ./Drivers/STM32F4xx_HAL_Driver/Src/stm32f4xx_hal_cortex.o
 .text.__NVIC_EnableIRQ
                0x00000000080035e8       0x3c ./Drivers/STM32F4xx_HAL_Driver/Src/stm32f4xx_hal_cortex.o
 .text.__NVIC_SetPriority
                0x0000000008003624       0x54 ./Drivers/STM32F4xx_HAL_Driver/Src/stm32f4xx_hal_cortex.o
 .text.NVIC_EncodePriority
                0x0000000008003678       0x66 ./Drivers/STM32F4xx_HAL_Driver/Src/stm32f4xx_hal_cortex.o
 *fill*         0x00000000080036de        0x2 
 .text.SysTick_Config
                0x00000000080036e0       0x44 ./Drivers/STM32F4xx_HAL_Driver/Src/stm32f4xx_hal_cortex.o
 .text.HAL_NVIC_SetPriorityGrouping
                0x0000000008003724       0x16 ./Drivers/STM32F4xx_HAL_Driver/Src/stm32f4xx_hal_cortex.o
                0x0000000008003724                HAL_NVIC_SetPriorityGrouping
 .text.HAL_NVIC_SetPriority
                0x000000000800373a       0x38 ./Drivers/STM32F4xx_HAL_Driver/Src/stm32f4xx_hal_cortex.o
                0x000000000800373a                HAL_NVIC_SetPriority
 .text.HAL_NVIC_EnableIRQ
                0x0000000008003772       0x1c ./Drivers/STM32F4xx_HAL_Driver/Src/stm32f4xx_hal_cortex.o
                0x0000000008003772                HAL_NVIC_EnableIRQ
 .text.HAL_SYSTICK_Config
                0x000000000800378e       0x18 ./Drivers/STM32F4xx_HAL_Driver/Src/stm32f4xx_hal_cortex.o
                0x000000000800378e                HAL_SYSTICK_Config
 .text.HAL_DMA_Abort
                0x00000000080037a6       0xe0 ./Drivers/STM32F4xx_HAL_Driver/Src/stm32f4xx_hal_dma.o
                0x00000000080037a6                HAL_DMA_Abort
 .text.HAL_DMA_Abort_IT
                0x0000000008003886       0x44 ./Drivers/STM32F4xx_HAL_Driver/Src/stm32f4xx_hal_dma.o
                0x0000000008003886                HAL_DMA_Abort_IT
 *fill*         0x00000000080038ca        0x2 
 .text.HAL_FLASH_Program
                0x00000000080038cc       0xa8 ./Drivers/STM32F4xx_HAL_Driver/Src/stm32f4xx_hal_flash.o
                0x00000000080038cc                HAL_FLASH_Program
 .text.HAL_FLASH_Unlock
                0x0000000008003974       0x44 ./Drivers/STM32F4xx_HAL_Driver/Src/stm32f4xx_hal_flash.o
                0x0000000008003974                HAL_FLASH_Unlock
 .text.HAL_FLASH_Lock
                0x00000000080039b8       0x20 ./Drivers/STM32F4xx_HAL_Driver/Src/stm32f4xx_hal_flash.o
                0x00000000080039b8                HAL_FLASH_Lock
 .text.FLASH_WaitForLastOperation
                0x00000000080039d8       0x80 ./Drivers/STM32F4xx_HAL_Driver/Src/stm32f4xx_hal_flash.o
                0x00000000080039d8                FLASH_WaitForLastOperation
 .text.FLASH_Program_DoubleWord
                0x0000000008003a58       0x64 ./Drivers/STM32F4xx_HAL_Driver/Src/stm32f4xx_hal_flash.o
 .text.FLASH_Program_Word
                0x0000000008003abc       0x44 ./Drivers/STM32F4xx_HAL_Driver/Src/stm32f4xx_hal_flash.o
 .text.FLASH_Program_HalfWord
                0x0000000008003b00       0x48 ./Drivers/STM32F4xx_HAL_Driver/Src/stm32f4xx_hal_flash.o
 .text.FLASH_Program_Byte
                0x0000000008003b48       0x44 ./Drivers/STM32F4xx_HAL_Driver/Src/stm32f4xx_hal_flash.o
 .text.FLASH_SetErrorCode
                0x0000000008003b8c       0xcc ./Drivers/STM32F4xx_HAL_Driver/Src/stm32f4xx_hal_flash.o
 .text.HAL_GPIO_Init
                0x0000000008003c58      0x308 ./Drivers/STM32F4xx_HAL_Driver/Src/stm32f4xx_hal_gpio.o
                0x0000000008003c58                HAL_GPIO_Init
 .text.HAL_GPIO_WritePin
                0x0000000008003f60       0x32 ./Drivers/STM32F4xx_HAL_Driver/Src/stm32f4xx_hal_gpio.o
                0x0000000008003f60                HAL_GPIO_WritePin
 .text.HAL_PCD_Init
                0x0000000008003f92      0x23a ./Drivers/STM32F4xx_HAL_Driver/Src/stm32f4xx_hal_pcd.o
                0x0000000008003f92                HAL_PCD_Init
 .text.HAL_PCD_Start
                0x00000000080041cc       0x66 ./Drivers/STM32F4xx_HAL_Driver/Src/stm32f4xx_hal_pcd.o
                0x00000000080041cc                HAL_PCD_Start
 .text.HAL_PCD_IRQHandler
                0x0000000008004232      0x93e ./Drivers/STM32F4xx_HAL_Driver/Src/stm32f4xx_hal_pcd.o
                0x0000000008004232                HAL_PCD_IRQHandler
 .text.HAL_PCD_SetAddress
                0x0000000008004b70       0x4a ./Drivers/STM32F4xx_HAL_Driver/Src/stm32f4xx_hal_pcd.o
                0x0000000008004b70                HAL_PCD_SetAddress
 .text.HAL_PCD_EP_Open
                0x0000000008004bba       0xd0 ./Drivers/STM32F4xx_HAL_Driver/Src/stm32f4xx_hal_pcd.o
                0x0000000008004bba                HAL_PCD_EP_Open
 .text.HAL_PCD_EP_Close
                0x0000000008004c8a       0x94 ./Drivers/STM32F4xx_HAL_Driver/Src/stm32f4xx_hal_pcd.o
                0x0000000008004c8a                HAL_PCD_EP_Close
 .text.HAL_PCD_EP_Receive
                0x0000000008004d1e       0x96 ./Drivers/STM32F4xx_HAL_Driver/Src/stm32f4xx_hal_pcd.o
                0x0000000008004d1e                HAL_PCD_EP_Receive
 .text.HAL_PCD_EP_GetRxCount
                0x0000000008004db4       0x30 ./Drivers/STM32F4xx_HAL_Driver/Src/stm32f4xx_hal_pcd.o
                0x0000000008004db4                HAL_PCD_EP_GetRxCount
 .text.HAL_PCD_EP_Transmit
                0x0000000008004de4       0x94 ./Drivers/STM32F4xx_HAL_Driver/Src/stm32f4xx_hal_pcd.o
                0x0000000008004de4                HAL_PCD_EP_Transmit
 .text.HAL_PCD_EP_SetStall
                0x0000000008004e78       0xc8 ./Drivers/STM32F4xx_HAL_Driver/Src/stm32f4xx_hal_pcd.o
                0x0000000008004e78                HAL_PCD_EP_SetStall
 .text.HAL_PCD_EP_ClrStall
                0x0000000008004f40       0xac ./Drivers/STM32F4xx_HAL_Driver/Src/stm32f4xx_hal_pcd.o
                0x0000000008004f40                HAL_PCD_EP_ClrStall
 .text.HAL_PCD_EP_Abort
                0x0000000008004fec       0x62 ./Drivers/STM32F4xx_HAL_Driver/Src/stm32f4xx_hal_pcd.o
                0x0000000008004fec                HAL_PCD_EP_Abort
 .text.PCD_WriteEmptyTxFifo
                0x000000000800504e      0x11a ./Drivers/STM32F4xx_HAL_Driver/Src/stm32f4xx_hal_pcd.o
 .text.PCD_EP_OutXfrComplete_int
                0x0000000008005168      0x1d0 ./Drivers/STM32F4xx_HAL_Driver/Src/stm32f4xx_hal_pcd.o
 .text.PCD_EP_OutSetupPacket_int
                0x0000000008005338       0x8c ./Drivers/STM32F4xx_HAL_Driver/Src/stm32f4xx_hal_pcd.o
 .text.HAL_PCDEx_SetTxFiFo
                0x00000000080053c4       0x8e ./Drivers/STM32F4xx_HAL_Driver/Src/stm32f4xx_hal_pcd_ex.o
                0x00000000080053c4                HAL_PCDEx_SetTxFiFo
 .text.HAL_PCDEx_SetRxFiFo
                0x0000000008005452       0x22 ./Drivers/STM32F4xx_HAL_Driver/Src/stm32f4xx_hal_pcd_ex.o
                0x0000000008005452                HAL_PCDEx_SetRxFiFo
 .text.HAL_PCDEx_LPM_Callback
                0x0000000008005474       0x18 ./Drivers/STM32F4xx_HAL_Driver/Src/stm32f4xx_hal_pcd_ex.o
                0x0000000008005474                HAL_PCDEx_LPM_Callback
 .text.HAL_RCC_OscConfig
                0x000000000800548c      0x4f0 ./Drivers/STM32F4xx_HAL_Driver/Src/stm32f4xx_hal_rcc.o
                0x000000000800548c                HAL_RCC_OscConfig
 .text.HAL_RCC_ClockConfig
                0x000000000800597c      0x1cc ./Drivers/STM32F4xx_HAL_Driver/Src/stm32f4xx_hal_rcc.o
                0x000000000800597c                HAL_RCC_ClockConfig
 .text.HAL_RCC_GetSysClockFreq
                0x0000000008005b48      0x20c ./Drivers/STM32F4xx_HAL_Driver/Src/stm32f4xx_hal_rcc.o
                0x0000000008005b48                HAL_RCC_GetSysClockFreq
 .text.HAL_RCC_GetHCLKFreq
                0x0000000008005d54       0x18 ./Drivers/STM32F4xx_HAL_Driver/Src/stm32f4xx_hal_rcc.o
                0x0000000008005d54                HAL_RCC_GetHCLKFreq
 .text.HAL_RCC_GetPCLK1Freq
                0x0000000008005d6c       0x28 ./Drivers/STM32F4xx_HAL_Driver/Src/stm32f4xx_hal_rcc.o
                0x0000000008005d6c                HAL_RCC_GetPCLK1Freq
 .text.HAL_RCC_GetPCLK2Freq
                0x0000000008005d94       0x28 ./Drivers/STM32F4xx_HAL_Driver/Src/stm32f4xx_hal_rcc.o
                0x0000000008005d94                HAL_RCC_GetPCLK2Freq
 .text.HAL_UART_Init
                0x0000000008005dbc       0x9a ./Drivers/STM32F4xx_HAL_Driver/Src/stm32f4xx_hal_uart.o
                0x0000000008005dbc                HAL_UART_Init
 .text.HAL_UART_Transmit
                0x0000000008005e56      0x124 ./Drivers/STM32F4xx_HAL_Driver/Src/stm32f4xx_hal_uart.o
                0x0000000008005e56                HAL_UART_Transmit
 .text.HAL_UART_Receive
                0x0000000008005f7a      0x144 ./Drivers/STM32F4xx_HAL_Driver/Src/stm32f4xx_hal_uart.o
                0x0000000008005f7a                HAL_UART_Receive
 *fill*         0x00000000080060be        0x2 
 .text.HAL_UART_IRQHandler
                0x00000000080060c0      0x51c ./Drivers/STM32F4xx_HAL_Driver/Src/stm32f4xx_hal_uart.o
                0x00000000080060c0                HAL_UART_IRQHandler
 .text.HAL_UART_TxCpltCallback
                0x00000000080065dc       0x14 ./Drivers/STM32F4xx_HAL_Driver/Src/stm32f4xx_hal_uart.o
                0x00000000080065dc                HAL_UART_TxCpltCallback
 .text.HAL_UART_RxCpltCallback
                0x00000000080065f0       0x14 ./Drivers/STM32F4xx_HAL_Driver/Src/stm32f4xx_hal_uart.o
                0x00000000080065f0                HAL_UART_RxCpltCallback
 .text.HAL_UART_ErrorCallback
                0x0000000008006604       0x14 ./Drivers/STM32F4xx_HAL_Driver/Src/stm32f4xx_hal_uart.o
                0x0000000008006604                HAL_UART_ErrorCallback
 .text.HAL_UARTEx_RxEventCallback
                0x0000000008006618       0x18 ./Drivers/STM32F4xx_HAL_Driver/Src/stm32f4xx_hal_uart.o
                0x0000000008006618                HAL_UARTEx_RxEventCallback
 .text.UART_WaitOnFlagUntilTimeout
                0x0000000008006630       0xdc ./Drivers/STM32F4xx_HAL_Driver/Src/stm32f4xx_hal_uart.o
 .text.UART_EndRxTransfer
                0x000000000800670c       0xc6 ./Drivers/STM32F4xx_HAL_Driver/Src/stm32f4xx_hal_uart.o
 .text.UART_DMAAbortOnError
                0x00000000080067d2       0x28 ./Drivers/STM32F4xx_HAL_Driver/Src/stm32f4xx_hal_uart.o
 .text.UART_Transmit_IT
                0x00000000080067fa       0xa0 ./Drivers/STM32F4xx_HAL_Driver/Src/stm32f4xx_hal_uart.o
 .text.UART_EndTransmit_IT
                0x000000000800689a       0x30 ./Drivers/STM32F4xx_HAL_Driver/Src/stm32f4xx_hal_uart.o
 .text.UART_Receive_IT
                0x00000000080068ca      0x176 ./Drivers/STM32F4xx_HAL_Driver/Src/stm32f4xx_hal_uart.o
 .text.UART_SetConfig
                0x0000000008006a40      0x4e8 ./Drivers/STM32F4xx_HAL_Driver/Src/stm32f4xx_hal_uart.o
 .text.USB_CoreInit
                0x0000000008006f28       0xc2 ./Drivers/STM32F4xx_HAL_Driver/Src/stm32f4xx_ll_usb.o
                0x0000000008006f28                USB_CoreInit
 *fill*         0x0000000008006fea        0x2 
 .text.USB_SetTurnaroundTime
                0x0000000008006fec      0x144 ./Drivers/STM32F4xx_HAL_Driver/Src/stm32f4xx_ll_usb.o
                0x0000000008006fec                USB_SetTurnaroundTime
 .text.USB_EnableGlobalInt
                0x0000000008007130       0x22 ./Drivers/STM32F4xx_HAL_Driver/Src/stm32f4xx_ll_usb.o
                0x0000000008007130                USB_EnableGlobalInt
 .text.USB_DisableGlobalInt
                0x0000000008007152       0x22 ./Drivers/STM32F4xx_HAL_Driver/Src/stm32f4xx_ll_usb.o
                0x0000000008007152                USB_DisableGlobalInt
 .text.USB_SetCurrentMode
                0x0000000008007174       0x98 ./Drivers/STM32F4xx_HAL_Driver/Src/stm32f4xx_ll_usb.o
                0x0000000008007174                USB_SetCurrentMode
 .text.USB_DevInit
                0x000000000800720c      0x2c8 ./Drivers/STM32F4xx_HAL_Driver/Src/stm32f4xx_ll_usb.o
                0x000000000800720c                USB_DevInit
 .text.USB_FlushTxFifo
                0x00000000080074d4       0x68 ./Drivers/STM32F4xx_HAL_Driver/Src/stm32f4xx_ll_usb.o
                0x00000000080074d4                USB_FlushTxFifo
 .text.USB_FlushRxFifo
                0x000000000800753c       0x60 ./Drivers/STM32F4xx_HAL_Driver/Src/stm32f4xx_ll_usb.o
                0x000000000800753c                USB_FlushRxFifo
 .text.USB_SetDevSpeed
                0x000000000800759c       0x32 ./Drivers/STM32F4xx_HAL_Driver/Src/stm32f4xx_ll_usb.o
                0x000000000800759c                USB_SetDevSpeed
 .text.USB_GetDevSpeed
                0x00000000080075ce       0x4a ./Drivers/STM32F4xx_HAL_Driver/Src/stm32f4xx_ll_usb.o
                0x00000000080075ce                USB_GetDevSpeed
 .text.USB_ActivateEndpoint
                0x0000000008007618      0x10e ./Drivers/STM32F4xx_HAL_Driver/Src/stm32f4xx_ll_usb.o
                0x0000000008007618                USB_ActivateEndpoint
 *fill*         0x0000000008007726        0x2 
 .text.USB_DeactivateEndpoint
                0x0000000008007728      0x1b8 ./Drivers/STM32F4xx_HAL_Driver/Src/stm32f4xx_ll_usb.o
                0x0000000008007728                USB_DeactivateEndpoint
 .text.USB_EPStartXfer
                0x00000000080078e0      0x490 ./Drivers/STM32F4xx_HAL_Driver/Src/stm32f4xx_ll_usb.o
                0x00000000080078e0                USB_EPStartXfer
 .text.USB_EP0StartXfer
                0x0000000008007d70      0x2b0 ./Drivers/STM32F4xx_HAL_Driver/Src/stm32f4xx_ll_usb.o
                0x0000000008007d70                USB_EP0StartXfer
 .text.USB_EPStopXfer
                0x0000000008008020      0x154 ./Drivers/STM32F4xx_HAL_Driver/Src/stm32f4xx_ll_usb.o
                0x0000000008008020                USB_EPStopXfer
 .text.USB_WritePacket
                0x0000000008008174       0x7c ./Drivers/STM32F4xx_HAL_Driver/Src/stm32f4xx_ll_usb.o
                0x0000000008008174                USB_WritePacket
 .text.USB_ReadPacket
                0x00000000080081f0       0xb0 ./Drivers/STM32F4xx_HAL_Driver/Src/stm32f4xx_ll_usb.o
                0x00000000080081f0                USB_ReadPacket
 .text.USB_EPSetStall
                0x00000000080082a0       0xdc ./Drivers/STM32F4xx_HAL_Driver/Src/stm32f4xx_ll_usb.o
                0x00000000080082a0                USB_EPSetStall
 .text.USB_EPClearStall
                0x000000000800837c       0xcc ./Drivers/STM32F4xx_HAL_Driver/Src/stm32f4xx_ll_usb.o
                0x000000000800837c                USB_EPClearStall
 .text.USB_SetDevAddress
                0x0000000008008448       0x4c ./Drivers/STM32F4xx_HAL_Driver/Src/stm32f4xx_ll_usb.o
                0x0000000008008448                USB_SetDevAddress
 .text.USB_DevConnect
                0x0000000008008494       0x42 ./Drivers/STM32F4xx_HAL_Driver/Src/stm32f4xx_ll_usb.o
                0x0000000008008494                USB_DevConnect
 .text.USB_DevDisconnect
                0x00000000080084d6       0x42 ./Drivers/STM32F4xx_HAL_Driver/Src/stm32f4xx_ll_usb.o
                0x00000000080084d6                USB_DevDisconnect
 .text.USB_ReadInterrupts
                0x0000000008008518       0x26 ./Drivers/STM32F4xx_HAL_Driver/Src/stm32f4xx_ll_usb.o
                0x0000000008008518                USB_ReadInterrupts
 .text.USB_ReadDevAllOutEpInterrupt
                0x000000000800853e       0x34 ./Drivers/STM32F4xx_HAL_Driver/Src/stm32f4xx_ll_usb.o
                0x000000000800853e                USB_ReadDevAllOutEpInterrupt
 .text.USB_ReadDevAllInEpInterrupt
                0x0000000008008572       0x34 ./Drivers/STM32F4xx_HAL_Driver/Src/stm32f4xx_ll_usb.o
                0x0000000008008572                USB_ReadDevAllInEpInterrupt
 .text.USB_ReadDevOutEPInterrupt
                0x00000000080085a6       0x3c ./Drivers/STM32F4xx_HAL_Driver/Src/stm32f4xx_ll_usb.o
                0x00000000080085a6                USB_ReadDevOutEPInterrupt
 .text.USB_ReadDevInEPInterrupt
                0x00000000080085e2       0x5c ./Drivers/STM32F4xx_HAL_Driver/Src/stm32f4xx_ll_usb.o
                0x00000000080085e2                USB_ReadDevInEPInterrupt
 .text.USB_GetMode
                0x000000000800863e       0x1c ./Drivers/STM32F4xx_HAL_Driver/Src/stm32f4xx_ll_usb.o
                0x000000000800863e                USB_GetMode
 .text.USB_ActivateSetup
                0x000000000800865a       0x46 ./Drivers/STM32F4xx_HAL_Driver/Src/stm32f4xx_ll_usb.o
                0x000000000800865a                USB_ActivateSetup
 .text.USB_EP0_OutStart
                0x00000000080086a0       0xbc ./Drivers/STM32F4xx_HAL_Driver/Src/stm32f4xx_ll_usb.o
                0x00000000080086a0                USB_EP0_OutStart
 .text.USB_CoreReset
                0x000000000800875c       0x68 ./Drivers/STM32F4xx_HAL_Driver/Src/stm32f4xx_ll_usb.o
 .text.USBD_CDC_Init
                0x00000000080087c4      0x1f0 ./Middlewares/ST/STM32_USB_Device_Library/Class/CDC/Src/usbd_cdc.o
 .text.USBD_CDC_DeInit
                0x00000000080089b4      0x104 ./Middlewares/ST/STM32_USB_Device_Library/Class/CDC/Src/usbd_cdc.o
 .text.USBD_CDC_Setup
                0x0000000008008ab8      0x1b8 ./Middlewares/ST/STM32_USB_Device_Library/Class/CDC/Src/usbd_cdc.o
 .text.USBD_CDC_DataIn
                0x0000000008008c70       0xfe ./Middlewares/ST/STM32_USB_Device_Library/Class/CDC/Src/usbd_cdc.o
 .text.USBD_CDC_DataOut
                0x0000000008008d6e       0x70 ./Middlewares/ST/STM32_USB_Device_Library/Class/CDC/Src/usbd_cdc.o
 .text.USBD_CDC_EP0_RxReady
                0x0000000008008dde       0x76 ./Middlewares/ST/STM32_USB_Device_Library/Class/CDC/Src/usbd_cdc.o
 .text.USBD_CDC_GetFSCfgDesc
                0x0000000008008e54       0x70 ./Middlewares/ST/STM32_USB_Device_Library/Class/CDC/Src/usbd_cdc.o
 .text.USBD_CDC_GetHSCfgDesc
                0x0000000008008ec4       0x70 ./Middlewares/ST/STM32_USB_Device_Library/Class/CDC/Src/usbd_cdc.o
 .text.USBD_CDC_GetOtherSpeedCfgDesc
                0x0000000008008f34       0x70 ./Middlewares/ST/STM32_USB_Device_Library/Class/CDC/Src/usbd_cdc.o
 .text.USBD_CDC_GetDeviceQualifierDescriptor
                0x0000000008008fa4       0x20 ./Middlewares/ST/STM32_USB_Device_Library/Class/CDC/Src/usbd_cdc.o
                0x0000000008008fa4                USBD_CDC_GetDeviceQualifierDescriptor
 .text.USBD_CDC_RegisterInterface
                0x0000000008008fc4       0x34 ./Middlewares/ST/STM32_USB_Device_Library/Class/CDC/Src/usbd_cdc.o
                0x0000000008008fc4                USBD_CDC_RegisterInterface
 .text.USBD_CDC_SetTxBuffer
                0x0000000008008ff8       0x44 ./Middlewares/ST/STM32_USB_Device_Library/Class/CDC/Src/usbd_cdc.o
                0x0000000008008ff8                USBD_CDC_SetTxBuffer
 .text.USBD_CDC_SetRxBuffer
                0x000000000800903c       0x3a ./Middlewares/ST/STM32_USB_Device_Library/Class/CDC/Src/usbd_cdc.o
                0x000000000800903c                USBD_CDC_SetRxBuffer
 *fill*         0x0000000008009076        0x2 
 .text.USBD_CDC_TransmitPacket
                0x0000000008009078       0x8c ./Middlewares/ST/STM32_USB_Device_Library/Class/CDC/Src/usbd_cdc.o
                0x0000000008009078                USBD_CDC_TransmitPacket
 .text.USBD_CDC_ReceivePacket
                0x0000000008009104       0x6c ./Middlewares/ST/STM32_USB_Device_Library/Class/CDC/Src/usbd_cdc.o
                0x0000000008009104                USBD_CDC_ReceivePacket
 .text.USBD_Init
                0x0000000008009170       0x60 ./Middlewares/ST/STM32_USB_Device_Library/Core/Src/usbd_core.o
                0x0000000008009170                USBD_Init
 .text.USBD_RegisterClass
                0x00000000080091d0       0x6c ./Middlewares/ST/STM32_USB_Device_Library/Core/Src/usbd_core.o
                0x00000000080091d0                USBD_RegisterClass
 .text.USBD_Start
                0x000000000800923c       0x18 ./Middlewares/ST/STM32_USB_Device_Library/Core/Src/usbd_core.o
                0x000000000800923c                USBD_Start
 .text.USBD_RunTestMode
                0x0000000008009254       0x16 ./Middlewares/ST/STM32_USB_Device_Library/Core/Src/usbd_core.o
                0x0000000008009254                USBD_RunTestMode
 .text.USBD_SetClassConfig
                0x000000000800926a       0x38 ./Middlewares/ST/STM32_USB_Device_Library/Core/Src/usbd_core.o
                0x000000000800926a                USBD_SetClassConfig
 .text.USBD_ClrClassConfig
                0x00000000080092a2       0x34 ./Middlewares/ST/STM32_USB_Device_Library/Core/Src/usbd_core.o
                0x00000000080092a2                USBD_ClrClassConfig
 .text.USBD_LL_SetupStage
                0x00000000080092d6       0xaa ./Middlewares/ST/STM32_USB_Device_Library/Core/Src/usbd_core.o
                0x00000000080092d6                USBD_LL_SetupStage
 .text.USBD_LL_DataOutStage
                0x0000000008009380      0x166 ./Middlewares/ST/STM32_USB_Device_Library/Core/Src/usbd_core.o
                0x0000000008009380                USBD_LL_DataOutStage
 .text.USBD_LL_DataInStage
                0x00000000080094e6      0x164 ./Middlewares/ST/STM32_USB_Device_Library/Core/Src/usbd_core.o
                0x00000000080094e6                USBD_LL_DataInStage
 .text.USBD_LL_Reset
                0x000000000800964a       0xa4 ./Middlewares/ST/STM32_USB_Device_Library/Core/Src/usbd_core.o
                0x000000000800964a                USBD_LL_Reset
 .text.USBD_LL_SetSpeed
                0x00000000080096ee       0x20 ./Middlewares/ST/STM32_USB_Device_Library/Core/Src/usbd_core.o
                0x00000000080096ee                USBD_LL_SetSpeed
 .text.USBD_LL_Suspend
                0x000000000800970e       0x2c ./Middlewares/ST/STM32_USB_Device_Library/Core/Src/usbd_core.o
                0x000000000800970e                USBD_LL_Suspend
 .text.USBD_LL_Resume
                0x000000000800973a       0x30 ./Middlewares/ST/STM32_USB_Device_Library/Core/Src/usbd_core.o
                0x000000000800973a                USBD_LL_Resume
 .text.USBD_LL_SOF
                0x000000000800976a       0x40 ./Middlewares/ST/STM32_USB_Device_Library/Core/Src/usbd_core.o
                0x000000000800976a                USBD_LL_SOF
 .text.USBD_LL_IsoINIncomplete
                0x00000000080097aa       0x64 ./Middlewares/ST/STM32_USB_Device_Library/Core/Src/usbd_core.o
                0x00000000080097aa                USBD_LL_IsoINIncomplete
 .text.USBD_LL_IsoOUTIncomplete
                0x000000000800980e       0x64 ./Middlewares/ST/STM32_USB_Device_Library/Core/Src/usbd_core.o
                0x000000000800980e                USBD_LL_IsoOUTIncomplete
 .text.USBD_LL_DevConnected
                0x0000000008009872       0x16 ./Middlewares/ST/STM32_USB_Device_Library/Core/Src/usbd_core.o
                0x0000000008009872                USBD_LL_DevConnected
 .text.USBD_LL_DevDisconnected
                0x0000000008009888       0x46 ./Middlewares/ST/STM32_USB_Device_Library/Core/Src/usbd_core.o
                0x0000000008009888                USBD_LL_DevDisconnected
 .text.USBD_CoreFindIF
                0x00000000080098ce       0x1a ./Middlewares/ST/STM32_USB_Device_Library/Core/Src/usbd_core.o
                0x00000000080098ce                USBD_CoreFindIF
 .text.USBD_CoreFindEP
                0x00000000080098e8       0x1a ./Middlewares/ST/STM32_USB_Device_Library/Core/Src/usbd_core.o
                0x00000000080098e8                USBD_CoreFindEP
 .text.USBD_GetEpDesc
                0x0000000008009902       0x74 ./Middlewares/ST/STM32_USB_Device_Library/Core/Src/usbd_core.o
                0x0000000008009902                USBD_GetEpDesc
 .text.USBD_GetNextDesc
                0x0000000008009976       0x3a ./Middlewares/ST/STM32_USB_Device_Library/Core/Src/usbd_core.o
                0x0000000008009976                USBD_GetNextDesc
 .text.SWAPBYTE
                0x00000000080099b0       0x3c ./Middlewares/ST/STM32_USB_Device_Library/Core/Src/usbd_ctlreq.o
 .text.USBD_StdDevReq
                0x00000000080099ec       0xe4 ./Middlewares/ST/STM32_USB_Device_Library/Core/Src/usbd_ctlreq.o
                0x00000000080099ec                USBD_StdDevReq
 .text.USBD_StdItfReq
                0x0000000008009ad0       0xd8 ./Middlewares/ST/STM32_USB_Device_Library/Core/Src/usbd_ctlreq.o
                0x0000000008009ad0                USBD_StdItfReq
 .text.USBD_StdEPReq
                0x0000000008009ba8      0x33a ./Middlewares/ST/STM32_USB_Device_Library/Core/Src/usbd_ctlreq.o
                0x0000000008009ba8                USBD_StdEPReq
 *fill*         0x0000000008009ee2        0x2 
 .text.USBD_GetDescriptor
                0x0000000008009ee4      0x2d4 ./Middlewares/ST/STM32_USB_Device_Library/Core/Src/usbd_ctlreq.o
 .text.USBD_SetAddress
                0x000000000800a1b8       0x88 ./Middlewares/ST/STM32_USB_Device_Library/Core/Src/usbd_ctlreq.o
 .text.USBD_SetConfig
                0x000000000800a240      0x154 ./Middlewares/ST/STM32_USB_Device_Library/Core/Src/usbd_ctlreq.o
 .text.USBD_GetConfig
                0x000000000800a394       0x6c ./Middlewares/ST/STM32_USB_Device_Library/Core/Src/usbd_ctlreq.o
 .text.USBD_GetStatus
                0x000000000800a400       0x68 ./Middlewares/ST/STM32_USB_Device_Library/Core/Src/usbd_ctlreq.o
 .text.USBD_SetFeature
                0x000000000800a468       0x52 ./Middlewares/ST/STM32_USB_Device_Library/Core/Src/usbd_ctlreq.o
 .text.USBD_ClrFeature
                0x000000000800a4ba       0x44 ./Middlewares/ST/STM32_USB_Device_Library/Core/Src/usbd_ctlreq.o
 .text.USBD_ParseSetupRequest
                0x000000000800a4fe       0x74 ./Middlewares/ST/STM32_USB_Device_Library/Core/Src/usbd_ctlreq.o
                0x000000000800a4fe                USBD_ParseSetupRequest
 .text.USBD_CtlError
                0x000000000800a572       0x22 ./Middlewares/ST/STM32_USB_Device_Library/Core/Src/usbd_ctlreq.o
                0x000000000800a572                USBD_CtlError
 .text.USBD_GetString
                0x000000000800a594       0x8c ./Middlewares/ST/STM32_USB_Device_Library/Core/Src/usbd_ctlreq.o
                0x000000000800a594                USBD_GetString
 .text.USBD_GetLen
                0x000000000800a620       0x34 ./Middlewares/ST/STM32_USB_Device_Library/Core/Src/usbd_ctlreq.o
 .text.USBD_CtlSendData
                0x000000000800a654       0x36 ./Middlewares/ST/STM32_USB_Device_Library/Core/Src/usbd_ioreq.o
                0x000000000800a654                USBD_CtlSendData
 .text.USBD_CtlContinueSendData
                0x000000000800a68a       0x22 ./Middlewares/ST/STM32_USB_Device_Library/Core/Src/usbd_ioreq.o
                0x000000000800a68a                USBD_CtlContinueSendData
 .text.USBD_CtlPrepareRx
                0x000000000800a6ac       0x3a ./Middlewares/ST/STM32_USB_Device_Library/Core/Src/usbd_ioreq.o
                0x000000000800a6ac                USBD_CtlPrepareRx
 .text.USBD_CtlContinueRx
                0x000000000800a6e6       0x22 ./Middlewares/ST/STM32_USB_Device_Library/Core/Src/usbd_ioreq.o
                0x000000000800a6e6                USBD_CtlContinueRx
 .text.USBD_CtlSendStatus
                0x000000000800a708       0x26 ./Middlewares/ST/STM32_USB_Device_Library/Core/Src/usbd_ioreq.o
                0x000000000800a708                USBD_CtlSendStatus
 .text.USBD_CtlReceiveStatus
                0x000000000800a72e       0x26 ./Middlewares/ST/STM32_USB_Device_Library/Core/Src/usbd_ioreq.o
                0x000000000800a72e                USBD_CtlReceiveStatus
 .text.MX_USB_DEVICE_Init
                0x000000000800a754       0x60 ./USB_DEVICE/App/usb_device.o
                0x000000000800a754                MX_USB_DEVICE_Init
 .text.CDC_Init_FS
                0x000000000800a7b4       0x28 ./USB_DEVICE/App/usbd_cdc_if.o
 .text.CDC_DeInit_FS
                0x000000000800a7dc       0x10 ./USB_DEVICE/App/usbd_cdc_if.o
 .text.CDC_Control_FS
                0x000000000800a7ec       0xbc ./USB_DEVICE/App/usbd_cdc_if.o
 .text.CDC_Receive_FS
                0x000000000800a8a8       0x28 ./USB_DEVICE/App/usbd_cdc_if.o
                0x000000000800a8a8                CDC_Receive_FS
 .text.CDC_Transmit_FS
                0x000000000800a8d0       0x4c ./USB_DEVICE/App/usbd_cdc_if.o
                0x000000000800a8d0                CDC_Transmit_FS
 .text.CDC_TransmitCplt_FS
                0x000000000800a91c       0x22 ./USB_DEVICE/App/usbd_cdc_if.o
 *fill*         0x000000000800a93e        0x2 
 .text.USBD_FS_DeviceDescriptor
                0x000000000800a940       0x24 ./USB_DEVICE/App/usbd_desc.o
                0x000000000800a940                USBD_FS_DeviceDescriptor
 .text.USBD_FS_LangIDStrDescriptor
                0x000000000800a964       0x24 ./USB_DEVICE/App/usbd_desc.o
                0x000000000800a964                USBD_FS_LangIDStrDescriptor
 .text.USBD_FS_ProductStrDescriptor
                0x000000000800a988       0x3c ./USB_DEVICE/App/usbd_desc.o
                0x000000000800a988                USBD_FS_ProductStrDescriptor
 .text.USBD_FS_ManufacturerStrDescriptor
                0x000000000800a9c4       0x28 ./USB_DEVICE/App/usbd_desc.o
                0x000000000800a9c4                USBD_FS_ManufacturerStrDescriptor
 .text.USBD_FS_SerialStrDescriptor
                0x000000000800a9ec       0x24 ./USB_DEVICE/App/usbd_desc.o
                0x000000000800a9ec                USBD_FS_SerialStrDescriptor
 .text.USBD_FS_ConfigStrDescriptor
                0x000000000800aa10       0x3c ./USB_DEVICE/App/usbd_desc.o
                0x000000000800aa10                USBD_FS_ConfigStrDescriptor
 .text.USBD_FS_InterfaceStrDescriptor
                0x000000000800aa4c       0x3c ./USB_DEVICE/App/usbd_desc.o
                0x000000000800aa4c                USBD_FS_InterfaceStrDescriptor
 .text.Get_SerialNum
                0x000000000800aa88       0x58 ./USB_DEVICE/App/usbd_desc.o
 .text.IntToUnicode
                0x000000000800aae0       0x7e ./USB_DEVICE/App/usbd_desc.o
 *fill*         0x000000000800ab5e        0x2 
 .text.HAL_PCD_MspInit
                0x000000000800ab60       0xc4 ./USB_DEVICE/Target/usbd_conf.o
                0x000000000800ab60                HAL_PCD_MspInit
 .text.HAL_PCD_SetupStageCallback
                0x000000000800ac24       0x24 ./USB_DEVICE/Target/usbd_conf.o
                0x000000000800ac24                HAL_PCD_SetupStageCallback
 .text.HAL_PCD_DataOutStageCallback
                0x000000000800ac48       0x36 ./USB_DEVICE/Target/usbd_conf.o
                0x000000000800ac48                HAL_PCD_DataOutStageCallback
 .text.HAL_PCD_DataInStageCallback
                0x000000000800ac7e       0x34 ./USB_DEVICE/Target/usbd_conf.o
                0x000000000800ac7e                HAL_PCD_DataInStageCallback
 .text.HAL_PCD_SOFCallback
                0x000000000800acb2       0x1c ./USB_DEVICE/Target/usbd_conf.o
                0x000000000800acb2                HAL_PCD_SOFCallback
 .text.HAL_PCD_ResetCallback
                0x000000000800acce       0x3c ./USB_DEVICE/Target/usbd_conf.o
                0x000000000800acce                HAL_PCD_ResetCallback
 *fill*         0x000000000800ad0a        0x2 
 .text.HAL_PCD_SuspendCallback
                0x000000000800ad0c       0x4c ./USB_DEVICE/Target/usbd_conf.o
                0x000000000800ad0c                HAL_PCD_SuspendCallback
 .text.HAL_PCD_ResumeCallback
                0x000000000800ad58       0x1c ./USB_DEVICE/Target/usbd_conf.o
                0x000000000800ad58                HAL_PCD_ResumeCallback
 .text.HAL_PCD_ISOOUTIncompleteCallback
                0x000000000800ad74       0x24 ./USB_DEVICE/Target/usbd_conf.o
                0x000000000800ad74                HAL_PCD_ISOOUTIncompleteCallback
 .text.HAL_PCD_ISOINIncompleteCallback
                0x000000000800ad98       0x24 ./USB_DEVICE/Target/usbd_conf.o
                0x000000000800ad98                HAL_PCD_ISOINIncompleteCallback
 .text.HAL_PCD_ConnectCallback
                0x000000000800adbc       0x1c ./USB_DEVICE/Target/usbd_conf.o
                0x000000000800adbc                HAL_PCD_ConnectCallback
 .text.HAL_PCD_DisconnectCallback
                0x000000000800add8       0x1c ./USB_DEVICE/Target/usbd_conf.o
                0x000000000800add8                HAL_PCD_DisconnectCallback
 .text.USBD_LL_Init
                0x000000000800adf4       0x98 ./USB_DEVICE/Target/usbd_conf.o
                0x000000000800adf4                USBD_LL_Init
 .text.USBD_LL_Start
                0x000000000800ae8c       0x36 ./USB_DEVICE/Target/usbd_conf.o
                0x000000000800ae8c                USBD_LL_Start
 .text.USBD_LL_OpenEP
                0x000000000800aec2       0x4c ./USB_DEVICE/Target/usbd_conf.o
                0x000000000800aec2                USBD_LL_OpenEP
 .text.USBD_LL_CloseEP
                0x000000000800af0e       0x3e ./USB_DEVICE/Target/usbd_conf.o
                0x000000000800af0e                USBD_LL_CloseEP
 .text.USBD_LL_StallEP
                0x000000000800af4c       0x3e ./USB_DEVICE/Target/usbd_conf.o
                0x000000000800af4c                USBD_LL_StallEP
 .text.USBD_LL_ClearStallEP
                0x000000000800af8a       0x3e ./USB_DEVICE/Target/usbd_conf.o
                0x000000000800af8a                USBD_LL_ClearStallEP
 .text.USBD_LL_IsStallEP
                0x000000000800afc8       0x58 ./USB_DEVICE/Target/usbd_conf.o
                0x000000000800afc8                USBD_LL_IsStallEP
 .text.USBD_LL_SetUSBAddress
                0x000000000800b020       0x3e ./USB_DEVICE/Target/usbd_conf.o
                0x000000000800b020                USBD_LL_SetUSBAddress
 .text.USBD_LL_Transmit
                0x000000000800b05e       0x42 ./USB_DEVICE/Target/usbd_conf.o
                0x000000000800b05e                USBD_LL_Transmit
 .text.USBD_LL_PrepareReceive
                0x000000000800b0a0       0x42 ./USB_DEVICE/Target/usbd_conf.o
                0x000000000800b0a0                USBD_LL_PrepareReceive
 .text.USBD_LL_GetRxDataSize
                0x000000000800b0e2       0x26 ./USB_DEVICE/Target/usbd_conf.o
                0x000000000800b0e2                USBD_LL_GetRxDataSize
 .text.USBD_static_malloc
                0x000000000800b108       0x1c ./USB_DEVICE/Target/usbd_conf.o
                0x000000000800b108                USBD_static_malloc
 .text.USBD_static_free
                0x000000000800b124       0x14 ./USB_DEVICE/Target/usbd_conf.o
                0x000000000800b124                USBD_static_free
 .text.USBD_Get_USB_Status
                0x000000000800b138       0x58 ./USB_DEVICE/Target/usbd_conf.o
                0x000000000800b138                USBD_Get_USB_Status
 .text.__errno  0x000000000800b190        0xc /Applications/STM32CubeIDE.app/Contents/Eclipse/plugins/com.st.stm32cube.ide.mcu.externaltools.gnu-tools-for-stm32.10.3-2021.10.macos64_1.0.0.202111181127/tools/bin/../lib/gcc/arm-none-eabi/10.3.1/../../../../arm-none-eabi/lib/thumb/v7e-m+fp/hard/libc_nano.a(lib_a-errno.o)
                0x000000000800b190                __errno
 .text.__libc_init_array
                0x000000000800b19c       0x48 /Applications/STM32CubeIDE.app/Contents/Eclipse/plugins/com.st.stm32cube.ide.mcu.externaltools.gnu-tools-for-stm32.10.3-2021.10.macos64_1.0.0.202111181127/tools/bin/../lib/gcc/arm-none-eabi/10.3.1/../../../../arm-none-eabi/lib/thumb/v7e-m+fp/hard/libc_nano.a(lib_a-init.o)
                0x000000000800b19c                __libc_init_array
 .text.memcpy   0x000000000800b1e4       0x1c /Applications/STM32CubeIDE.app/Contents/Eclipse/plugins/com.st.stm32cube.ide.mcu.externaltools.gnu-tools-for-stm32.10.3-2021.10.macos64_1.0.0.202111181127/tools/bin/../lib/gcc/arm-none-eabi/10.3.1/../../../../arm-none-eabi/lib/thumb/v7e-m+fp/hard/libc_nano.a(lib_a-memcpy-stub.o)
                0x000000000800b1e4                memcpy
 .text.memset   0x000000000800b200       0x10 /Applications/STM32CubeIDE.app/Contents/Eclipse/plugins/com.st.stm32cube.ide.mcu.externaltools.gnu-tools-for-stm32.10.3-2021.10.macos64_1.0.0.202111181127/tools/bin/../lib/gcc/arm-none-eabi/10.3.1/../../../../arm-none-eabi/lib/thumb/v7e-m+fp/hard/libc_nano.a(lib_a-memset.o)
                0x000000000800b200                memset
 .text.sprintf  0x000000000800b210       0x40 /Applications/STM32CubeIDE.app/Contents/Eclipse/plugins/com.st.stm32cube.ide.mcu.externaltools.gnu-tools-for-stm32.10.3-2021.10.macos64_1.0.0.202111181127/tools/bin/../lib/gcc/arm-none-eabi/10.3.1/../../../../arm-none-eabi/lib/thumb/v7e-m+fp/hard/libc_nano.a(lib_a-sprintf.o)
                0x000000000800b210                sprintf
                0x000000000800b210                siprintf
 .text.__ssputs_r
                0x000000000800b250       0xb6 /Applications/STM32CubeIDE.app/Contents/Eclipse/plugins/com.st.stm32cube.ide.mcu.externaltools.gnu-tools-for-stm32.10.3-2021.10.macos64_1.0.0.202111181127/tools/bin/../lib/gcc/arm-none-eabi/10.3.1/../../../../arm-none-eabi/lib/thumb/v7e-m+fp/hard/libc_nano.a(lib_a-nano-svfprintf.o)
                0x000000000800b250                __ssputs_r
 *fill*         0x000000000800b306        0x2 
 .text._svfprintf_r
                0x000000000800b308      0x200 /Applications/STM32CubeIDE.app/Contents/Eclipse/plugins/com.st.stm32cube.ide.mcu.externaltools.gnu-tools-for-stm32.10.3-2021.10.macos64_1.0.0.202111181127/tools/bin/../lib/gcc/arm-none-eabi/10.3.1/../../../../arm-none-eabi/lib/thumb/v7e-m+fp/hard/libc_nano.a(lib_a-nano-svfprintf.o)
                0x000000000800b308                _svfprintf_r
                0x000000000800b308                _svfiprintf_r
 .text._printf_common
                0x000000000800b508       0xda /Applications/STM32CubeIDE.app/Contents/Eclipse/plugins/com.st.stm32cube.ide.mcu.externaltools.gnu-tools-for-stm32.10.3-2021.10.macos64_1.0.0.202111181127/tools/bin/../lib/gcc/arm-none-eabi/10.3.1/../../../../arm-none-eabi/lib/thumb/v7e-m+fp/hard/libc_nano.a(lib_a-nano-vfprintf_i.o)
                0x000000000800b508                _printf_common
 *fill*         0x000000000800b5e2        0x2 
 .text._printf_i
                0x000000000800b5e4      0x24c /Applications/STM32CubeIDE.app/Contents/Eclipse/plugins/com.st.stm32cube.ide.mcu.externaltools.gnu-tools-for-stm32.10.3-2021.10.macos64_1.0.0.202111181127/tools/bin/../lib/gcc/arm-none-eabi/10.3.1/../../../../arm-none-eabi/lib/thumb/v7e-m+fp/hard/libc_nano.a(lib_a-nano-vfprintf_i.o)
                0x000000000800b5e4                _printf_i
 .text.memmove  0x000000000800b830       0x34 /Applications/STM32CubeIDE.app/Contents/Eclipse/plugins/com.st.stm32cube.ide.mcu.externaltools.gnu-tools-for-stm32.10.3-2021.10.macos64_1.0.0.202111181127/tools/bin/../lib/gcc/arm-none-eabi/10.3.1/../../../../arm-none-eabi/lib/thumb/v7e-m+fp/hard/libc_nano.a(lib_a-memmove.o)
                0x000000000800b830                memmove
 .text._free_r  0x000000000800b864       0x98 /Applications/STM32CubeIDE.app/Contents/Eclipse/plugins/com.st.stm32cube.ide.mcu.externaltools.gnu-tools-for-stm32.10.3-2021.10.macos64_1.0.0.202111181127/tools/bin/../lib/gcc/arm-none-eabi/10.3.1/../../../../arm-none-eabi/lib/thumb/v7e-m+fp/hard/libc_nano.a(lib_a-nano-freer.o)
                0x000000000800b864                _free_r
 .text.sbrk_aligned
                0x000000000800b8fc       0x40 /Applications/STM32CubeIDE.app/Contents/Eclipse/plugins/com.st.stm32cube.ide.mcu.externaltools.gnu-tools-for-stm32.10.3-2021.10.macos64_1.0.0.202111181127/tools/bin/../lib/gcc/arm-none-eabi/10.3.1/../../../../arm-none-eabi/lib/thumb/v7e-m+fp/hard/libc_nano.a(lib_a-nano-mallocr.o)
 .text._malloc_r
                0x000000000800b93c       0xe8 /Applications/STM32CubeIDE.app/Contents/Eclipse/plugins/com.st.stm32cube.ide.mcu.externaltools.gnu-tools-for-stm32.10.3-2021.10.macos64_1.0.0.202111181127/tools/bin/../lib/gcc/arm-none-eabi/10.3.1/../../../../arm-none-eabi/lib/thumb/v7e-m+fp/hard/libc_nano.a(lib_a-nano-mallocr.o)
                0x000000000800b93c                _malloc_r
 .text._realloc_r
                0x000000000800ba24       0x5e /Applications/STM32CubeIDE.app/Contents/Eclipse/plugins/com.st.stm32cube.ide.mcu.externaltools.gnu-tools-for-stm32.10.3-2021.10.macos64_1.0.0.202111181127/tools/bin/../lib/gcc/arm-none-eabi/10.3.1/../../../../arm-none-eabi/lib/thumb/v7e-m+fp/hard/libc_nano.a(lib_a-nano-reallocr.o)
                0x000000000800ba24                _realloc_r
 *fill*         0x000000000800ba82        0x2 
 .text._sbrk_r  0x000000000800ba84       0x20 /Applications/STM32CubeIDE.app/Contents/Eclipse/plugins/com.st.stm32cube.ide.mcu.externaltools.gnu-tools-for-stm32.10.3-2021.10.macos64_1.0.0.202111181127/tools/bin/../lib/gcc/arm-none-eabi/10.3.1/../../../../arm-none-eabi/lib/thumb/v7e-m+fp/hard/libc_nano.a(lib_a-sbrkr.o)
                0x000000000800ba84                _sbrk_r
 .text.__malloc_lock
                0x000000000800baa4        0xc /Applications/STM32CubeIDE.app/Contents/Eclipse/plugins/com.st.stm32cube.ide.mcu.externaltools.gnu-tools-for-stm32.10.3-2021.10.macos64_1.0.0.202111181127/tools/bin/../lib/gcc/arm-none-eabi/10.3.1/../../../../arm-none-eabi/lib/thumb/v7e-m+fp/hard/libc_nano.a(lib_a-mlock.o)
                0x000000000800baa4                __malloc_lock
 .text.__malloc_unlock
                0x000000000800bab0        0xc /Applications/STM32CubeIDE.app/Contents/Eclipse/plugins/com.st.stm32cube.ide.mcu.externaltools.gnu-tools-for-stm32.10.3-2021.10.macos64_1.0.0.202111181127/tools/bin/../lib/gcc/arm-none-eabi/10.3.1/../../../../arm-none-eabi/lib/thumb/v7e-m+fp/hard/libc_nano.a(lib_a-mlock.o)
                0x000000000800bab0                __malloc_unlock
 .text._malloc_usable_size_r
                0x000000000800babc       0x10 /Applications/STM32CubeIDE.app/Contents/Eclipse/plugins/com.st.stm32cube.ide.mcu.externaltools.gnu-tools-for-stm32.10.3-2021.10.macos64_1.0.0.202111181127/tools/bin/../lib/gcc/arm-none-eabi/10.3.1/../../../../arm-none-eabi/lib/thumb/v7e-m+fp/hard/libc_nano.a(lib_a-nano-msizer.o)
                0x000000000800babc                _malloc_usable_size_r
 .text.__retarget_lock_acquire_recursive
                0x000000000800bacc        0x2 /Applications/STM32CubeIDE.app/Contents/Eclipse/plugins/com.st.stm32cube.ide.mcu.externaltools.gnu-tools-for-stm32.10.3-2021.10.macos64_1.0.0.202111181127/tools/bin/../lib/gcc/arm-none-eabi/10.3.1/../../../../arm-none-eabi/lib/thumb/v7e-m+fp/hard/libc_nano.a(lib_a-lock.o)
                0x000000000800bacc                __retarget_lock_acquire_recursive
 .text.__retarget_lock_release_recursive
                0x000000000800bace        0x2 /Applications/STM32CubeIDE.app/Contents/Eclipse/plugins/com.st.stm32cube.ide.mcu.externaltools.gnu-tools-for-stm32.10.3-2021.10.macos64_1.0.0.202111181127/tools/bin/../lib/gcc/arm-none-eabi/10.3.1/../../../../arm-none-eabi/lib/thumb/v7e-m+fp/hard/libc_nano.a(lib_a-lock.o)
                0x000000000800bace                __retarget_lock_release_recursive
 *(.glue_7)
 .glue_7        0x000000000800bad0        0x0 linker stubs
 *(.glue_7t)
 .glue_7t       0x000000000800bad0        0x0 linker stubs
 *(.eh_frame)
 .eh_frame      0x000000000800bad0        0x0 /Applications/STM32CubeIDE.app/Contents/Eclipse/plugins/com.st.stm32cube.ide.mcu.externaltools.gnu-tools-for-stm32.10.3-2021.10.macos64_1.0.0.202111181127/tools/bin/../lib/gcc/arm-none-eabi/10.3.1/thumb/v7e-m+fp/hard/crtbegin.o
 *(.init)
 .init          0x000000000800bad0        0x4 /Applications/STM32CubeIDE.app/Contents/Eclipse/plugins/com.st.stm32cube.ide.mcu.externaltools.gnu-tools-for-stm32.10.3-2021.10.macos64_1.0.0.202111181127/tools/bin/../lib/gcc/arm-none-eabi/10.3.1/thumb/v7e-m+fp/hard/crti.o
                0x000000000800bad0                _init
 .init          0x000000000800bad4        0x8 /Applications/STM32CubeIDE.app/Contents/Eclipse/plugins/com.st.stm32cube.ide.mcu.externaltools.gnu-tools-for-stm32.10.3-2021.10.macos64_1.0.0.202111181127/tools/bin/../lib/gcc/arm-none-eabi/10.3.1/thumb/v7e-m+fp/hard/crtn.o
 *(.fini)
 .fini          0x000000000800badc        0x4 /Applications/STM32CubeIDE.app/Contents/Eclipse/plugins/com.st.stm32cube.ide.mcu.externaltools.gnu-tools-for-stm32.10.3-2021.10.macos64_1.0.0.202111181127/tools/bin/../lib/gcc/arm-none-eabi/10.3.1/thumb/v7e-m+fp/hard/crti.o
                0x000000000800badc                _fini
 .fini          0x000000000800bae0        0x8 /Applications/STM32CubeIDE.app/Contents/Eclipse/plugins/com.st.stm32cube.ide.mcu.externaltools.gnu-tools-for-stm32.10.3-2021.10.macos64_1.0.0.202111181127/tools/bin/../lib/gcc/arm-none-eabi/10.3.1/thumb/v7e-m+fp/hard/crtn.o
                0x000000000800bae8                . = ALIGN (0x4)
                0x000000000800bae8                _etext = .

.vfp11_veneer   0x000000000800bae8        0x0
 .vfp11_veneer  0x000000000800bae8        0x0 linker stubs

.v4_bx          0x000000000800bae8        0x0
 .v4_bx         0x000000000800bae8        0x0 linker stubs

.iplt           0x000000000800bae8        0x0
 .iplt          0x000000000800bae8        0x0 /Applications/STM32CubeIDE.app/Contents/Eclipse/plugins/com.st.stm32cube.ide.mcu.externaltools.gnu-tools-for-stm32.10.3-2021.10.macos64_1.0.0.202111181127/tools/bin/../lib/gcc/arm-none-eabi/10.3.1/thumb/v7e-m+fp/hard/crtbegin.o

.rodata         0x000000000800bae8      0xf7c
                0x000000000800bae8                . = ALIGN (0x4)
 *(.rodata)
 .rodata        0x000000000800bae8      0x62f ./Core/Src/Fingerprint_Sensor_Library.o
 *fill*         0x000000000800c117        0x1 
 .rodata        0x000000000800c118      0x2d1 ./Core/Src/UI.o
 *fill*         0x000000000800c3e9        0x3 
 .rodata        0x000000000800c3ec      0x5d4 ./Core/Src/main.o
 .rodata        0x000000000800c9c0       0x46 ./USB_DEVICE/App/usbd_desc.o
 *(.rodata*)
 *fill*         0x000000000800ca06        0x2 
 .rodata.CMD_GET_FP_COUNT
                0x000000000800ca08       0x10 ./Core/Src/Fingerprint_Sensor_Library.o
                0x000000000800ca08                CMD_GET_FP_COUNT
 .rodata.AHBPrescTable
                0x000000000800ca18       0x10 ./Core/Src/system_stm32f4xx.o
                0x000000000800ca18                AHBPrescTable
 .rodata.APBPrescTable
                0x000000000800ca28        0x8 ./Core/Src/system_stm32f4xx.o
                0x000000000800ca28                APBPrescTable
 .rodata._svfprintf_r.str1.1
                0x000000000800ca30       0x11 /Applications/STM32CubeIDE.app/Contents/Eclipse/plugins/com.st.stm32cube.ide.mcu.externaltools.gnu-tools-for-stm32.10.3-2021.10.macos64_1.0.0.202111181127/tools/bin/../lib/gcc/arm-none-eabi/10.3.1/../../../../arm-none-eabi/lib/thumb/v7e-m+fp/hard/libc_nano.a(lib_a-nano-svfprintf.o)
 .rodata._printf_i.str1.1
                0x000000000800ca41       0x22 /Applications/STM32CubeIDE.app/Contents/Eclipse/plugins/com.st.stm32cube.ide.mcu.externaltools.gnu-tools-for-stm32.10.3-2021.10.macos64_1.0.0.202111181127/tools/bin/../lib/gcc/arm-none-eabi/10.3.1/../../../../arm-none-eabi/lib/thumb/v7e-m+fp/hard/libc_nano.a(lib_a-nano-vfprintf_i.o)
                0x000000000800ca64                . = ALIGN (0x4)
 *fill*         0x000000000800ca63        0x1 

.ARM.extab      0x000000000800ca64        0x0
                0x000000000800ca64                . = ALIGN (0x4)
 *(.ARM.extab* .gnu.linkonce.armextab.*)
                0x000000000800ca64                . = ALIGN (0x4)

.ARM            0x000000000800ca64        0x8
                0x000000000800ca64                . = ALIGN (0x4)
                0x000000000800ca64                __exidx_start = .
 *(.ARM.exidx*)
 .ARM.exidx     0x000000000800ca64        0x8 /Applications/STM32CubeIDE.app/Contents/Eclipse/plugins/com.st.stm32cube.ide.mcu.externaltools.gnu-tools-for-stm32.10.3-2021.10.macos64_1.0.0.202111181127/tools/bin/../lib/gcc/arm-none-eabi/10.3.1/thumb/v7e-m+fp/hard/libgcc.a(_udivmoddi4.o)
                0x000000000800ca6c                __exidx_end = .
                0x000000000800ca6c                . = ALIGN (0x4)

.rel.dyn        0x000000000800ca6c        0x0
 .rel.iplt      0x000000000800ca6c        0x0 /Applications/STM32CubeIDE.app/Contents/Eclipse/plugins/com.st.stm32cube.ide.mcu.externaltools.gnu-tools-for-stm32.10.3-2021.10.macos64_1.0.0.202111181127/tools/bin/../lib/gcc/arm-none-eabi/10.3.1/thumb/v7e-m+fp/hard/crtbegin.o

.preinit_array  0x000000000800ca6c        0x0
                0x000000000800ca6c                . = ALIGN (0x4)
                0x000000000800ca6c                PROVIDE (__preinit_array_start = .)
 *(.preinit_array*)
                0x000000000800ca6c                PROVIDE (__preinit_array_end = .)
                0x000000000800ca6c                . = ALIGN (0x4)

.init_array     0x000000000800ca6c        0x4
                0x000000000800ca6c                . = ALIGN (0x4)
                0x000000000800ca6c                PROVIDE (__init_array_start = .)
 *(SORT_BY_NAME(.init_array.*))
 *(.init_array*)
 .init_array    0x000000000800ca6c        0x4 /Applications/STM32CubeIDE.app/Contents/Eclipse/plugins/com.st.stm32cube.ide.mcu.externaltools.gnu-tools-for-stm32.10.3-2021.10.macos64_1.0.0.202111181127/tools/bin/../lib/gcc/arm-none-eabi/10.3.1/thumb/v7e-m+fp/hard/crtbegin.o
                0x000000000800ca70                PROVIDE (__init_array_end = .)
                0x000000000800ca70                . = ALIGN (0x4)

.fini_array     0x000000000800ca70        0x4
                0x000000000800ca70                . = ALIGN (0x4)
                [!provide]                        PROVIDE (__fini_array_start = .)
 *(SORT_BY_NAME(.fini_array.*))
 *(.fini_array*)
 .fini_array    0x000000000800ca70        0x4 /Applications/STM32CubeIDE.app/Contents/Eclipse/plugins/com.st.stm32cube.ide.mcu.externaltools.gnu-tools-for-stm32.10.3-2021.10.macos64_1.0.0.202111181127/tools/bin/../lib/gcc/arm-none-eabi/10.3.1/thumb/v7e-m+fp/hard/crtbegin.o
                [!provide]                        PROVIDE (__fini_array_end = .)
                0x000000000800ca74                . = ALIGN (0x4)
                0x000000000800ca74                _sidata = LOADADDR (.data)

.data           0x0000000020000000      0x16c load address 0x000000000800ca74
                0x0000000020000000                . = ALIGN (0x4)
                0x0000000020000000                _sdata = .
 *(.data)
 *(.data*)
 .data.theAddress
                0x0000000020000000        0x4 ./Core/Src/Fingerprint_Sensor_Library.o
                0x0000000020000000                theAddress
 .data.flash_address
                0x0000000020000004        0x4 ./Core/Src/main.o
                0x0000000020000004                flash_address
 .data.entry    0x0000000020000008        0x1 ./Core/Src/main.o
                0x0000000020000008                entry
 *fill*         0x0000000020000009        0x3 
 .data.SystemCoreClock
                0x000000002000000c        0x4 ./Core/Src/system_stm32f4xx.o
                0x000000002000000c                SystemCoreClock
 .data.uwTickPrio
                0x0000000020000010        0x4 ./Drivers/STM32F4xx_HAL_Driver/Src/stm32f4xx_hal.o
                0x0000000020000010                uwTickPrio
 .data.uwTickFreq
                0x0000000020000014        0x1 ./Drivers/STM32F4xx_HAL_Driver/Src/stm32f4xx_hal.o
                0x0000000020000014                uwTickFreq
 *fill*         0x0000000020000015        0x3 
 .data.USBD_CDC_DeviceQualifierDesc
                0x0000000020000018        0xa ./Middlewares/ST/STM32_USB_Device_Library/Class/CDC/Src/usbd_cdc.o
 *fill*         0x0000000020000022        0x2 
 .data.USBD_CDC
                0x0000000020000024       0x38 ./Middlewares/ST/STM32_USB_Device_Library/Class/CDC/Src/usbd_cdc.o
                0x0000000020000024                USBD_CDC
 .data.USBD_CDC_CfgDesc
                0x000000002000005c       0x43 ./Middlewares/ST/STM32_USB_Device_Library/Class/CDC/Src/usbd_cdc.o
 .data.CDCInEpAdd
                0x000000002000009f        0x1 ./Middlewares/ST/STM32_USB_Device_Library/Class/CDC/Src/usbd_cdc.o
 .data.CDCOutEpAdd
                0x00000000200000a0        0x1 ./Middlewares/ST/STM32_USB_Device_Library/Class/CDC/Src/usbd_cdc.o
 .data.CDCCmdEpAdd
                0x00000000200000a1        0x1 ./Middlewares/ST/STM32_USB_Device_Library/Class/CDC/Src/usbd_cdc.o
 *fill*         0x00000000200000a2        0x2 
 .data.USBD_Interface_fops_FS
                0x00000000200000a4       0x14 ./USB_DEVICE/App/usbd_cdc_if.o
                0x00000000200000a4                USBD_Interface_fops_FS
 .data.FS_Desc  0x00000000200000b8       0x1c ./USB_DEVICE/App/usbd_desc.o
                0x00000000200000b8                FS_Desc
 .data.USBD_FS_DeviceDesc
                0x00000000200000d4       0x12 ./USB_DEVICE/App/usbd_desc.o
                0x00000000200000d4                USBD_FS_DeviceDesc
 *fill*         0x00000000200000e6        0x2 
 .data.USBD_LangIDDesc
                0x00000000200000e8        0x4 ./USB_DEVICE/App/usbd_desc.o
                0x00000000200000e8                USBD_LangIDDesc
 .data.USBD_StringSerial
                0x00000000200000ec       0x1a ./USB_DEVICE/App/usbd_desc.o
                0x00000000200000ec                USBD_StringSerial
 *fill*         0x0000000020000106        0x2 
 .data._impure_ptr
                0x0000000020000108        0x4 /Applications/STM32CubeIDE.app/Contents/Eclipse/plugins/com.st.stm32cube.ide.mcu.externaltools.gnu-tools-for-stm32.10.3-2021.10.macos64_1.0.0.202111181127/tools/bin/../lib/gcc/arm-none-eabi/10.3.1/../../../../arm-none-eabi/lib/thumb/v7e-m+fp/hard/libc_nano.a(lib_a-impure.o)
                0x0000000020000108                _impure_ptr
 .data.impure_data
                0x000000002000010c       0x60 /Applications/STM32CubeIDE.app/Contents/Eclipse/plugins/com.st.stm32cube.ide.mcu.externaltools.gnu-tools-for-stm32.10.3-2021.10.macos64_1.0.0.202111181127/tools/bin/../lib/gcc/arm-none-eabi/10.3.1/../../../../arm-none-eabi/lib/thumb/v7e-m+fp/hard/libc_nano.a(lib_a-impure.o)
 *(.RamFunc)
 *(.RamFunc*)
                0x000000002000016c                . = ALIGN (0x4)
                0x000000002000016c                _edata = .

.igot.plt       0x000000002000016c        0x0 load address 0x000000000800cbe0
 .igot.plt      0x000000002000016c        0x0 /Applications/STM32CubeIDE.app/Contents/Eclipse/plugins/com.st.stm32cube.ide.mcu.externaltools.gnu-tools-for-stm32.10.3-2021.10.macos64_1.0.0.202111181127/tools/bin/../lib/gcc/arm-none-eabi/10.3.1/thumb/v7e-m+fp/hard/crtbegin.o
                0x000000002000016c                . = ALIGN (0x4)

.bss            0x000000002000016c     0x1d60 load address 0x000000000800cbe0
                0x000000002000016c                _sbss = .
                0x000000002000016c                __bss_start__ = _sbss
 *(.bss)
 .bss           0x000000002000016c       0x1c /Applications/STM32CubeIDE.app/Contents/Eclipse/plugins/com.st.stm32cube.ide.mcu.externaltools.gnu-tools-for-stm32.10.3-2021.10.macos64_1.0.0.202111181127/tools/bin/../lib/gcc/arm-none-eabi/10.3.1/thumb/v7e-m+fp/hard/crtbegin.o
 *(.bss*)
 .bss.uartFinger
                0x0000000020000188       0x44 ./Core/Src/Fingerprint_Sensor_Library.o
                0x0000000020000188                uartFinger
 .bss.fingerID  0x00000000200001cc        0x2 ./Core/Src/Fingerprint_Sensor_Library.o
                0x00000000200001cc                fingerID
 .bss.confidence
                0x00000000200001ce        0x2 ./Core/Src/Fingerprint_Sensor_Library.o
                0x00000000200001ce                confidence
 .bss.recvPacket
                0x00000000200001d0       0x14 ./Core/Src/Fingerprint_Sensor_Library.o
                0x00000000200001d0                recvPacket
 .bss.thePassword
                0x00000000200001e4        0x4 ./Core/Src/Fingerprint_Sensor_Library.o
                0x00000000200001e4                thePassword
 .bss.status_reg
                0x00000000200001e8        0x2 ./Core/Src/Fingerprint_Sensor_Library.o
                0x00000000200001e8                status_reg
 .bss.system_id
                0x00000000200001ea        0x2 ./Core/Src/Fingerprint_Sensor_Library.o
                0x00000000200001ea                system_id
 .bss.capacity  0x00000000200001ec        0x2 ./Core/Src/Fingerprint_Sensor_Library.o
                0x00000000200001ec                capacity
 .bss.security_level
                0x00000000200001ee        0x2 ./Core/Src/Fingerprint_Sensor_Library.o
                0x00000000200001ee                security_level
 .bss.device_addr
                0x00000000200001f0        0x2 ./Core/Src/Fingerprint_Sensor_Library.o
                0x00000000200001f0                device_addr
 .bss.packet_len
                0x00000000200001f2        0x2 ./Core/Src/Fingerprint_Sensor_Library.o
                0x00000000200001f2                packet_len
 .bss.baud_rate
                0x00000000200001f4        0x2 ./Core/Src/Fingerprint_Sensor_Library.o
                0x00000000200001f4                baud_rate
 *fill*         0x00000000200001f6        0x2 
 .bss.flash_data
                0x00000000200001f8        0x4 ./Core/Src/main.o
                0x00000000200001f8                flash_data
 .bss.fingerprint_count
                0x00000000200001fc        0x4 ./Core/Src/main.o
                0x00000000200001fc                fingerprint_count
 .bss.__sbrk_heap_end
                0x0000000020000200        0x4 ./Core/Src/sysmem.o
 .bss.huart1    0x0000000020000204       0x44 ./Core/Src/usart.o
                0x0000000020000204                huart1
 .bss.huart2    0x0000000020000248       0x44 ./Core/Src/usart.o
                0x0000000020000248                huart2
 .bss.uwTick    0x000000002000028c        0x4 ./Drivers/STM32F4xx_HAL_Driver/Src/stm32f4xx_hal.o
                0x000000002000028c                uwTick
 .bss.pFlash    0x0000000020000290       0x20 ./Drivers/STM32F4xx_HAL_Driver/Src/stm32f4xx_hal_flash.o
                0x0000000020000290                pFlash
 .bss.cfgidx.0  0x00000000200002b0        0x1 ./Middlewares/ST/STM32_USB_Device_Library/Core/Src/usbd_ctlreq.o
 *fill*         0x00000000200002b1        0x3 
 .bss.hUsbDeviceFS
                0x00000000200002b4      0x2dc ./USB_DEVICE/App/usb_device.o
                0x00000000200002b4                hUsbDeviceFS
 .bss.UserRxBufferFS
                0x0000000020000590      0x800 ./USB_DEVICE/App/usbd_cdc_if.o
                0x0000000020000590                UserRxBufferFS
 .bss.UserTxBufferFS
                0x0000000020000d90      0x800 ./USB_DEVICE/App/usbd_cdc_if.o
                0x0000000020000d90                UserTxBufferFS
 .bss.USBD_StrDesc
                0x0000000020001590      0x200 ./USB_DEVICE/App/usbd_desc.o
                0x0000000020001590                USBD_StrDesc
 .bss.hpcd_USB_OTG_FS
                0x0000000020001790      0x50c ./USB_DEVICE/Target/usbd_conf.o
                0x0000000020001790                hpcd_USB_OTG_FS
 .bss.mem.0     0x0000000020001c9c      0x220 ./USB_DEVICE/Target/usbd_conf.o
 .bss.__malloc_free_list
                0x0000000020001ebc        0x4 /Applications/STM32CubeIDE.app/Contents/Eclipse/plugins/com.st.stm32cube.ide.mcu.externaltools.gnu-tools-for-stm32.10.3-2021.10.macos64_1.0.0.202111181127/tools/bin/../lib/gcc/arm-none-eabi/10.3.1/../../../../arm-none-eabi/lib/thumb/v7e-m+fp/hard/libc_nano.a(lib_a-nano-mallocr.o)
                0x0000000020001ebc                __malloc_free_list
 .bss.__malloc_sbrk_start
                0x0000000020001ec0        0x4 /Applications/STM32CubeIDE.app/Contents/Eclipse/plugins/com.st.stm32cube.ide.mcu.externaltools.gnu-tools-for-stm32.10.3-2021.10.macos64_1.0.0.202111181127/tools/bin/../lib/gcc/arm-none-eabi/10.3.1/../../../../arm-none-eabi/lib/thumb/v7e-m+fp/hard/libc_nano.a(lib_a-nano-mallocr.o)
                0x0000000020001ec0                __malloc_sbrk_start
 .bss.errno     0x0000000020001ec4        0x4 /Applications/STM32CubeIDE.app/Contents/Eclipse/plugins/com.st.stm32cube.ide.mcu.externaltools.gnu-tools-for-stm32.10.3-2021.10.macos64_1.0.0.202111181127/tools/bin/../lib/gcc/arm-none-eabi/10.3.1/../../../../arm-none-eabi/lib/thumb/v7e-m+fp/hard/libc_nano.a(lib_a-reent.o)
                0x0000000020001ec4                errno
 .bss.__lock___malloc_recursive_mutex
                0x0000000020001ec8        0x1 /Applications/STM32CubeIDE.app/Contents/Eclipse/plugins/com.st.stm32cube.ide.mcu.externaltools.gnu-tools-for-stm32.10.3-2021.10.macos64_1.0.0.202111181127/tools/bin/../lib/gcc/arm-none-eabi/10.3.1/../../../../arm-none-eabi/lib/thumb/v7e-m+fp/hard/libc_nano.a(lib_a-lock.o)
                0x0000000020001ec8                __lock___malloc_recursive_mutex
 *(COMMON)
                0x0000000020001ecc                . = ALIGN (0x4)
 *fill*         0x0000000020001ec9        0x3 
                0x0000000020001ecc                _ebss = .
                0x0000000020001ecc                __bss_end__ = _ebss

._user_heap_stack
                0x0000000020001ecc      0x604 load address 0x000000000800cbe0
                0x0000000020001ed0                . = ALIGN (0x8)
 *fill*         0x0000000020001ecc        0x4 
                [!provide]                        PROVIDE (end = .)
                0x0000000020001ed0                PROVIDE (_end = .)
                0x00000000200020d0                . = (. + _Min_Heap_Size)
 *fill*         0x0000000020001ed0      0x200 
                0x00000000200024d0                . = (. + _Min_Stack_Size)
 *fill*         0x00000000200020d0      0x400 
                0x00000000200024d0                . = ALIGN (0x8)

/DISCARD/
 libc.a(*)
 libm.a(*)
 libgcc.a(*)

.ARM.attributes
                0x0000000000000000       0x30
 *(.ARM.attributes)
 .ARM.attributes
                0x0000000000000000       0x1e /Applications/STM32CubeIDE.app/Contents/Eclipse/plugins/com.st.stm32cube.ide.mcu.externaltools.gnu-tools-for-stm32.10.3-2021.10.macos64_1.0.0.202111181127/tools/bin/../lib/gcc/arm-none-eabi/10.3.1/thumb/v7e-m+fp/hard/crti.o
 .ARM.attributes
                0x000000000000001e       0x34 /Applications/STM32CubeIDE.app/Contents/Eclipse/plugins/com.st.stm32cube.ide.mcu.externaltools.gnu-tools-for-stm32.10.3-2021.10.macos64_1.0.0.202111181127/tools/bin/../lib/gcc/arm-none-eabi/10.3.1/thumb/v7e-m+fp/hard/crtbegin.o
 .ARM.attributes
                0x0000000000000052       0x34 ./Core/Src/Fingerprint_Sensor_Library.o
 .ARM.attributes
                0x0000000000000086       0x34 ./Core/Src/STM32f411E_FlashMemory.o
 .ARM.attributes
                0x00000000000000ba       0x34 ./Core/Src/UI.o
 .ARM.attributes
                0x00000000000000ee       0x34 ./Core/Src/gpio.o
 .ARM.attributes
                0x0000000000000122       0x34 ./Core/Src/main.o
 .ARM.attributes
                0x0000000000000156       0x34 ./Core/Src/stm32f4xx_hal_msp.o
 .ARM.attributes
                0x000000000000018a       0x34 ./Core/Src/stm32f4xx_it.o
 .ARM.attributes
                0x00000000000001be       0x34 ./Core/Src/sysmem.o
 .ARM.attributes
                0x00000000000001f2       0x34 ./Core/Src/system_stm32f4xx.o
 .ARM.attributes
                0x0000000000000226       0x34 ./Core/Src/usart.o
 .ARM.attributes
                0x000000000000025a       0x21 ./Core/Startup/startup_stm32f411vetx.o
 .ARM.attributes
                0x000000000000027b       0x34 ./Drivers/STM32F4xx_HAL_Driver/Src/stm32f4xx_hal.o
 .ARM.attributes
                0x00000000000002af       0x34 ./Drivers/STM32F4xx_HAL_Driver/Src/stm32f4xx_hal_cortex.o
 .ARM.attributes
                0x00000000000002e3       0x34 ./Drivers/STM32F4xx_HAL_Driver/Src/stm32f4xx_hal_dma.o
 .ARM.attributes
                0x0000000000000317       0x34 ./Drivers/STM32F4xx_HAL_Driver/Src/stm32f4xx_hal_flash.o
 .ARM.attributes
                0x000000000000034b       0x34 ./Drivers/STM32F4xx_HAL_Driver/Src/stm32f4xx_hal_gpio.o
 .ARM.attributes
                0x000000000000037f       0x34 ./Drivers/STM32F4xx_HAL_Driver/Src/stm32f4xx_hal_pcd.o
 .ARM.attributes
                0x00000000000003b3       0x34 ./Drivers/STM32F4xx_HAL_Driver/Src/stm32f4xx_hal_pcd_ex.o
 .ARM.attributes
                0x00000000000003e7       0x34 ./Drivers/STM32F4xx_HAL_Driver/Src/stm32f4xx_hal_rcc.o
 .ARM.attributes
                0x000000000000041b       0x34 ./Drivers/STM32F4xx_HAL_Driver/Src/stm32f4xx_hal_uart.o
 .ARM.attributes
                0x000000000000044f       0x34 ./Drivers/STM32F4xx_HAL_Driver/Src/stm32f4xx_ll_usb.o
 .ARM.attributes
                0x0000000000000483       0x34 ./Middlewares/ST/STM32_USB_Device_Library/Class/CDC/Src/usbd_cdc.o
 .ARM.attributes
                0x00000000000004b7       0x34 ./Middlewares/ST/STM32_USB_Device_Library/Core/Src/usbd_core.o
 .ARM.attributes
                0x00000000000004eb       0x34 ./Middlewares/ST/STM32_USB_Device_Library/Core/Src/usbd_ctlreq.o
 .ARM.attributes
                0x000000000000051f       0x34 ./Middlewares/ST/STM32_USB_Device_Library/Core/Src/usbd_ioreq.o
 .ARM.attributes
                0x0000000000000553       0x34 ./USB_DEVICE/App/usb_device.o
 .ARM.attributes
                0x0000000000000587       0x34 ./USB_DEVICE/App/usbd_cdc_if.o
 .ARM.attributes
                0x00000000000005bb       0x34 ./USB_DEVICE/App/usbd_desc.o
 .ARM.attributes
                0x00000000000005ef       0x34 ./USB_DEVICE/Target/usbd_conf.o
 .ARM.attributes
                0x0000000000000623       0x34 /Applications/STM32CubeIDE.app/Contents/Eclipse/plugins/com.st.stm32cube.ide.mcu.externaltools.gnu-tools-for-stm32.10.3-2021.10.macos64_1.0.0.202111181127/tools/bin/../lib/gcc/arm-none-eabi/10.3.1/../../../../arm-none-eabi/lib/thumb/v7e-m+fp/hard/libc_nano.a(lib_a-errno.o)
 .ARM.attributes
                0x0000000000000657       0x34 /Applications/STM32CubeIDE.app/Contents/Eclipse/plugins/com.st.stm32cube.ide.mcu.externaltools.gnu-tools-for-stm32.10.3-2021.10.macos64_1.0.0.202111181127/tools/bin/../lib/gcc/arm-none-eabi/10.3.1/../../../../arm-none-eabi/lib/thumb/v7e-m+fp/hard/libc_nano.a(lib_a-impure.o)
 .ARM.attributes
                0x000000000000068b       0x34 /Applications/STM32CubeIDE.app/Contents/Eclipse/plugins/com.st.stm32cube.ide.mcu.externaltools.gnu-tools-for-stm32.10.3-2021.10.macos64_1.0.0.202111181127/tools/bin/../lib/gcc/arm-none-eabi/10.3.1/../../../../arm-none-eabi/lib/thumb/v7e-m+fp/hard/libc_nano.a(lib_a-init.o)
 .ARM.attributes
                0x00000000000006bf       0x34 /Applications/STM32CubeIDE.app/Contents/Eclipse/plugins/com.st.stm32cube.ide.mcu.externaltools.gnu-tools-for-stm32.10.3-2021.10.macos64_1.0.0.202111181127/tools/bin/../lib/gcc/arm-none-eabi/10.3.1/../../../../arm-none-eabi/lib/thumb/v7e-m+fp/hard/libc_nano.a(lib_a-memcpy-stub.o)
 .ARM.attributes
                0x00000000000006f3       0x34 /Applications/STM32CubeIDE.app/Contents/Eclipse/plugins/com.st.stm32cube.ide.mcu.externaltools.gnu-tools-for-stm32.10.3-2021.10.macos64_1.0.0.202111181127/tools/bin/../lib/gcc/arm-none-eabi/10.3.1/../../../../arm-none-eabi/lib/thumb/v7e-m+fp/hard/libc_nano.a(lib_a-memset.o)
 .ARM.attributes
                0x0000000000000727       0x34 /Applications/STM32CubeIDE.app/Contents/Eclipse/plugins/com.st.stm32cube.ide.mcu.externaltools.gnu-tools-for-stm32.10.3-2021.10.macos64_1.0.0.202111181127/tools/bin/../lib/gcc/arm-none-eabi/10.3.1/../../../../arm-none-eabi/lib/thumb/v7e-m+fp/hard/libc_nano.a(lib_a-sprintf.o)
 .ARM.attributes
                0x000000000000075b       0x17 /Applications/STM32CubeIDE.app/Contents/Eclipse/plugins/com.st.stm32cube.ide.mcu.externaltools.gnu-tools-for-stm32.10.3-2021.10.macos64_1.0.0.202111181127/tools/bin/../lib/gcc/arm-none-eabi/10.3.1/../../../../arm-none-eabi/lib/thumb/v7e-m+fp/hard/libc_nano.a(lib_a-strlen.o)
 .ARM.attributes
                0x0000000000000772       0x34 /Applications/STM32CubeIDE.app/Contents/Eclipse/plugins/com.st.stm32cube.ide.mcu.externaltools.gnu-tools-for-stm32.10.3-2021.10.macos64_1.0.0.202111181127/tools/bin/../lib/gcc/arm-none-eabi/10.3.1/../../../../arm-none-eabi/lib/thumb/v7e-m+fp/hard/libc_nano.a(lib_a-nano-svfprintf.o)
 .ARM.attributes
                0x00000000000007a6       0x34 /Applications/STM32CubeIDE.app/Contents/Eclipse/plugins/com.st.stm32cube.ide.mcu.externaltools.gnu-tools-for-stm32.10.3-2021.10.macos64_1.0.0.202111181127/tools/bin/../lib/gcc/arm-none-eabi/10.3.1/../../../../arm-none-eabi/lib/thumb/v7e-m+fp/hard/libc_nano.a(lib_a-nano-vfprintf_i.o)
 .ARM.attributes
                0x00000000000007da       0x1c /Applications/STM32CubeIDE.app/Contents/Eclipse/plugins/com.st.stm32cube.ide.mcu.externaltools.gnu-tools-for-stm32.10.3-2021.10.macos64_1.0.0.202111181127/tools/bin/../lib/gcc/arm-none-eabi/10.3.1/../../../../arm-none-eabi/lib/thumb/v7e-m+fp/hard/libc_nano.a(lib_a-memchr.o)
 .ARM.attributes
                0x00000000000007f6       0x34 /Applications/STM32CubeIDE.app/Contents/Eclipse/plugins/com.st.stm32cube.ide.mcu.externaltools.gnu-tools-for-stm32.10.3-2021.10.macos64_1.0.0.202111181127/tools/bin/../lib/gcc/arm-none-eabi/10.3.1/../../../../arm-none-eabi/lib/thumb/v7e-m+fp/hard/libc_nano.a(lib_a-memmove.o)
 .ARM.attributes
                0x000000000000082a       0x34 /Applications/STM32CubeIDE.app/Contents/Eclipse/plugins/com.st.stm32cube.ide.mcu.externaltools.gnu-tools-for-stm32.10.3-2021.10.macos64_1.0.0.202111181127/tools/bin/../lib/gcc/arm-none-eabi/10.3.1/../../../../arm-none-eabi/lib/thumb/v7e-m+fp/hard/libc_nano.a(lib_a-nano-freer.o)
 .ARM.attributes
                0x000000000000085e       0x34 /Applications/STM32CubeIDE.app/Contents/Eclipse/plugins/com.st.stm32cube.ide.mcu.externaltools.gnu-tools-for-stm32.10.3-2021.10.macos64_1.0.0.202111181127/tools/bin/../lib/gcc/arm-none-eabi/10.3.1/../../../../arm-none-eabi/lib/thumb/v7e-m+fp/hard/libc_nano.a(lib_a-nano-mallocr.o)
 .ARM.attributes
                0x0000000000000892       0x34 /Applications/STM32CubeIDE.app/Contents/Eclipse/plugins/com.st.stm32cube.ide.mcu.externaltools.gnu-tools-for-stm32.10.3-2021.10.macos64_1.0.0.202111181127/tools/bin/../lib/gcc/arm-none-eabi/10.3.1/../../../../arm-none-eabi/lib/thumb/v7e-m+fp/hard/libc_nano.a(lib_a-nano-reallocr.o)
 .ARM.attributes
                0x00000000000008c6       0x34 /Applications/STM32CubeIDE.app/Contents/Eclipse/plugins/com.st.stm32cube.ide.mcu.externaltools.gnu-tools-for-stm32.10.3-2021.10.macos64_1.0.0.202111181127/tools/bin/../lib/gcc/arm-none-eabi/10.3.1/../../../../arm-none-eabi/lib/thumb/v7e-m+fp/hard/libc_nano.a(lib_a-sbrkr.o)
 .ARM.attributes
                0x00000000000008fa       0x34 /Applications/STM32CubeIDE.app/Contents/Eclipse/plugins/com.st.stm32cube.ide.mcu.externaltools.gnu-tools-for-stm32.10.3-2021.10.macos64_1.0.0.202111181127/tools/bin/../lib/gcc/arm-none-eabi/10.3.1/../../../../arm-none-eabi/lib/thumb/v7e-m+fp/hard/libc_nano.a(lib_a-mlock.o)
 .ARM.attributes